Archive member included to satisfy reference by file (symbol)

C:\Users\jains\SimplicityStudio\v4_workspace\Bhishma_master\protocol\bluetooth\lib\EFR32XG13X\GCC\libbluetooth_mesh.a(bgapi.c.obj)
                              ./calendar.o (symbol from plugin) (gecko_cmd_msg_buf)
C:\Users\jains\SimplicityStudio\v4_workspace\Bhishma_master\protocol\bluetooth\lib\EFR32XG13X\GCC\libbluetooth_mesh.a(bgapi_gap.c.obj)
                              ./main.o (symbol from plugin) (sli_bt_cmd_le_gap_set_mode)
C:\Users\jains\SimplicityStudio\v4_workspace\Bhishma_master\protocol\bluetooth\lib\EFR32XG13X\GCC\libbluetooth_mesh.a(bgapi_gatt.c.obj)
                              bgapi.c.obj (symbol from plugin) (bgapi_gatt_listener)
C:\Users\jains\SimplicityStudio\v4_workspace\Bhishma_master\protocol\bluetooth\lib\EFR32XG13X\GCC\libbluetooth_mesh.a(bgapi_gatt_lib.c.obj)
                              ./main.o (symbol from plugin) (sli_bt_cmd_gatt_server_write_attribute_value)
C:\Users\jains\SimplicityStudio\v4_workspace\Bhishma_master\protocol\bluetooth\lib\EFR32XG13X\GCC\libbluetooth_mesh.a(bgapi_hardware.c.obj)
                              ./main.o (symbol from plugin) (sli_bt_cmd_hardware_set_soft_timer)
C:\Users\jains\SimplicityStudio\v4_workspace\Bhishma_master\protocol\bluetooth\lib\EFR32XG13X\GCC\libbluetooth_mesh.a(bgapi_le_connection.c.obj)
                              ./main.o (symbol from plugin) (sli_bt_cmd_le_connection_close)
C:\Users\jains\SimplicityStudio\v4_workspace\Bhishma_master\protocol\bluetooth\lib\EFR32XG13X\GCC\libbluetooth_mesh.a(bgapi_ps.c.obj)
                              ./main.o (symbol from plugin) (sli_bt_cmd_flash_ps_erase_all)
C:\Users\jains\SimplicityStudio\v4_workspace\Bhishma_master\protocol\bluetooth\lib\EFR32XG13X\GCC\libbluetooth_mesh.a(bgapi_system.c.obj)
                              ./main.o (symbol from plugin) (sli_bt_cmd_system_get_bt_address)
C:\Users\jains\SimplicityStudio\v4_workspace\Bhishma_master\protocol\bluetooth\lib\EFR32XG13X\GCC\libbluetooth_mesh.a(bgbuf.c.obj)
                              bgapi.c.obj (symbol from plugin) (bgbuf_chain_free)
C:\Users\jains\SimplicityStudio\v4_workspace\Bhishma_master\protocol\bluetooth\lib\EFR32XG13X\GCC\libbluetooth_mesh.a(bglib.c.obj)
                              ./main.o (symbol from plugin) (gecko_stack_init)
C:\Users\jains\SimplicityStudio\v4_workspace\Bhishma_master\protocol\bluetooth\lib\EFR32XG13X\GCC\libbluetooth_mesh.a(btl_interface.c.obj)
                              bgapi.c.obj (symbol from plugin) (bootloader_getInfo)
C:\Users\jains\SimplicityStudio\v4_workspace\Bhishma_master\protocol\bluetooth\lib\EFR32XG13X\GCC\libbluetooth_mesh.a(gap.c.obj)
                              bglib.c.obj (symbol from plugin) (gap_reset_state)
C:\Users\jains\SimplicityStudio\v4_workspace\Bhishma_master\protocol\bluetooth\lib\EFR32XG13X\GCC\libbluetooth_mesh.a(gap_adv.c.obj)
                              bgapi_gap.c.obj (symbol from plugin) (gap_set_advertising_timing)
C:\Users\jains\SimplicityStudio\v4_workspace\Bhishma_master\protocol\bluetooth\lib\EFR32XG13X\GCC\libbluetooth_mesh.a(gap_deprecated.c.obj)
                              bgapi_gap.c.obj (symbol from plugin) (ubt_gap_set_adv_parameters)
C:\Users\jains\SimplicityStudio\v4_workspace\Bhishma_master\protocol\bluetooth\lib\EFR32XG13X\GCC\libbluetooth_mesh.a(gap_resolver.c.obj)
                              gap.c.obj (symbol from plugin) (gap_address_resolver_step)
C:\Users\jains\SimplicityStudio\v4_workspace\Bhishma_master\protocol\bluetooth\lib\EFR32XG13X\GCC\libbluetooth_mesh.a(gap_scan.c.obj)
                              gap.c.obj (symbol from plugin) (gap_status_set_scan_packet)
C:\Users\jains\SimplicityStudio\v4_workspace\Bhishma_master\protocol\bluetooth\lib\EFR32XG13X\GCC\libbluetooth_mesh.a(gatt.c.obj)
                              gap.c.obj (symbol from plugin) (gatt_init_connection)
C:\Users\jains\SimplicityStudio\v4_workspace\Bhishma_master\protocol\bluetooth\lib\EFR32XG13X\GCC\libbluetooth_mesh.a(gatt_client.c.obj)
                              bgapi_gatt_lib.c.obj (symbol from plugin) (gatt_client_init)
C:\Users\jains\SimplicityStudio\v4_workspace\Bhishma_master\protocol\bluetooth\lib\EFR32XG13X\GCC\libbluetooth_mesh.a(gatt_db_minimal.c.obj)
                              gap_adv.c.obj (symbol from plugin) (gatt_db_handle_active)
C:\Users\jains\SimplicityStudio\v4_workspace\Bhishma_master\protocol\bluetooth\lib\EFR32XG13X\GCC\libbluetooth_mesh.a(gatt_server.c.obj)
                              gatt_db_minimal.c.obj (symbol from plugin) (gatt_server_send_attribute_value_event)
C:\Users\jains\SimplicityStudio\v4_workspace\Bhishma_master\protocol\bluetooth\lib\EFR32XG13X\GCC\libbluetooth_mesh.a(gecko_bgapi_dfu.c.obj)
                              ./main.o (symbol from plugin) (gecko_bgapi_class_dfu_init)
C:\Users\jains\SimplicityStudio\v4_workspace\Bhishma_master\protocol\bluetooth\lib\EFR32XG13X\GCC\libbluetooth_mesh.a(gecko_bgapi_endpoint.c.obj)
[...]
Memory Configuration

Name             Origin             Length             Attributes
FLASH_BOOTLOADER 0x0fe10000         0x00004000         xr
FLASH            0x00000000         0x0007f000         xr
RAM              0x20000000         0x00010000         xrw
*default*        0x00000000         0xffffffff

Linker script and memory map

LOAD c:/siliconlabs/simplicitystudio/v4/developer/toolchains/gnu_arm/7.2_2017q4/bin/../lib/gcc/arm-none-eabi/7.2.1/thumb/v7e-m/fpv4-sp/softfp/crti.o
LOAD c:/siliconlabs/simplicitystudio/v4/developer/toolchains/gnu_arm/7.2_2017q4/bin/../lib/gcc/arm-none-eabi/7.2.1/thumb/v7e-m/fpv4-sp/softfp/crtbegin.o
LOAD c:/siliconlabs/simplicitystudio/v4/developer/toolchains/gnu_arm/7.2_2017q4/bin/../lib/gcc/arm-none-eabi/7.2.1/../../../../arm-none-eabi/lib/thumb/v7e-m/fpv4-sp/softfp/crt0.o
START GROUP
LOAD C:\Users\jains\AppData\Local\Temp\cc8ar4ym.ltrans0.ltrans.o
LOAD C:\Users\jains\AppData\Local\Temp\cc8ar4ym.ltrans1.ltrans.o
LOAD C:\Users\jains\AppData\Local\Temp\cc8ar4ym.ltrans2.ltrans.o
LOAD C:\Users\jains\AppData\Local\Temp\cc8ar4ym.ltrans3.ltrans.o
LOAD C:\Users\jains\AppData\Local\Temp\cc8ar4ym.ltrans4.ltrans.o
LOAD C:\Users\jains\AppData\Local\Temp\cc8ar4ym.ltrans5.ltrans.o
LOAD C:\Users\jains\AppData\Local\Temp\cc8ar4ym.ltrans6.ltrans.o
LOAD C:\Users\jains\AppData\Local\Temp\cc8ar4ym.ltrans7.ltrans.o
LOAD C:\Users\jains\AppData\Local\Temp\cc8ar4ym.ltrans8.ltrans.o
LOAD C:\Users\jains\AppData\Local\Temp\cc8ar4ym.ltrans9.ltrans.o
LOAD C:\Users\jains\SimplicityStudio\v4_workspace\Bhishma_master\protocol\bluetooth\lib\EFR32XG13X\GCC\libcoex.a
LOAD C:\Users\jains\SimplicityStudio\v4_workspace\Bhishma_master\protocol\bluetooth\lib\EFR32XG13X\GCC\libbluetooth_mesh.a
LOAD C:\Users\jains\SimplicityStudio\v4_workspace\Bhishma_master\protocol\bluetooth\lib\EFR32XG13X\GCC\binapploader.o
LOAD c:/siliconlabs/simplicitystudio/v4/developer/toolchains/gnu_arm/7.2_2017q4/bin/../lib/gcc/arm-none-eabi/7.2.1/../../../../arm-none-eabi/lib/thumb/v7e-m/fpv4-sp/softfp\libm.a
END GROUP
START GROUP
LOAD c:/siliconlabs/simplicitystudio/v4/developer/toolchains/gnu_arm/7.2_2017q4/bin/../lib/gcc/arm-none-eabi/7.2.1/thumb/v7e-m/fpv4-sp/softfp\libgcc.a
LOAD c:/siliconlabs/simplicitystudio/v4/developer/toolchains/gnu_arm/7.2_2017q4/bin/../lib/gcc/arm-none-eabi/7.2.1/../../../../arm-none-eabi/lib/thumb/v7e-m/fpv4-sp/softfp\libc_nano.a
LOAD c:/siliconlabs/simplicitystudio/v4/developer/toolchains/gnu_arm/7.2_2017q4/bin/../lib/gcc/arm-none-eabi/7.2.1/../../../../arm-none-eabi/lib/thumb/v7e-m/fpv4-sp/softfp\libnosys.a
END GROUP
START GROUP
LOAD c:/siliconlabs/simplicitystudio/v4/developer/toolchains/gnu_arm/7.2_2017q4/bin/../lib/gcc/arm-none-eabi/7.2.1/thumb/v7e-m/fpv4-sp/softfp\libgcc.a
LOAD c:/siliconlabs/simplicitystudio/v4/developer/toolchains/gnu_arm/7.2_2017q4/bin/../lib/gcc/arm-none-eabi/7.2.1/../../../../arm-none-eabi/lib/thumb/v7e-m/fpv4-sp/softfp\libg_nano.a
LOAD c:/siliconlabs/simplicitystudio/v4/developer/toolchains/gnu_arm/7.2_2017q4/bin/../lib/gcc/arm-none-eabi/7.2.1/../../../../arm-none-eabi/lib/thumb/v7e-m/fpv4-sp/softfp\libc_nano.a
END GROUP
START GROUP
LOAD c:/siliconlabs/simplicitystudio/v4/developer/toolchains/gnu_arm/7.2_2017q4/bin/../lib/gcc/arm-none-eabi/7.2.1/thumb/v7e-m/fpv4-sp/softfp\libgcc.a
LOAD c:/siliconlabs/simplicitystudio/v4/developer/toolchains/gnu_arm/7.2_2017q4/bin/../lib/gcc/arm-none-eabi/7.2.1/../../../../arm-none-eabi/lib/thumb/v7e-m/fpv4-sp/softfp\libc_nano.a
END GROUP
LOAD c:/siliconlabs/simplicitystudio/v4/developer/toolchains/gnu_arm/7.2_2017q4/bin/../lib/gcc/arm-none-eabi/7.2.1/thumb/v7e-m/fpv4-sp/softfp/crtend.o
LOAD c:/siliconlabs/simplicitystudio/v4/developer/toolchains/gnu_arm/7.2_2017q4/bin/../lib/gcc/arm-none-eabi/7.2.1/thumb/v7e-m/fpv4-sp/softfp/crtn.o

.text_bootloader
                0x0fe10000        0x0
 *(.binbootloader*)
                0x0fe10000                . = ALIGN (0x4000)

.text_apploader
                0x00000000     0x8fc0
 *(.binapploader*)
 .binapploader  0x00000000     0x8fc0 C:\Users\jains\SimplicityStudio\v4_workspace\Bhishma_master\protocol\bluetooth\lib\EFR32XG13X\GCC\binapploader.o

.text_signature
                0x00008fc0       0x40
                0x00009000                . = ALIGN (0x800)
 *fill*         0x00008fc0       0x40 
                0x00009000                __text_start__ = .

.text_application
                0x00009000    0x399e4
 *(.vectors)
 .vectors       0x00009000       0xfc C:\Users\jains\AppData\Local\Temp\cc8ar4ym.ltrans3.ltrans.o
                0x00009000                __Vectors
                0x000090fc                __Vectors_End = .
                0x000000fc                __Vectors_Size = (__Vectors_End - __Vectors)
                0x000090fc                __end__ = .
 *(.application_properties)
 .application_properties
                0x000090fc       0x38 C:\Users\jains\AppData\Local\Temp\cc8ar4ym.ltrans6.ltrans.o
                0x000090fc                bg_application_properties
 *(.gecko_configuration)
 *(.xo_configuration)
 *(.gatt_header)
 .gatt_header   0x00009134       0x34 C:\Users\jains\AppData\Local\Temp\cc8ar4ym.ltrans8.ltrans.o
                0x00009134                bg_gattdb_data
 *(.gatt_data)
 .gatt_data     0x00009168      0x304 C:\Users\jains\AppData\Local\Temp\cc8ar4ym.ltrans8.ltrans.o
                0x00009168                bg_gattdb_data_attribute_field_34
                0x00009170                bg_gattdb_data_attribute_field_33
                0x00009178                bg_gattdb_data_attribute_field_32
                0x00009180                bg_gattdb_data_attribute_field_31
                0x00009188                bg_gattdb_data_attribute_field_29
                0x00009190                bg_gattdb_data_attribute_field_28
                0x00009198                bg_gattdb_data_attribute_field_27
                0x0000919c                bg_gattdb_data_attribute_field_26
                0x000091a4                bg_gattdb_data_attribute_field_25
                0x000091ba                bg_gattdb_data_attribute_field_24
                0x000091cc                bg_gattdb_data_attribute_field_22
                0x000091d4                bg_gattdb_data_attribute_field_21
                0x000091dc                bg_gattdb_data_attribute_field_20
                0x000091e4                bg_gattdb_data_attribute_field_19
                0x000091ec                bg_gattdb_data_attribute_field_18
                0x000091f0                bg_gattdb_data_attribute_field_16
                0x000091f8                bg_gattdb_data_attribute_field_15
                0x00009200                bg_gattdb_data_attribute_field_14
                0x00009208                bg_gattdb_data_attribute_field_13
                0x00009210                bg_gattdb_data_attribute_field_12
                0x00009214                bg_gattdb_data_attribute_field_11
                0x00009222                bg_gattdb_data_attribute_field_10
                0x0000922a                bg_gattdb_data_attribute_field_9
                0x0000922e                bg_gattdb_data_attribute_field_8
                0x00009232                bg_gattdb_data_attribute_field_7
                0x0000923c                bg_gattdb_data_attribute_field_6
                0x00009244                bg_gattdb_data_attribute_field_5
                0x0000924c                bg_gattdb_data_attribute_field_4
                0x00009250                bg_gattdb_data_attribute_field_2
                0x00009258                bg_gattdb_data_attribute_field_1
                0x00009260                bg_gattdb_data_attribute_field_0
                0x00009264                bg_gattdb_data_adv_uuid128_map
                0x00009265                bg_gattdb_data_adv_uuid16_map
                0x0000926a                bg_gattdb_data_attributes_dynamic_mapping_map
                0x0000927e                bg_gattdb_data_uuidtable_128_map
                0x0000929e                bg_gattdb_data_uuidtable_16_map
                0x000092c8                bg_gattdb_data_attributes_map
 *(.text*)
 .text          0x0000946c       0x40 c:/siliconlabs/simplicitystudio/v4/developer/toolchains/gnu_arm/7.2_2017q4/bin/../lib/gcc/arm-none-eabi/7.2.1/thumb/v7e-m/fpv4-sp/softfp/crtbegin.o
 .text          0x000094ac       0x74 c:/siliconlabs/simplicitystudio/v4/developer/toolchains/gnu_arm/7.2_2017q4/bin/../lib/gcc/arm-none-eabi/7.2.1/../../../../arm-none-eabi/lib/thumb/v7e-m/fpv4-sp/softfp/crt0.o
                0x000094ac                _mainCRTStartup
                0x000094ac                _start
 .text          0x00009520     0x58e0 C:\Users\jains\AppData\Local\Temp\cc8ar4ym.ltrans0.ltrans.o
                0x0000958e                bg_pre_sleep
                0x00009590                bg_post_wakeup
                0x000098d6                ll_llcpCallbackConnectionUpdatePreListen.lto_priv.812
                0x00009914                ll_llcpCallbackChannelMapUpdate.lto_priv.811
                0x0000998a                ll_bgbuf_callback.lto_priv.412
                0x00009d8a                ll_connAbortLlcp
                0x00009db6                ll_llcpCallbackEncryption.lto_priv.810
                0x00009e1a                ll_llcpFeatureExchange
                0x00009e54                ll_llcpSend
                0x00009f5c                ll_llcpUpdateChannelMap_sender.lto_priv.573
                0x0000a074                ll_llcpSendReject
                0x0000a0b0                ll_hciSendHCIEvent
                0x0000a0bc                ll_hciSendAdvSetTerminated.part.3
                0x0000a0f6                ll_hciSendEncryptionChange
                0x0000a126                ll_hciSendLeConnectionComplete
                0x0000a1a0                hci_command_alloc
                0x0000a1ce                hci_state_listener
                0x0000a200                hci_increase_token.lto_priv.450
                0x0000a212                handle_bgapi_output.lto_priv.568
                0x0000a288                sli_bt_cmd_handler_delegate
                0x0000a2d8                gatt_db_find_attribute_by_type
                0x0000a310                gatt_db_get_16bit_char_handle
                0x0000a3b4                gatt_db_set_data
                0x0000a540                gatt_db_get_data
                0x0000a7b0                gatt_db_user_value
                0x0000a7cc                finish_execute_write_req.lto_priv.929
                0x0000a876                gatt_db_get_char_properties
                0x0000a8bc                abort_long_write.lto_priv.458
                0x0000a8da                free_params_data.lto_priv.457
                0x0000a8e6                end_procedure.lto_priv.459
                0x0000a922                gatt_handle_write_response
                0x0000a934                gatt_handle_execute_write_response
                0x0000a96c                gatt_handle_read_by_group_type_response
                0x0000aa28                gatt_handle_find_by_type_value_response
                0x0000aada                gatt_handle_find_information_response
                0x0000ac72                send_characteristic_value_event.lto_priv.636
                0x0000ace4                gatt_handle_read_multiple_response
                0x0000adac                gatt_handle_read_blob_response
                0x0000ade2                gatt_handle_read_response
                0x0000aec4                gatt_handle_read_by_type_response
                0x0000b0dc                gatt_get_next_connection
                0x0000b104                gatt_get_connection
                0x0000b110                gatt_start_procedure_timeout_timer
                0x0000b11c                send_notification.lto_priv.928
                0x0000b1c6                gatt_server_report_gattdb_change
                0x0000b400                send_gatt_mtu_exchanged_event
                0x0000b42a                ubt_gap_get_identity_address
                0x0000b448                ll_llcpLinkLost
                0x0000b57c                ll_llcpSendLengthReq
                0x0000b620                ll_llcpHandleFeatureReq.lto_priv.849
                0x0000b67c                ll_llcpHandlePacketCommon
                0x0000b99c                ll_hciSendNumberOfCompletedPackets
                0x0000ba48                ll_hciHandleCommand
                0x0000cb90                hci_send_acl
                0x0000cccc                l2cap_message_handler
                0x0000cd00                l2cap_send_fixed_channel
                0x0000cd42                hci_send_command
                0x0000cd7c                hci_le_ltk_reply
                0x0000cdc6                hci_le_start_encryption
                0x0000ced8                hci_close_acl
                0x0000d214                ubt_gap_set_le_mode
                0x0000d658                ubt_gap_set_adv_data
                0x0000d72c                gap_connection_complete.part.11
                0x0000ec44                gap_listener
 .text.unlikely
                0x0000ee00      0x398 C:\Users\jains\AppData\Local\Temp\cc8ar4ym.ltrans0.ltrans.o
 .text          0x0000f198     0x6cf8 C:\Users\jains\AppData\Local\Temp\cc8ar4ym.ltrans1.ltrans.o
                0x0000f198                s0f162da1e6a3decc61507ebe76a98a73dbc69631290d76a2cd0d8030911e07bc
                0x0000f2dc                s9a038438b96a59eed64aababe6ec97f449cc898c03ab04d2c74a7f7c4bbc2e05.lto_priv.725
                0x0000f304                sb1a644a1e5843c08107db7f44e6f6de3f416b6088213276810b83cc983817266.lto_priv.753
                0x0000f8e4                sdccd8c01e9babaa0e0963c0cd2274195d601e2d214eb7259e96764e325fe3511.lto_priv.755
                0x0000f91c                scfcbe62bc55fcce451bccf3797d7dd6dc6d553185d251f936804143b1296dfa2.lto_priv.754
                0x0000f944                sbb4eec507b5a168ec8b28c986c2ee29204eaeed558feabb5babca62ee289846c.lto_priv.752
                0x0000fb50                _mesh_foundation_send_byte_array_impl
                0x0000fc04                s5a9ea35d33bf4ab8bcc7b6e7fcb5fcbcbf57fec60faa44fcbcca7ecee176e1a9
                0x0000fc7c                s064b9ebe14234db4a190f16cc9cf7bcb5f5784a2d9c4eacc4d1ad7e5af0148df.lto_priv.765
                0x0000fca4                s0c21d9c58eaf8c6fa188d6a57f53e2f862fe7079b5332d18aa8911137c359cf4
                0x0000fec0                se63787913999295d3840ffda1c593788a4602db3059ec1a85a9aadadb3435d5f
                0x0000fed2                s859685f3bb9cd4a78eb6cc50812d921e8f4bcb7ee9fecccb6c5b446b54795a28
                0x0000ff2a                s374883e05db0975f279acd0c8a7bd3843a3fdaa58062202d513dfaab3dfccf9b
                0x0000ff5e                sb687b9f58812454f1c13f6036a5c63f36284b9e88ca9ad887c426990f7110dc0
                0x0000ffba                sbd8d750ca7f3c236d340c1eaec8486d971fb17a5c4354f20d8dfef33ab592bbf.lto_priv.483
                0x0000ffcc                s50634a7bc4f75d381180e45dbba85383bd69c706f2da09f32bcd83277bcdb9b7.part.21
                0x0001014c                s5b1748ad1dc9a094278a70ed0e64dbea6aed97ce55e1be117a5fe3cee4600ae6
                0x00010658                sc4c6a823f842d1814601d4202e4663eec22f1c956512ebca334bacebd269355b.lto_priv.553
                0x00010674                s7106f745c102199fe27f21960295fdb4457a22b491cfa616eb470481f7a9fe98.lto_priv.674
                0x000108b0                s9f68a26d035d1f514a015a273071c91891899c1e9d01919edc19081ead2e6093.lto_priv.649
                0x000108d0                sc1ba439c94aa9693f7b611877a2f066f5e83b256029e30df009fc20d45c324a3.lto_priv.634
                0x00010924                s2bd23c8fceacb806d93b517200516653f75b899c45b63f4c5072c942834cc226
                0x0001094e                s4942a71b887c9604bea622a56e8b8e7c6834c4b6cd7a90bc47610d8ff0b93624
                0x00010958                scb28c1f42ed39204eaf76b33514208eb84e19d5454a84bc9ef7bbc97bb22b3ec
                0x00010ba0                se2dfec209fa446700a33541d6c1bb13dfaa01e1e866573701ba5f9140c7a7c00.lto_priv.645
                0x00010cd0                s76cb0009c38d97748c40fb80af8eb69e087d975dcb9e945047195ce1b5cf8e07
                0x00010dc4                s4486de96d7f76e2a57775d4e0eb83bdaf4745d1d303f0d4421d3c0b20a527fcc.lto_priv.683.lto_priv.770
                0x00011000                s4fdd739175590387efed4a3fce66a1bca4f17b519a444ac1b9e275fe54fae31a
                0x0001101c                s79558a2aefdf9c28e56d0fab6e02360b174da1e51d40a35761c4d4f3855183b9
                0x00011040                s88e74df6d693c3d7072d1fe7fe4d86667f9069cbeff5f446a6304df81426420e
                0x000110a0                sb2b9c601cc46226b5bb2932854316060b0f4ecbc09e3ac85b0759af8fd5e17e5.lto_priv.767
                0x00011168                sf36d8d780fc95f18233d37fe7ff1d263ff5779c7cbee229dc67fa00d04dcf0aa
                0x00011210                s09c27f1dcf1aa2f8cd58408797518d3afd58b33f4e6e6c4b2454fb1500044f00
                0x0001124c                s6511bdaeedecfe11658fc89b4e16b5429bdfd823fd9bc082d860b1649aba5995
                0x00011290                sf745b9eddd638232923ca3229e88cacaacf2aafa74770371da5c4d5d60daf09b
                0x000112b8                s59dfc794530d0975de1f2f53f94b104bcbf320c923927523ab8443b14be389a0.lto_priv.466
                0x000112d4                s1967a7a229d4ae623378a9646807f65cda9f7cf1ffb8836775a7d0099c309343.lto_priv.482
                0x000112f8                s3090f14c3265652bdeef45fd059dd45b630cfd2e384a89d274e91ccf2eee559c.lto_priv.647
                0x00011634                s5cbf039156296d6c2bb8d0c0604e837c75f1723762aba8a1c8166c00fa15a638
                0x000117a0                sf90d2887feef3a4a8d4e1b316a3e9051c43223adb50eb29376cbb470e38beee5.lto_priv.682
                0x000118e8                sd0a94330b4a104a8b342e6aa42697660429b35303c23dc8cbf35eebd6849be4b
                0x00011d74                s5684044cf5175a8b740cd2961a53a120b7e3f5ed816134bb06f946cf9d956db9
                0x00012124                sb4cbcfb27a049a42f8c328b3b32e31225fa58acd8fa1fbd156c1086204d42f54
                0x0001219c                sfeca3019580bba44eb2c246c8ae0017167eca8528fe01c05a5279c48437c4180.lto_priv.756
                0x0001231c                sa03d0b469bac1de825e65e5240dff1e6682267dbae50d14bf525c5f838fb31fa
                0x000123ae                s61e8044af69aa24a7b2ee8b8b10d9f667017fa329e84958144542c19b7f4fbc7.lto_priv.724
 .text.unlikely
                0x00015e90      0x24c C:\Users\jains\AppData\Local\Temp\cc8ar4ym.ltrans1.ltrans.o
                0x00016040                s21837a89709527f76a22b50cacde2eeb23f009585933d94c497d12b51fb631f8
                0x0001607c                s13c87fcd1e7b3daa26d5cd11518ed7984adeafe4dfd73084375b248b53f47225
                0x000160b6                s6e0b82721891021f166f3779383940d1ce408eff5bb1cec4e2e615bf8a262f55
 *fill*         0x000160dc        0x4 
 .text          0x000160e0     0x5c00 C:\Users\jains\AppData\Local\Temp\cc8ar4ym.ltrans2.ltrans.o
                0x000161d8                PRORTC_IRQHandler
                0x000161e8                RFSENSE_IRQHandler
                0x000161ea                getMultiTimer.lto_priv.841
                0x000161ee                isMultiTimerExpired.lto_priv.840
                0x000161f2                cancelMultiTimer.lto_priv.838
                0x000161f6                isMultiTimerRunning.lto_priv.839
                0x000161fa                setMultiTimer.lto_priv.837
                0x000161fe                RFHAL_IsTimerRunning
                0x00016210                RFHAL_IsTimerExpired
                0x0001622c                RFHAL_GetTimer
                0x00016238                eventDefault.lto_priv.823
                0x0001623a                radioConfigChangedDefault.lto_priv.497
                0x0001623c                BG_PRORTC_IRQHandler
                0x0001661c                sli_bt_cmd_mesh_generic_server_update
                0x000166cc                sli_bt_cmd_mesh_generic_server_response
                0x000167e8                sli_bt_cmd_mesh_generic_client_init
                0x000168b0                s3a41d548aa29d3c66fb789961631ac654dcebb97302223d310cca14354ddd4c7.lto_priv.913
                0x000168b2                s392d549afc178c0d7a5681ebd5332cd1899f8a76570c5c04b5025b656c20919c.lto_priv.914
                0x00016a2c                sli_bt_cmd_mesh_friend_init
                0x00016dc0                RAIL_YieldRadio
                0x00016dc0                sadcce125ea06a56598bf5531bb2bd6ef2e35b70e36c6df900b22d9725449e0ff.lto_priv.688
                0x00016dc2                s844e130eaf59c234323483d1ed2d7e4eac229699dddddbc676540aac1d910e67.lto_priv.707
                0x00016df4                s480ac227317e9472652e63db98925c8451e2935be8aaf0d2832e9fe416021cb3.lto_priv.689
                0x00016e94                sd54acc24b17f4efd13d9810707759fa576ca72002bf82017a21ba6eba12364d8.lto_priv.705
                0x00016ee4                sli_bt_cmd_mesh_node_start_unprov_beaconing
                0x00017128                gecko_bgapi_class_mesh_proxy_client_init
                0x00017180                header_invalid
                0x0001719e                crc32_calc.lto_priv.452
                0x000171cc                find_obj
                0x00017228                flash_write_u32.lto_priv.843
                0x000172e8                erase_db
                0x00017318                TIMING_NsToStimerTickCalc.lto_priv.855
                0x00017344                TIMING_Recalculate.lto_priv.596
                0x00017538                SYNTH_DCDCRetimeClkSet
                0x000175a4                SYNTH_LoDivGet
                0x000175c4                RTCCSYNC_RTCCClockFreqGet.lto_priv.931
                0x00017608                RFHAL_GetBitRate
                0x000176cc                RFHAL_GetRadioState
                0x00017714                isTransitionState.lto_priv.857
                0x00017726                RFHAL_BLEPreambleSyncWordSet
                0x0001776c                RFHAL_IsBleLongRangeEnabled
                0x00017784                RFHAL_WriteTxFifo
                0x000177e4                RAIL_ConvertDbmToRaw
                0x000178d0                uuid_to_handle
                0x00017934                timer_get_time
                0x0001795c                s0d57dc395e34022e15c3a34e12696e930b9ccdd4c9664ef73981532014d8df06.lto_priv.706
                0x00017bf4                store_write
                0x00017e7c                RFRAND_GetRadioEntropy
                0x00018200                RFHAL_CancelTimer
                0x00018248                RFHAL_SetTimer
                0x000182d0                RFHAL_NotifyUserOfIrCal.lto_priv.854
                0x00018368                sli_bt_cmd_mesh_node_init_oob
                0x00019b48                RAILInt_SetChannel
                0x00019d1c                RAILCore_ScheduleRx
                0x00019ec8                RFHAL_SetTxPower
                0x00019f02                RAILCore_ConfigChannels
                0x00019f48                GENERIC_PHY_EventCallback
                0x0001a14c                smp_state_slave_idle.lto_priv.801
                0x0001a710                smp_handle_generic.lto_priv.842
                0x0001a874                smp_state_slave_wait_encryption.lto_priv.802
                0x0001b9f0                smp_state_master_pairing_req_sent.lto_priv.799
 .text.unlikely
                0x0001bce0       0x34 C:\Users\jains\AppData\Local\Temp\cc8ar4ym.ltrans2.ltrans.o
                0x0001bce0                s91551e1e8c0856616a3b90e8f22a72c3d4bc5b34c370d87e233cc7f25a2131d2
 .text          0x0001bd14     0x62f4 C:\Users\jains\AppData\Local\Temp\cc8ar4ym.ltrans3.ltrans.o
                0x0001bd14                SYNTH_IRQHandler
                0x0001bd24                GENERIC_PHY_RxOverflowHook.lto_priv.824
                0x0001c04c                AGC_IRQHandler
                0x0001c094                RAC_RSM_IRQHandler
                0x0001c140                ll_dtmTaskHandler
                0x0001c6a8                ccm_ctx_alloc.lto_priv.444
                0x0001c6c0                ccm_aes_setkey_wrap.lto_priv.443
                0x0001c6c4                ccm_ctx_free.lto_priv.445
                0x0001c6d6                bgapi_test_lib_msg_handler
                0x0001c720                PA_SetRampTime
                0x0001c83c                PA_SetPowerLevel
                0x0001c970                GENERIC_PHY_SeqAtomicLock
                0x0001c9b0                GENERIC_PHY_PacketTxCommon
                0x0001c9f0                BUFC_WriteBuffer
                0x0001ca9c                ll_linkGetWindowWidening
                0x0001caf0                ll_connEncDataToBuffer
                0x0001cb18                ll_connEncBufferToData
                0x0001cb44                ll_connValidateParams
                0x0001cb7e                ll_connUpdateMaxPacketLengths
                0x0001cbec                ll_connGetHandleByConn
                0x0001cc18                ll_connGetByHandle
                0x0001cc40                bg_bit_clr_exclusive.lto_priv.578.lto_priv.850
                0x0001cc40                bg_bit_clr_exclusive.lto_priv.576.lto_priv.860
                0x0001cc40                bg_bit_clr_exclusive.lto_priv.580.lto_priv.848
                0x0001cc40                bg_bit_clr_exclusive.lto_priv.579.lto_priv.852
                0x0001cc40                bg_bit_clr_exclusive.lto_priv.577.lto_priv.847
                0x0001cc40                bg_bit_clr_exclusive.lto_priv.581.lto_priv.845
                0x0001cc52                bg_bit_set_exclusive.lto_priv.454.lto_priv.455
                0x0001cc52                bg_bit_set_exclusive.lto_priv.585.lto_priv.844
                0x0001cc52                bg_bit_set_exclusive.lto_priv.453.lto_priv.494
                0x0001cc52                bg_bit_set_exclusive.lto_priv.587.lto_priv.846
                0x0001cc52                bg_bit_set_exclusive.lto_priv.584.lto_priv.853
                0x0001cc52                bg_bit_set_exclusive.lto_priv.582.lto_priv.859
                0x0001cc52                bg_bit_set_exclusive.lto_priv.583.lto_priv.856
                0x0001cc62                ll_connEncryptionConnectionInit
                0x0001cc98                ll_connRaiseEvents
                0x0001d2cc                ll_channelmapUpdate
                0x0001d346                ll_connInitNew
                0x0001d528                ll_channelmapUsedChannels
                0x0001d550                ll_channelmapGetChannelMap
                0x0001d568                ll_connUpdatedChannelClassification
                0x0001d5d0                ll_advExtUpdateChannelMap
                0x0001d5f0                ll_advGetByHandle
                0x0001d638                scan_getRadioPhy.lto_priv.851
                0x0001d638                adv_getRadioPhy.lto_priv.881
                0x0001d64c                mbedtls_mpi_init
                0x0001d65a                mbedtls_ecp_point_init.part.5
                0x0001d672                crypto_management_release
                0x0001d6a8                mbedtls_aes_init.part.3
                0x0001d6b0                aes_ctx_free.lto_priv.442
                0x0001d6c4                aes_ctx_alloc.lto_priv.441
                0x0001d6d8                mbedtls_aes_setkey_enc
                0x0001d714                aes_setkey_enc_wrap.lto_priv.439
                0x0001d716                mbedtls_cipher_update
                0x0001d7b8                mbedtls_cipher_cmac_update
                0x0001d880                mbedtls_cipher_setup
                0x0001d8b4                bondingdb_find_by_data.part.2
                0x0001d90c                ubt_sm_get_bond_data
                0x0001d93c                bgapi_sm_listener.lto_priv.916
                0x0001da04                ubt_sm_set_bond_data
                0x0001da32                set_change_awareness
                0x0001da4c                set_client_features
                0x0001da8a                ubt_sm_delete_bonding
                0x0001db44                bondingdb_count_bonds
                0x0001db5c                ubt_sm_alloc_bond
                0x0001dc44                mbedtls_mpi_cmp_mpi
                0x0001dcc4                mbedtls_mpi_cmp_int
                0x0001dcde                mbedtls_mpi_bitlen
                0x0001dd1e                mbedtls_mpi_grow
                0x0001ddfe                mbedtls_mpi_lset
                0x0001de26                mbedtls_mpi_shift_r
                0x0001df08                mbedtls_mpi_free
                0x0001df34                mbedtls_ecp_point_free.part.8
                0x0001df4e                mbedtls_ecp_point_free
                0x0001df54                mbedtls_mpi_read_binary
                0x0001dfba                mbedtls_mpi_copy
                0x0001e00e                mbedtls_ecp_copy
                0x0001e038                mbedtls_mpi_mul_mpi
                0x0001e71c                ecp_mod_p256.lto_priv.408
                0x0001eca6                mbedtls_mpi_sub_mpi
                0x0001f0c6                ecp_modp.lto_priv.465
                0x0001f14c                mbedtls_ecp_check_pubkey
                0x0001f2e0                bg_pool_free
                0x0001f2f8                bg_pool_alloc
                0x0001f314                bg_message_run
                0x0001f3ac                bg_message_call
                0x0001f3da                ll_connFree
                0x0001f430                ll_advTaskStopHandle
                0x0001f718                ll_advExtTaskHandlerWaitTx
                0x0001f974                ll_advTaskHandlerWaitTx
                0x0001fa98                ll_connAlloc
                0x0001faf4                ll_advUpdateMaxEventLength
                0x0001fbf4                GENERIC_PHY_EnableRadioIrqs.lto_priv.774
                0x0001fc28                GENERIC_PHY_DisableRadioIrqs.lto_priv.776
                0x0001fcd8                GENERIC_PHY_ConfigureInterrupts.lto_priv.775
                0x0001fe68                GENERIC_PHY_ClearPendedRxWindowEnd.lto_priv.772
                0x0001fec0                RADIO_RACRxAbort.lto_priv.451
                0x0001fef8                BUFC_RxBufferReset
                0x0001ff4c                GENERIC_PHY_ResetRxFifo
                0x0001ff7c                FRC_IRQHandler
                0x000206a0                FRC_PRI_IRQHandler
                0x000206a2                MODEM_IRQHandler
                0x000206a4                RAC_SEQ_IRQHandler
                0x000206a6                PROTIMER_IRQHandler
                0x000206a8                BUFC_IRQHandler
                0x000206aa                GENERIC_PHY_RadioIdle
                0x0002081c                crypto_management_release_preemption
                0x00020c70                ll_connSendData
                0x00020e18                ll_connEnableDataFlow
                0x00020e3e                ll_connEncryptionFail
                0x00021034                aes_crypt_ctr_wrap.lto_priv.438
                0x00021078                bg_random_get_data
                0x000210f4                mbedtls_aes_crypt_ecb
                0x00021198                ll_connEncryptionSetSessionKey
                0x00021230                aes_crypt_ecb_wrap.lto_priv.437
                0x00021232                aes_setkey_dec_wrap.lto_priv.440
                0x000212e0                ecp_double_jac.lto_priv.462
                0x000218ba                ecp_add_mixed.lto_priv.464
                0x00021e6c                mbedtls_ecp_group_free
                0x00021eca                mbedtls_cipher_cmac_finish
                0x00021fd8                mbedtls_cipher_free
 .text.unlikely
                0x00022008      0x934 C:\Users\jains\AppData\Local\Temp\cc8ar4ym.ltrans3.ltrans.o
                0x00022008                fill_buffer_byte.lto_priv.878
                0x00022030                mbedtls_mpi_safe_cond_assign
                0x00022098                ecp_safe_invert_jac.lto_priv.460
                0x0002247a                ecp_normalize_jac.lto_priv.461
                0x00022548                ecp_normalize_jac_many.lto_priv.463
 .text          0x0002293c     0x5cac C:\Users\jains\AppData\Local\Temp\cc8ar4ym.ltrans4.ltrans.o
                0x00022990                s811283eda8925aa908a29c0fb184c1693eb6e29d68029a5072949c207b4f7cb8.lto_priv.544
                0x000229f0                s203c11a0e296da6702f974aa7096ebe966ea61a0ec7b70ba6d359e8bda6a59aa.lto_priv.760
                0x00022a54                s64ec19537b527aa778a6ec009b06ebbe07b609befdc684ca07977921956276c2.lto_priv.759
                0x00022a84                s005973216bcb99fc86eb4ed314903a24bab65fe7bae1a6fa154d0eaba59507a5
                0x00022a94                s4c268cfa430be076f01d3337cf775803e8667b3264b47e79ced2d2262a4a020e
                0x00022a9e                att_gatt_client_handler
                0x00022e08                s3aac575e28da0d7964dad5ad5d6c85d4997f65b29590a405fb0f8c020dbac66b
                0x00022e94                s7fa5a335c460b33b60b9bf12f950cf0b87e4e5e1581f6561812f2a67a6b3815f
                0x00022f52                s5a9f6f074040ce74d93e3f684d76bca764d82305f4061ed5d88dfbc6574b4486
                0x00023074                s4ed80eb4c9e0990d91d711f47158efeab22935dcfb71e38ba6c10e05aa9130e1
                0x00023700                s3b8af17dc1984bef9dfe136fe6f6903d953c7650b2c9af7638a9d6517266c96a.lto_priv.416
                0x0002372c                s49a5aef00ed35d07789c1a79de9e63fc357b634005e3f893e064f4a74e900002.lto_priv.762
                0x00023730                sc1caa8d631e234034408bfda5382abeb136472432d5432eb4abfc0f4c4b28078
                0x00023734                s89514f25042a56d1f6d876f640c2de839850d5baeae349e3d922d77a14be4872
                0x000237c8                s15a8e3b6fcc9da0cc72a5c562b5f743a4f4be5adc234b47cf314c1a381c4b9b4.lto_priv.761
                0x00023814                s7511782b6bff733265fdc80150f483bb1a5d0f42f56c21cff7ea617278ca4bb0.lto_priv.757
                0x00023888                s1e6876ced0d548b56d377ef41dc0f3f0b12b41ce6a9494dc8c35c87e8e3b22d7.lto_priv.763
                0x00023916                sa36264136eaef7bbdc807fb560b6eda803241d39164a2730557470734ef84f43.lto_priv.764
                0x0002397c                s8681d0293da3d4e9319e50b9d093b5eed863ee1d4c03d481b4634a636ecc899a.lto_priv.758
                0x000239d2                s5eaf0a4d55384ca30b34cc0178a6627cd3fe69363781b6501a2ed94a913b41b8
                0x00023a3a                sb47086f14594f6caded27a255af32ba67b6ff06067a6dd6a322c4ff5f282e215
                0x00023a80                s0bf263814e8bf4e1110c8681e3324ae8f04bd13d39bdd85f6ca1eac5cae2ab1e
                0x00023af0                sa9cdbf1c2f0abaddb8437928276edfa6a082ed7bc09c9a43fb34626888d3f8bb.lto_priv.414
                0x00023b5c                bg_message_remove_receivers
                0x00023b90                bg_message_remove_receiver
                0x00023bc6                bg_message_send_later_alloc_pool
                0x00023c5c                bg_message_free
                0x00023c86                bg_message_cancel_matching
                0x00023cdc                bg_message_cancel
                0x00023ce2                bg_message_send_later.lto_priv.622.lto_priv.797
                0x00023ce2                bg_message_send_later.lto_priv.624.lto_priv.783
                0x00023ce2                bg_message_send_later.lto_priv.623.lto_priv.883
                0x00023cf6                bg_message_send
                0x00023d2a                bg_malloc
                0x00023d48                bg_message_add_receiver
                0x00023d6c                bg_zalloc
                0x00023d84                bg_event_allocate
                0x00023dac                bg_bit_popcount
                0x00023dd2                att_buf_send
                0x00023ddc                att_send_pdu
                0x00023de8                att_send_prepare_write_request
                0x00023e94                att_alloc_pdu_copy_data
                0x00023ece                att_alloc_buf
                0x00023ee6                att_alloc_pdu
                0x00023ef6                att_send_execute_write_request
                0x00023f12                att_send_find_information_request
                0x00023f36                att_send_execute_write_response
                0x00023f50                att_send_write_response
                0x00023f6a                att_send_error_response
                0x00023f90                acl_find_by_addr
                0x00023fc0                acl_find_by_index
                0x00023fd4                acl_find_by_hci_handle
                0x00023fe8                acl_release_
                0x00024088                s0c83dbf80cd6ed3a3e9ae223b4683f746e30fffdf1211b02f02c0492bfee977d
                0x00024170                sde1a9ba2693b3ad6aac10ee8b861b8b7d7cd04179ce6c38a709765b6792f2330
                0x000241a4                s6d380183df0b781240090db6d22dec74d362caf943d3f86b6a7a8dec2b7beb1e
                0x00024200                se27ffd4e335c1b287068f894ab12cd726a9f6a2615712701a687f5fd281d4cff
                0x00024226                s209982b582be70cf7990f9b873281f2e890fc861caea8609036859f4f0205138
                0x00024350                s400811aa0cd11c4cb41e52ce55495c20a1bbba83da63015ee4f93f619f033e7b
                0x00024398                s3af4da5ae226a5fafe91e81ba2c31fb669ea28b51513723d8faa1123a21ee5d1
                0x000243e0                s1f40accdd736e425e48d817527fb227caae2b320c9f97e70010bfc8cfe92324a
                0x00024704                s01772fb76dbed7b3183333f0ce6d75f7231a12170ebba267e48e2c10a6f03513.part.6
                0x00024754                sb1a0f761cc5f42b2788cab3ad9ca54ac472c702ee6f9d32aa9b48379c26abce8
                0x00024782                s78100db7be33e72f198dd455e36a69667451e1481a8917036bb90e7f7efa52a0
                0x0002481a                sb13f131771b26c25ba0fe8c84354089a2bb045683557277aba9ec535f6236b07.part.1
                0x00024b06                se527918f4c901aeb7216061e2ab885f1e1cff68b74e80ce6403486bd4f3b8099
                0x00024b40                s97afb8527847f11a55577e950df24069f7e5a5b7f4ceff80ab51e912f6dab521
                0x00024bf2                sa7f5314f00bfcc4521a7d1b365a6b91c07974c97dd4da76ba113d6e86800e261
                0x00024c64                s5f5c3c304aac6756cdf41d57d95d8bc3ea5739f23dfff6bb027f9a2c284c4388
                0x00024caa                sb67c72a8d289d4ba6fed3c33dec3e7e8b61af4dd0b87c24de750f5f7d271693c
                0x00024d5c                s3de5170f4552a3c69475eaf4560185b592e86ecaa1683d7edd54757fdc76e33f
                0x00024db6                s68a2e0afa498fcd2704fb14ae53ceeb80b149f4e726c3ffc6d2123e5cbe977d2.part.1.lto_priv.559
                0x00024de4                sde778c787f98f879fb24013e79bf2879330a17453cb0da1321a8695b37de5995.lto_priv.477
                0x00024e40                sa9fa4419e9b98f124930888065baf4e06b65a8189054d093682a52abbff1d8e7.lto_priv.564
                0x00024e60                sc96c8ee327dbf4788de6c825351bb9921e20a75bff30be820055db7982e78ac4.lto_priv.557
                0x00024e84                s0954221c1a9f9708187a6b78840c6ef452f586287a276713ec25353eb8f9406a.lto_priv.558
                0x00024eb4                sd09e90db062aba7a485b818a8b8292be87b116a80119968fb7e55f47408b4cf8.lto_priv.563
                0x00024f74                sefadbf67c58fb46c289d1ab9c5d80dc12486d7cee315da1c8833f928991bae32
                0x00024fa4                s47d58c22dd520fdc4819aa8b4ba43c5e1bd5085d1d507c1ccc868cc96765a39d.lto_priv.555
                0x00024fc4                sc2b085198caad59532be00573ea274b95b652e05e20fa402ef9cfc32006f16c5
                0x00025034                sd781d953cd4f054f4e694d937d5dc29ebbf7f8922d52a3e9252aba27db72d3c9
                0x0002504c                sb3ab9401e541618ef9464dc9dc279a39fe8a98408c8627c4657039eaab26f0de
                0x00025090                s8987b89eb8d003cb3c46e146f226893cd7d4dc045215a206c1aa1d49e810f691
                0x000250cc                s1050f3816948dec04ec1c09d009193abb842d1939e7d5426d2d4a9c153fa19e4
                0x000250fc                sb0a0e7dcc0aff66940393115d537bebc9e159573c855ec5411edbeb12839bac0
                0x00025118                se98db4dd27ee87b19a138a390e62f7893fe203dbb85bab88a77cc8b8a614fb8f.lto_priv.561
                0x00025148                s2e706f4c17d4ea23e81bf66fdff240bb90fd55d0186c6d1eda5cbcb22504ad5e.lto_priv.562
                0x00025214                sfc184ab84ea5e9956e3f0cb94dc3ae7f61c042516f939e8654763716d14a7a81
                0x00025240                s1902c353513a46e4cd63cc1f67ad9b3ed6b03db525594ff1190d66187c988aaa.lto_priv.701
                0x0002529c                s31b72b6e17f66a75028f13e3b569068eab7b7f76390102ba2f9865df1577ae62
                0x000252d8                se263be2a0b7c61240fd9e57a89877d3f5530a3065eb9518d2e80626d679449e1
                0x00025314                s84476a5ffe0e3f078d3c5923082966062475e23dfc77615bda3b57b3a777eb53.lto_priv.545
                0x00025350                sbf2ac1065610d3d5d84bda651927927d88cb7a9e0ca536e5fd8e2941ebe14da2
                0x000253c8                se2ac50849b88f78cfc22b491336fffca4e4fd919eda671a79ff653737fdaeee5
                0x00025438                s59fda895212499eb341894a754b6a8799cd070e09c2bea080538c1a9504b52d5
                0x00025528                s0a1bfc2a0c5d787842e86cdcb14f277dd1cacdc8dd398d0d81fe73935d236f0b
                0x00025540                secc6bf91f48f6e16151fd077159682ea379e98faa6c2e6e80454c04fb3c507d4
                0x0002558c                sbd8afb566a1ea086ff1907750150be7937a659173c463521c9436e71ff28a4ae
                0x00025610                s3203fca0711eb4bb0e37e1b5de1351d8a1e0d233ce6341ea972f92c06fe48f3e
                0x0002565c                s15c3aa335e4014577105e5f7ac7d6df0d79f2fc33405a5c6dc0a2a3b1c4da159
                0x0002569c                s187bcaadfa1d4bd2089d46791a381f7ca2a439c4c30cfa85d232cfc3df36bdd9.lto_priv.556
                0x0002572c                sb60ae40d295f456443d07c2a32c37c5a0e63f7321cd92bf5ac322a4d3a78b530
                0x00025778                s8633ed229e1c84f4429ddba42c890c6191d9c432c0e6a84977fc4264d4c644fc
                0x000257d4                sd9986e35a85516bf26ff6b1218cf202e6f1172c3527907ac829ee61275658a4a
                0x00025828                sfc9cd36a1bbb920521ea04ce8c64ab351e3bc801eff8f04e8bc97e393a4dba42
                0x00025848                saad99ac0ad18b3524a4f97ecdae7c27474b69cf8f9a5152e1dca53104d5872f6
                0x00025b54                sccc159e0818bc3416cf5ea5e03b2db05ae2a5f61d3e670403df7b3380971840b
                0x00025be4                s53d65179ce58217b8dbbda4d6a962b325730c74ab87b5d6e6462a55cdc28bc31
                0x00025c04                s7d71c9802e3958162b5fdd55fa253c867fa29d2fb4c4ba23cdcbc795d5c42be2
                0x00025c58                s4e7adfb85a0516b47aa7b4d1a2c14f2ebff439c70cb5c934109625c077ca51a3.lto_priv.554
                0x00025ca0                sfba4a69959f432b6a16997869735d5345a408c9f4f869c7678226c11563073aa.lto_priv.768
                0x00025d94                s2d25e67a1dff175339e8a52a5bfc7f39aefdd0e3e7af7e01f51a5a6470bd83cf
                0x00025eb0                s18ca20e6edd7b1dafa111ed259e869b324c456749ccf13e15a084847d5bff424
                0x00025fac                s90457651413029d1b805c9791502f80dad2bc331f03b9db5ed195366407d1399.lto_priv.771
                0x00026010                sa9857b5d797c92bedc6af155e7303a2b28fe0c67080bd8d007b028484be03fe0
                0x00026040                s97883586fbc16cac6a15bf423cb4894369f84caca35876f6be3e2698e78f4cb8
                0x00026070                sefcf855296e3ebeb40461302ec77153dbc14d8b7343459d104494c055f36f37a
                0x000260ec                sc0bbe4f47f33af52dada84dab2be3fc53ee775c69299aff02a8271f1c942b4fb.lto_priv.704
                0x0002611c                sdae12e034c336a2007efc5ff5da68577c816387d0e5e9ac4bc409b4dd2ae493f
                0x000261b4                s6595fbcfaef90445a8a7fe8b1058808e3c4bf4a91e1235f3abbf289f9d80551a
                0x000261e0                s0c6bfff49a261ea18faf7e5beb1c85f478315014f2a74981dcb05064c886f467
                0x000263f0                sfccfa04b675878208b0bdd7c5ae9bb6285224f7f9545ce4640a144450783d728
                0x000264dc                sc61fcdde71e46892d60e95ecb0602537c22b68b895619f4a46516071c6966c2b
                0x000266b0                sf18520a544a8bfb6e33c5f6b7b9192c354f1134662a3cab32accef9a53a74ea9
                0x0002687c                s7ba794e11b8949de9e5275129b4ba633ce9f1faf54f25f6e280481b07fab0490
                0x00026a9c                s13cabea84cbad62e2df1cf6ba1004329592d58650d6092e7d5d09b34d629a011
                0x00026b94                s55aa115f5304976b41d66a7ca64ddfff017dc83836a40847cf51b17a7c642872
                0x00026e1c                s71ef9039c4f0980b7703ce018af82d8ee850b8e5ea3e323100ec94940da324e0.lto_priv.415
                0x000270d4                s29429ac4445a8672f9894f8cb9e80d8079c3fd3b99c5a5a98ab30c5076ab5dbc
                0x0002714a                s1cbe3fe16558876dc5e8411c6e00e76e73d0dc824929cdfa88bb3c699cc6be52
                0x000271fa                sdea61585e18ca5ec2653cd57eba0f5f5cb260711df5713dc02714c82ca8cfa1f
                0x0002732c                sb01c0c6b5f7fad080c3b853b80a384592a7c04f998589695044f39b9dd8cc496
                0x000273d4                sbdab0a659a16ba137b7d899db62f0b250227ca35db821e3eae0ad86b6f52ca17
                0x000274a8                sdae43e33b155587c01dcd99a12efa714bd1bea37c2e312cdcf6f5d3015940365
                0x0002755c                s52a958eed992c5285bed4345ee3d727bb229196b3be3728a0283b14bea5bbfac
 .text.unlikely
                0x000285e8      0x294 C:\Users\jains\AppData\Local\Temp\cc8ar4ym.ltrans4.ltrans.o
                0x000285e8                sb757ea2164791fd86a5ee7def8113152704c255e6fc33d18b31fd6b63f0e7dfb.lto_priv.694
                0x000285fa                s8cd570e7c4ed3e3540ac5c675077a70067e7bf80be7cabc7685a7c7bb44dff1b.part.3.lto_priv.566
                0x0002865c                sd9038c93eed87bddb38a63c2f0e6d0e0c9a54e9ebc8659ec70537589ba45d407.lto_priv.565
                0x00028690                s0408690682cb3436f632c42469ecba5306b402f1c8e9aadd9e11b01bd77b1201
                0x000286da                s113e2670c561fa1b518d06d7a71031984f646f284cc10f4d51f7b7cb1b8d3f20.part.11
                0x000286f2                sd589b776b3f7a27d2ad9980e25f89155292f3d2d0184175f503e08437ef8f345.lto_priv.560
                0x00028734                sd9e94f8fc36e83d2d2b276da826a5a682079ce5f587c74329cc207f253f1f473
                0x00028780                s5df900385b51eb670f368b1ea2c786b3a6dc6727b4c5c9fb538f07fb23ed7df6
                0x00028844                s3033267058558a9277cf69c7eeac6de89f91399fd2564e66cdfa2e0f949820b8.lto_priv.930
 *fill*         0x0002887c        0x4 
 .text          0x00028880     0x4c48 C:\Users\jains\AppData\Local\Temp\cc8ar4ym.ltrans5.ltrans.o
                0x00028880                smp_listener
                0x000288a0                smp_state_handle.lto_priv.921
                0x000288d0                smp_l2cap_handle_impl.lto_priv.919
                0x000288e8                ll_task_default_callback.lto_priv.411
                0x00028a26                smp_get_random_data.lto_priv.500
                0x00028b44                smp_send_pairing_public_key.lto_priv.792
                0x00028b8a                smp_set_state.lto_priv.782
                0x00028bd0                smp_alloc_data.lto_priv.784
                0x00028c20                smp_alloc_bgbuf.lto_priv.795
                0x00028c38                smp_send_pairing_dhkey_check.lto_priv.785
                0x00028c70                smp_send_pairing_confirm.lto_priv.791
                0x00028ca8                smp_send_pairing_random.lto_priv.780
                0x00028ce0                swap_endianess.lto_priv.796
                0x00028cfe                smp_e.lto_priv.781
                0x00028d74                smp_ah
                0x00028dbc                sm_bonding_confirm
                0x00028de8                sm_passkey_request
                0x00028e10                sm_passkey_display
                0x00028e74                sm_passkey_confirm
                0x00028ea0                sm_pairing_failed
                0x00028ecc                smp_send_pairing_failed.lto_priv.779
                0x00028f18                smp_generate_ecc_keypair.lto_priv.794
                0x0002903c                smp_ecdh.lto_priv.793
                0x00029110                smp_g2.lto_priv.787
                0x000291e6                smp_f6.lto_priv.786
                0x0002931e                smp_f5.lto_priv.788
                0x000294a0                smp_f4.lto_priv.790
                0x00029574                smp_c1.lto_priv.789
                0x00029632                smp_ltk_request_handle_impl.lto_priv.923
                0x000296c8                sm_pairing_completed
                0x000296f4                sm_is_bondable
                0x00029844                usch_SendEvent
                0x00029854                ll_radioTimerExpired.lto_priv.863
                0x0002986c                usch_RemoveTask
                0x0002989c                task_fail.lto_priv.877
                0x000298a4                usch_Schedule
                0x00029a64                add_task.lto_priv.601
                0x00029b00                usch_currentTaskRemainingTime
                0x00029b14                ubt_pskey_read_callback
                0x00029b30                ubt_pskey_write_callback
                0x00029b4c                ll_scanSetParameters.part.3
                0x00029b8c                ll_scanCheckStop.lto_priv.879
                0x00029ba0                ll_scanNextChannel.lto_priv.880
                0x00029c88                ll_radioSetTxPowerRaw.part.0
                0x00029ca8                ll_radioRawToTXPower
                0x00029d60                ll_radioTXPowerToRaw
                0x00029d8c                ll_radioLoadPacket
                0x00029ddc                ll_radioGetPacketTimeWithPhy
                0x00029e00                ll_radioConfigurePhy.lto_priv.600
                0x00029ebc                ll_radioConfigureChannel
                0x00029fa4                ll_radioRandom
                0x00029fbe                ll_llcpCommonTimeout.isra.1.lto_priv.876
                0x00029fee                BTLE_LL_EventRaise
                0x0002a0a0                nvm3_deleteObjects
                0x0002a1d8                BTLE_LLToHCIEventSAP
                0x0002a23c                ll_to_hci_event_handler.lto_priv.413
                0x0002a3b8                ll_scanCreateConnection
                0x0002a5ac                ll_llcpLtkReply.part.3
                0x0002a60e                ll_startOrQueueProcedure
                0x0002a668                ll_radioReadRxPacketDetails
                0x0002a850                smp_state_master_idle.lto_priv.751
                0x0002aab0                smp_state_timed_out.lto_priv.750
                0x0002aac8                reset_smp_timer.lto_priv.778
                0x0002aae8                smp_message_listener.lto_priv.917
                0x0002ab18                ll_connSetLlcpCallback
                0x0002ab7c                ll_connClearLlcpCallback
                0x0002ac34                ll_llcpCallbackPhyUpdate
                0x0002ac96                ll_llcpPhyUpdate_sender.lto_priv.861
                0x0002ae0c                ll_radioStop
                0x0002ae3c                ll_scanExtEnd
                0x0002af24                ll_radioTxAfterRx
                0x0002b33c                ll_radioTxSchedule
                0x0002b3f8                ll_radioTxStart
                0x0002b45c                ll_radioRxAfterTx
                0x0002b4a0                ll_radioRxSchedule
                0x0002b50c                ll_radioRxStart
                0x0002b6c0                ll_radioSetMaxTxPower
                0x0002b710                ll_radioSetRfPathCompensation
                0x0002b734                gecko_priority_handle
                0x0002c5f4                ll_radioInit
                0x0002cdf8                ll_radioReadRxPacket
                0x0002d1b0                ll_scanTaskPrimaryHandler
 .text.unlikely
                0x0002d4c8      0x13c C:\Users\jains\AppData\Local\Temp\cc8ar4ym.ltrans5.ltrans.o
 .text          0x0002d604     0x26f4 C:\Users\jains\AppData\Local\Temp\cc8ar4ym.ltrans6.ltrans.o
                0x0002d604                gecko_init_alloc
                0x0002db28                sleepCallbackWrapper.lto_priv.410
                0x0002db3c                USART0_RX_IRQHandler
                0x0002dbb4                WDOG1_IRQHandler
                0x0002dbb4                LEUART0_IRQHandler
                0x0002dbb4                I2C0_IRQHandler
                0x0002dbb4                CSEN_IRQHandler
                0x0002dbb4                LETIMER0_IRQHandler
                0x0002dbb4                MemManage_Handler
                0x0002dbb4                USART2_TX_IRQHandler
                0x0002dbb4                USART2_RX_IRQHandler
                0x0002dbb4                WTIMER0_IRQHandler
                0x0002dbb4                UsageFault_Handler
                0x0002dbb4                CRYPTO1_IRQHandler
                0x0002dbb4                SysTick_Handler
                0x0002dbb4                SMU_IRQHandler
                0x0002dbb4                IDAC0_IRQHandler
                0x0002dbb4                SVC_Handler
                0x0002dbb4                USART0_TX_IRQHandler
                0x0002dbb4                PendSV_Handler
                0x0002dbb4                ACMP0_IRQHandler
                0x0002dbb4                TRNG0_IRQHandler
                0x0002dbb4                USART1_TX_IRQHandler
                0x0002dbb4                USART1_RX_IRQHandler
                0x0002dbb4                MSC_IRQHandler
                0x0002dbb4                PCNT0_IRQHandler
                0x0002dbb4                TIMER0_IRQHandler
                0x0002dbb4                TIMER1_IRQHandler
                0x0002dbb4                NMI_Handler
                0x0002dbb4                CMU_IRQHandler
                0x0002dbb4                Default_Handler
                0x0002dbb4                ADC0_IRQHandler
                0x0002dbb4                LDMA_IRQHandler
                0x0002dbb4                DebugMon_Handler
                0x0002dbb4                I2C1_IRQHandler
                0x0002dbb4                LESENSE_IRQHandler
                0x0002dbb4                BusFault_Handler
                0x0002dbb4                CRYOTIMER_IRQHandler
                0x0002dbb4                WDOG0_IRQHandler
                0x0002dbb4                VDAC0_IRQHandler
                0x0002dbb4                EMU_IRQHandler
                0x0002dbb4                CRYPTO0_IRQHandler
                0x0002dbb4                HardFault_Handler
                0x0002dbb4                FPUEH_IRQHandler
                0x0002dbb6                user_signal_message_handler.lto_priv.409
                0x0002dc10                sli_bt_cmd_le_gap_bt5_set_adv_parameters
                0x0002de7c                sli_bt_cmd_gatt_server_send_characteristic_notification
                0x0002dff0                sli_bt_cmd_gatt_set_characteristic_notification
                0x0002e074                sli_bt_cmd_gatt_write_characteristic_value_without_response
                0x0002e0f0                sli_bt_cmd_gatt_discover_characteristics
                0x0002e16c                sli_bt_cmd_gatt_discover_primary_services_by_uuid
                0x0002e23c                sli_bt_cmd_le_gap_set_scan_parameters
                0x0002e2a8                sli_bt_cmd_le_gap_bt5_set_adv_data
                0x0002e30c                sli_bt_cmd_le_gap_bt5_set_mode
                0x0002e39c                RTCC_IRQHandler
                0x0002e40c                GPIO_ODD_IRQHandler
                0x0002e430                GPIO_EVEN_IRQHandler
                0x0002e684                Reset_Handler
                0x0002e6bc                gap_connection_complete
                0x0002e718                gap_scan_update
                0x0002e818                sli_bt_cmd_le_gap_end_procedure
                0x0002e860                check_private_address_and_timer
                0x0002e924                sli_bt_cmd_le_gap_discover
                0x0002e9a4                gap_notify_connection_parameters
                0x0002ea04                bgbuf_chain_add
                0x0002ea18                bgbuf_chain_len
                0x0002ea2c                bgbuf_prepend_no_alloc
                0x0002ea6c                bgbuf_chain_pop_packet
                0x0002ea92                bgbuf_append_data
                0x0002eab6                MSC_Deinit
                0x0002eacc                MSC_Init
                0x0002eaec                EMU_DCDCLnRcoBandSet
                0x0002eb10                CORE_SetNvicRamTableHandler
                0x0002eb20                CORE_ExitAtomic
                0x0002eb20                CORE_ExitCritical
                0x0002eb26                bgbuf_free
                0x0002eb9c                bgbuf_chain_defragment
                0x0002ec28                bgbuf_chain_drop_end
                0x0002ec6a                bgbuf_chain_drop
                0x0002ec98                bgbuf_chain_free
                0x0002ecac                bgapi_ubt_listener
                0x0002f368                bgbuf_alloc_int.lto_priv.456
                0x0002f404                bgbuf_chain_append_data
                0x0002f468                bgbuf_clone
                0x0002f4da                bgbuf_alloc_copy_data
                0x0002f554                bgbuf_alloc_size
                0x0002f562                bgbuf_alloc
                0x0002f56e                bgbuf_split
                0x0002f5be                bgbuf_prepend
                0x0002f5e2                CMU_ClockSelectGet
                0x0002f6a8                SystemHFClockGet
                0x0002fa30                set_ctune
                0x0002fbdc                _write
                0x0002fc40                _sbrk
                0x0002fc5c                _read
                0x0002fce0                _lseek
                0x0002fce4                _isatty
                0x0002fce8                _fstat
                0x0002fcf2                _exit
                0x0002fcf4                _close
 .text.startup  0x0002fcf8     0x182c C:\Users\jains\AppData\Local\Temp\cc8ar4ym.ltrans6.ltrans.o
                0x0002fcf8                main
 .text          0x00031524     0x4c08 C:\Users\jains\AppData\Local\Temp\cc8ar4ym.ltrans7.ltrans.o
                0x0003158c                sba37ae8601690b0896cea959395272b96624ac4b5aad20973574360601a0ed90.lto_priv.720
                0x0003164c                s81464a2878d09dbd2de6234ce8934184bf5116fd04efc613284ea48a9619bc39.lto_priv.732
                0x000316dc                s3b12f72c86808517df0a3d6331892da2d66b8e9bbaa06d12ff26d860074fcf07.lto_priv.731
                0x0003176c                sc533058bf47a8cdb1c2bd08ac2ccfa005925b95915c7feb5c92fc40e16ae2dd0
                0x0003176e                s195bd06d3d7dced800230fa572adb64d223a3b6c1382fc621c40b28a20ce051a
                0x00031770                s8d64c438403c36792474ee14f02ef44de28731e5538b6b61deb7027fb9f1213d
                0x00031772                sd5699aef6084a290996ea955f957a57987e3c370445af2997004bdc2778afabc
                0x00031774                s2ae6d5f70ead843e752f37b0ab2b8bd6029fcafbd92516271cf81c89ccf34574
                0x00031776                sca6b944d97bd8e437696a6bdbf8b1a2fbfbd6b175986bdd2f7107d9ccfc49791
                0x00031778                scadac62caad1a5d40102505cfbb2a19a3f029dac1f04a1735fad62916e1cc1fa
                0x0003177a                s1cd7cde67471ba6cf9414371ab606bf222b7affcbd1724981d662222dffaea86
                0x0003177c                s022dfbeed394e9c9c6835d30619ba5da6546e41f4000dd5f010303deb5f89703
                0x0003177e                s6e790e4389aaf46aab77b6ee048f85f694d1bb0f5dfae966461622fa1912d45f
                0x00031b24                s9de2d04aceb57da7832415dc572ff12ee17c2ef0d1a7d803dad8449d8300e8df
                0x00031b26                sef1316e1438ae2cf117c40ca6556dc740ddd34034083b129a49abc7f7a4a9153
                0x00031b28                s5519abc2b89ababc4364a73ca9bf14192bbaf331bb8f600cb502ad89d69dc189
                0x00031b2a                sbf8dd28a6c6118d55cabd21f14cccd4b50441e6dcf23046d431300eda4b6b36b
                0x00031b2c                s890fcd60767f256ee5b13f44afc14bb3ab7d1bdd6e247bccd10b99b1568ec506
                0x00031b2e                s0a2382009035cc61f3ea65bab00791d9224b6d545564a39cd5476eb181d5decf
                0x00031b30                s44e3124870589b009fc28e44b31cd745f6481542fa286e8583deb621c9b197f1
                0x00031b32                s2213f5792ea4e59af1a2801e7bf4d0c3ab5b7b458e895d2e246136479051afe8
                0x00031b34                s97ae481bbade53fbeed96d22e388a13ab7b6a53bef24a58b595033911f65dfa6
                0x00031b36                s7cce00725c17b5fa1f05023056c2620e6835260ee6e5dc93f877728d46fc6e96
                0x00031cfe                sdf47c9e324a5222f56ae184e90d9afb14c827d98f884492480980fa3f559625a
                0x00031de8                s0a883de4dc55f037c6a28488e12ddd9e1214d9c3858cb24cb87a59d21d6800a2.lto_priv.660
                0x00031e3e                s7742da438684b57e47162a950e92384c2538b7ac6f95119b9bda99aa73a2ff4a.lto_priv.661
                0x00031e84                sa5366ea3ffa3d580391dd262ec2e655995627a25fc4515f786af21d4e3fd630f.lto_priv.659
                0x00031f2c                sb241fa3dc15733d9775993c7589cc8f49674c5d5f760c34ca1a2b79b81ba1023.lto_priv.485
                0x00031fa4                s521ce92a65c86992d1e00598b73861d99f99edb4041c7a2e37592645164c63c6.lto_priv.484
                0x00032064                sf9d43ee24c22e4a0d791e151797a50e128102eddd2b65ba04e8e198c7ad606ec.part.1
                0x00032124                s0e4204c9985a631fef91cc925f3a985694db1a47c33f068b6c9649e9844a699b
                0x000322c0                sfea6553aadd267fc80fdfe1303406cd6927524d8ca67cc4f9a6cd69da8da5d70
                0x00032430                s87d9ac121fecc44b43b2fb9cac499d1370a625a43c138f190caa59d6266af059
                0x00032568                sea5ba44b0248258f8606e49ea9330b2a33471148e7473a1753e7393a74b29799
                0x000325d8                s033743affbe89c62aec89e2ef002f98eda2e968afa369e1474fb9500aad6eb05
                0x0003260e                sf365a46675558c2f81c154bfd91549a0b25271febea7a3335ac1aa340784dcfd
                0x00032674                s679d72007eb32f71aba107132f47390d6606383fd5a0a51bd02d786edf6f1055
                0x0003268c                s947f6669e09c6036614206fb2c14e49b1ae9d094fa52d588c71a512d123143d2
                0x00032830                s1e8e801ca7427338dc34d3e97947e5bfe3d14495fcb70cb319c4b8281406ab6e
                0x000329c2                s8afa8bd57a010aaa072e78cbb63f2f498a52b945ba2ab92e73978fbb5a72aff7
                0x00032a2e                s142612325e982800554450aa041378f4a8504d71b5dd193dd4a126296bae52a1
                0x00032a6a                s3c8561c978fd97690e535f33470c7a4cae732740e95669ae53f051876cf36cf6
                0x00032a6a                bgbuf_copy_to
                0x00032ce8                s7a2ef2cf9caf09b2e7bf287f1aab8a6e6825474a67084bfad2c92beb912ebc6a
                0x00033550                s1c8bb5f1550650306aab296e8862df91c69b6ffa3e6906f99102c7b26fc89414.lto_priv.478
                0x000335a4                sc590a76df500be8234c3d77551d13e28eeb4ef80aabe09db0f298a454b02ebbe
                0x000335f0                s34fbf48579147efba8ae800ebb75fe70c3b70da86ede68139bcfdd890a68d444.lto_priv.766
                0x00033820                s8ffef0133d5613253e7e0567e97b30153af77c2141c0407b01761924780a068d.lto_priv.656
                0x00033888                s217a21a7a8f3f1091596dbf4f08a61fd3c16462ef6f203ac78993ce8701dc5dd
                0x000338a0                sc15e72523a4fff591eb1c022dda22a453478a0af2d8130b937420b069e3b7fb1
                0x000338bc                sd8a21cfa0a7aa956f6c22fc1950b44e920a03eec22249fc0b05680e2c5b406e9
                0x000338d4                s6b4a66804b530be593856a80fda3e0bac1d1b8b10bddd83f414b0f4d11613e4b
                0x00033900                s3cb1c8dd3f7c829253122ff899ba548bdaf5fe0deaf2259ebffffaaece25a563.lto_priv.648
                0x000339c4                s7ae258203eebfbaaaaaa28f4a7f0e29f3444686b97ed7d00e4196a644b70ff9b.lto_priv.702
                0x000339e4                sd77738b41f860799fd52f2514eb6f59f3efc0192ddfd7b83755c1bf4311d15ed.lto_priv.703
                0x00033a00                se056d6ad4bc905c0d7e7668c45efc58a601a7f9acbc82512b49f4a00da725978.lto_priv.691
                0x00033a10                sb7363b9be572e36de0710513bade175b535417dd45fb4477e006a11698462f0b
                0x00033a22                s4697b4ed0b0575c589cda870f09ffd521fc536f8b738a4387c84c658c9124eed
                0x00033aa4                sccd1d475c5586cb4094b8a7500e66aaff20cdc4cf73d640bc793f813a1152d2a
                0x00033af8                s3bddd3dfd10149a614ea0bb8a32dd855247236b7e1c6b3879a72ead78e0f2895
                0x00033bf4                sdda070b8da2cc650e6b612d06086f07a5f551cde83db6f459a25f7e4ac860118
                0x00033cf4                sc22d564d97794cc78e3748e475370d7932794c538198102e07d388bfc30eed3c
                0x00033d2c                scf693e2c0b279b154d67dd44d9403714592aefeeb7b25ed901c1737727362cc5
                0x00033d7c                s7363c4a1809b88f585f1a98af055457294968d3f2103b534d684d54ef15926d8.lto_priv.642
                0x00033df2                s152355094cfade3d783d1516d9e2dc87f4fe7f56ca9590becd12b3e93603400b.lto_priv.665.lto_priv.708
                0x00033df2                s152355094cfade3d783d1516d9e2dc87f4fe7f56ca9590becd12b3e93603400b.lto_priv.666.lto_priv.769
                0x00033df8                s8169a3e0e65baf978ae3316024359b37b6bf4730a501b2068e4200dcb56f6639
                0x0003407c                scf4af741e157394c998479cb003d5cf203c5198b2e65a822cfffac72047d77b6.lto_priv.567
                0x000341a8                s3277fbf5ab0c15a80b6b614e5aa3e78205fc99258e41a17ccc003a0c86a182cf.lto_priv.719
                0x00034348                s9d53c1a2ffea051bd6441e519f88905446467a57e789caff4796045f80852b69
                0x00034374                sa4a3dd4d9c89d330f1ed88b0ab06f5ce086e9510afbb612cc8bcfb63dcee141b
                0x000343d2                sf0565216273da3f4f72c20fec26d2e0647b3b064af3e75fbb354b3fef1f61a80
                0x0003491c                sd197966131b96fedbbe10724ff77a88880847d9dd59b96f5a4210833cd3175e0.lto_priv.721
                0x00035338                s815b4ab54b5d66d4f4c099599897597aab9547f6f150416983323418fbcfcd63.lto_priv.700
                0x000354d0                sb4abdc41eb49b8e076241efa49704a180ff0e0d6e8eaefdba762fb55a4ac2ca3
                0x00035598                scfc0e2e1128071105522c23c9451e1bb2465ed08baa33cf1d9181b1d53169813
                0x000355e6                s449e7a51a7e703ed2efe63cbb5046a7a7e9db7e8d0813ad844005c51e298a967
                0x00035648                s48513b360ea7300b262e06734521d6d41ede06d8596657e7bd86f44506c097d1.lto_priv.733
                0x00035b42                s35bed3c56b3ca4cc05d9098a1afc153257cd2c4289ba2a70a13a786ebf9c225a
                0x00035bac                scce964ede00a122913c7caa0b1fb8fcbb6498fda16b841d84f18f76fe794b8c9
                0x00035e64                s776b64871e16c5fe4fd0ce9b7c158901e9ee87f3d75d954796a56d0090cebfc3.lto_priv.654
                0x00036008                s2d7c2b66b296b20695246b9d12c06f5f15430c75a64577e2ffbb4ab7fd07562a
                0x00036034                s7dd37f975cb4ea4a55a3390f89eac6ce4072985cee4b23787bd88f2083502aa2
                0x000360c0                sb5e3f4eb369f16c4402c3b1112765b69eb90375593ae58bc3f93192c54da5e3f
 .text.unlikely
                0x0003612c      0x168 C:\Users\jains\AppData\Local\Temp\cc8ar4ym.ltrans7.ltrans.o
                0x0003612c                s262d060773e899a6be2dace8de0c67edeba542acbdb5ed7bfef1868a039bafd4
                0x000361cc                s61fa9467253c29a9338eb58eb8c5b76571e4a1d231c64732156dc5c669825e2c
                0x00036228                s0c051ca4cd653994c4bdbefc91d4a2de441889bfd6d8701556b78812eeb7d5ce
 .text          0x00036294     0x3cd8 C:\Users\jains\AppData\Local\Temp\cc8ar4ym.ltrans8.ltrans.o
                0x00036434                sd69063ac414aa9b182b3715be7c99e550c11a43ab43002cd16895150daad7b64
                0x00036540                s8c68a0c6bf1cbdbc58c79dbdbfc6b2edeb50a6cbee567808d4d3648f5780572d
                0x000365b8                sc49df645112e0087bba00e59c32a79e66f966bcb37e78cbb3bd047b620a0f113
                0x00036690                sbcd8dae26664b2a215c8d4ec6508b9de986ce387e5ac0c61d32ff9eafa46f02e.lto_priv.548
                0x000366bc                sf8de3044167a266727bd3087aa78703eca05d914a537eb9123555524c11c8890.lto_priv.547
                0x0003673c                PTI_Enable.constprop.406
                0x00036788                CMU_ClockEnable.constprop.403
                0x00036810                ccm_auth_crypt.constprop.364
                0x00036abc                mbedtls_ccm_setkey.constprop.360
                0x00036b10                mbedtls_cipher_info_from_type.constprop.355
                0x00036b18                s6d39ade7f44649b27cc26f65d9f86fa1ec4cc84e98bf51e9e8cfc9e7988777c2.constprop.353
                0x00036b68                sa6d352c37b4fa930ecbaec9816bb56056daa3d3e7623f8c520936b092a43a476.constprop.346
                0x00036bb8                sdc7cbe274a0bd68f48e0a525a58b269c5262196daafddd164cb38663c5344a77.constprop.345
                0x00036bea                gecko_register_bgapi_library.constprop.328
                0x00036c24                mbedtls_ecp_group_load.constprop.323
                0x00036c98                nvm3_writeData.constprop.322
                0x00036cb4                nvm3_readData.constprop.320
                0x00036ce8                hci_le_set_ext_scan_enable.constprop.312
                0x00036d1c                PA_Config.constprop.298
                0x00036e4c                RFHAL_ConfigRxOptions.constprop.286
                0x00036f24                RFHAL_ResetTxFifo.constprop.277
                0x00036f50                hci_command_alloc_bgbuf.constprop.245
                0x00036fa4                validate_scanning_phymask.constprop.231
                0x00036fb4                alloc_params_data.constprop.227
                0x00036fde                att_send_read_by_type_request.constprop.226
                0x00037008                gatt_handle_prepare_write_response.constprop.214
                0x00037160                gatt_set_enabled_caps.constprop.212
                0x00037210                find_address.constprop.190
                0x00037270                preTxOps.constprop.168
                0x00037358                ll_scanTaskExtCommonHandler.constprop.161
                0x000373ec                mbedtls_mpi_write_binary.constprop.150
                0x00037432                gecko_cmd_le_gap_bt5_set_adv_data.constprop.126
                0x00037488                s1111ff367ed81175c48c8adb7f8bb0bb8796a61c1f4772065b2c2f98692b0bfe.constprop.122
                0x00037496                s049e1d01f06c5f833f1916c8aa37af2664c3060cc97b8154e5e981264e5c3cfd.constprop.117
                0x00037508                s992c1f8497eff751a815360ace7b41ae6c84e3f304a9140490c2232261d3913d.constprop.112
                0x000375cc                sd2a37a3f28df5a67c6c309e951a8328fe164bc27fefa3b4e4abf9ed9d9caa37d.part.4.constprop.99
                0x00037650                s5a1766c84873223f8dc26b867cf62a40b775da77c003414a2378edf79eb83444.part.3.constprop.97
                0x000376be                s6b6cf546326ecfdaa45b5ab0c9b319f4652a20ac438b1de23d1340ca3be1e31f.constprop.80
                0x000376dc                s12d6165640c970c592a062daeb924a8ad82661000943aa0e2e8d8bfc7c841cf7.constprop.72
                0x000377d8                s46dec11741421a29b011731561b6bd9293ef7ee403a2428c8d41fe77d18d302c.constprop.67
                0x000378ac                s617e494c409f265694ebaceeb984e42905f3b96e1c0246796425f0b3ecac989e.constprop.36
                0x00037a22                se416c492aedb0cb37373f93ac8e17f9ba6085f4b705624dd81bcfb1d1d52c6a4.constprop.33
                0x00037c04                s25fe1f32d256b6f9faa48676081c88e5070b1c5f55116f3efe6fac7281b5352c.constprop.22
                0x00037c68                sa8e363ea6b8057dd7f0580999692a03ba8033acac8bb3426285fa376a039f8c1.constprop.18
                0x00037cb8                se5695084ddd1adb318f562e7c21b1d3964fdfee9399d146f7c2ab949daf9342b.constprop.13
                0x00037d00                s6e114f95379bb5b5d8bdcc12f0a6f184258c2b82d2191d83bb05dc6e358df3ab.constprop.8
                0x00037d5c                sa76c86811b162592dc0102cc6e17d26637d51ef5c1982f87f99ab35a53a7d670.constprop.7
                0x00037db8                ecp_crypto_device_init.isra.0.lto_priv.607
                0x00037dfc                mbedtls_internal_ecp_grp_capable
                0x00037e06                ecp_crypto_ddata_write.lto_priv.606
                0x00037e7c                mpitobigint.lto_priv.610
                0x00037eba                CRYPTO_InstructionSequenceWait.lto_priv.417.lto_priv.620
                0x00037eba                CRYPTO_InstructionSequenceWait.lto_priv.418.lto_priv.605
                0x00037ec2                CRYPTO_DDataRead.lto_priv.424.lto_priv.609
                0x00037ec2                CRYPTO_DDataRead.lto_priv.423.lto_priv.621
                0x00037efc                crypto_management_acquire_preemption.constprop.202
                0x00038040                CRYPTO_DDataWrite.lto_priv.425.lto_priv.617
                0x00038040                CRYPTO_DDataWrite.lto_priv.427.lto_priv.608
                0x00038040                CRYPTO_DDataWrite.lto_priv.426.lto_priv.613
                0x00038064                CRYPTO_DData0Write260.lto_priv.419.lto_priv.614
                0x0003807c                CRYPTO_DataReadUnaligned.lto_priv.429.lto_priv.602
                0x0003807c                CRYPTO_DataReadUnaligned.lto_priv.428.lto_priv.615
                0x000380ba                CRYPTO_DataWriteUnaligned.lto_priv.430.lto_priv.616
                0x000380ba                CRYPTO_DataWriteUnaligned.lto_priv.431.lto_priv.603
                0x000380fe                mbedtls_zeroize.lto_priv.432.lto_priv.569
                0x000380fe                mbedtls_zeroize.lto_priv.434.lto_priv.618
                0x000380fe                mbedtls_zeroize.lto_priv.435.lto_priv.612
                0x000380fe                mbedtls_zeroize.lto_priv.436.lto_priv.552
                0x000380fe                mbedtls_zeroize.lto_priv.433.lto_priv.619
                0x0003810e                mbedtls_ccm_free
                0x00038120                mbedtls_cipher_cmac_starts.constprop.356
                0x00038168                mbedtls_cipher_cmac.constprop.135
                0x00038600                mbedtls_ecdh_compute_shared.constprop.134
                0x00038660                mbedtls_ecp_gen_keypair_base.constprop.138
                0x000386e8                sa2d107fa6f8913066e5b4df3cdd87f0997e09273df6a7c6585f33659836c546d.isra.4.lto_priv.551
                0x000386fe                s4a2a986fd5dd9c8779079d62399c235a2b6ddbb601cb5d5b92cb838b240c2f19.part.5.lto_priv.549
                0x000386fe                s087f70de52ac3dee8ffc614ad91b70511c7d160dcba60f1cb04e5d71c8049996.part.6.lto_priv.550
                0x00038720                see718346e034d96d58e5a80fabd20c59a92b6115337c9b9cfec2ec3d4869dfb8
                0x000387dc                sbdec9ad3cd384617597eb97673acfd1f42c77a70767f57c354430d80c2b82071
                0x0003885c                sce3ab1eaa7ee027e4a572370dde4aae59fcb8710f9a5aeb9155cb6bd6bec0c2e
                0x000388ea                ll_advSetData.constprop.197
                0x00038960                ecp_crypto_ddata_read.lto_priv.604
                0x000389f4                crypto_mpi_div_mod.lto_priv.611
                0x00038c0c                mbedtls_internal_ecp_normalize_jac
                0x00038cf8                s958311d77e975b6afb09c253a317568fb99686d6ed7f12efea46b505d98f5d14.constprop.359
                0x00038da6                sd906ef5a2b1a3b6d706927e4c9811336532fa5d100dd96643833a07bb9061ee6.constprop.351
                0x00038f42                s39143644810349b74f0af37849af2c7f3c45cd2cff47951227f2f86f0b2e6959.constprop.101
                0x00038ffa                sab502123964e55aa42c788423fe4aca83448c71c429d539ca270feacd99b8114.constprop.92
                0x000391a4                s965e05dd09705c2e0e02fbb53c43b72c67dd0c8ea4bd0be2819ad08faf988a7e.lto_priv.546
                0x00039374                gecko_stack_init.constprop.250
                0x00039d74                s35a10c806c834b5f02b759b96a6aa0613573e4cd2d69b753a1162c661a106755.constprop.116
 .text.unlikely
                0x00039f6c       0xb2 C:\Users\jains\AppData\Local\Temp\cc8ar4ym.ltrans8.ltrans.o
                0x00039fd6                l2cap_send_command_reject.constprop.211
 *fill*         0x0003a01e        0x2 
 .text          0x0003a020     0x3c48 C:\Users\jains\AppData\Local\Temp\cc8ar4ym.ltrans9.ltrans.o
                0x0003a020                s5ad1fa4191f3ccb36fb97c2ef6225191588ef0fd75f8cc98a16e688db40d5bfa.lto_priv.446
                0x0003a0a8                s42d01603783f13a5e2831744b07d3bc19081df2ab7ba09a85632441160bf6eb0
                0x0003a0ac                s4afb01489191b5ff61d49a55c5b94357d3d3fc12c84061af594a449e573ca451
                0x0003a124                s57c5640bfee223650e674e78dbd5151760c9d90d8f8237f6f1859df9e8569b27.lto_priv.635
                0x0003a134                se70c2aa28d2f59c7577823c670ab2389ad7d7455a3313477adcd39c3bac98240
                0x0003a210                s91d970e5fa6755d762095036b278ea33c9fb46799228c569eaf1a7cc48fabce2
                0x0003a254                s7413f59c5c3e6f88b5203a095a4c3fe2381d18309aa7af23e7b20c0681c1e567
                0x0003a2a6                s0012ba35f380ee8555045e5957615304786d5c55579203bce19b2ddfa68711f7
                0x0003a39c                s85fec278c5d74e6b9700b5ba82c5744233419731e6d2b1a31bd60fcad1ef632c
                0x0003a3b8                s394827979bc517d8c3056ed32db702b680b9a4e9c4ffba37e5359ca17d84f0fb
                0x0003a530                see12003c8abce0a02fdc1591cde46d79f387b4a6098d834346c158c59142a3f2
                0x0003a6d8                s72779115b1b07fe678f0d68ddd2c3b732b8d9d0591b9f1ea6615a8f2754843c9
                0x0003a778                s7a7660b4e42ffc7178b6ee3d394b9b3f153dfab2816d5cc25a0a94fb491fb79b.lto_priv.490
                0x0003a7d8                sf76c7740676ad4b729d57b6fb75ee679e37dbe08d3b7483121a75727256f9e5b.lto_priv.491
                0x0003a816                s1054add7b737c2e8a1eb5454fa7d500e5da5ca554d4238ec791bfb1eadc21f34.lto_priv.488
                0x0003a848                s82671978564b6495334f191e363e3cbca289c131b22d30ffc25c1755db7043f4.lto_priv.487
                0x0003a874                s47da7acdfd98a4e5a9c2b636de26ba92ecfab08d82f1eafe492c3698cf5756d9.lto_priv.493
                0x0003a8f0                sd978329e24d702e6d54df91f0a63a8cbd7fd71bad0754ab6583e659137bb6805.lto_priv.492
                0x0003a968                s0dc9f3dac3978978783c93d16465792ca693c636ffb19cce20e8809d9cbaf0af.lto_priv.489
                0x0003a9e0                s4a2a986fd5dd9c8779079d62399c235a2b6ddbb601cb5d5b92cb838b240c2f19.lto_priv.448
                0x0003aa10                s087f70de52ac3dee8ffc614ad91b70511c7d160dcba60f1cb04e5d71c8049996.lto_priv.447
                0x0003aa44                sd71f0cf7eddd46b6d8ac861f620a55ba20f6f433336a75e89e01978e5e78f4c5.isra.12.lto_priv.474
                0x0003aa46                s7605ee873f62bfeb488db1a6fcaa463289294d441dcb665e91461cea0669233e.isra.8.lto_priv.652
                0x0003aa48                sd8f89ec1100339a81538c46217710e24913a0ef7e9fb11d872efd8f54d61b5a8.isra.7.lto_priv.650
                0x0003aa4a                s555e05d96c28502d6d0733c44e1c44652a56e2eba66e844d22bdba7a41206103.lto_priv.641
                0x0003aab0                sbcb44dbbb4e15915ca392a362af3aa0be96eec60363c5bfb54f719c936b2c4b0.lto_priv.639
                0x0003aad0                seb5bf1da0c9ed9347cd8bc15e5634dc71718bcd4cab32c48dcb28bea072dc14a
                0x0003ab00                s43b667355dd07062fe0261de806a446b9e11c49e03ade53aa00d1d143b39cd91.lto_priv.476
                0x0003ab50                s1f5aa6f1203ab098ddb83c749573190ebbab63dcccd24d476c32d143c6ee4e13.lto_priv.653
                0x0003ab88                s058a35f627504dd2ebcb53ed9c8dd0a2699ae3b3ed9ea263900462988391b489.lto_priv.504.lto_priv.677
                0x0003ab88                s058a35f627504dd2ebcb53ed9c8dd0a2699ae3b3ed9ea263900462988391b489.lto_priv.503.lto_priv.697
                0x0003ab88                s058a35f627504dd2ebcb53ed9c8dd0a2699ae3b3ed9ea263900462988391b489.lto_priv.467
                0x0003ab94                s9ff64dc159da670e77c85b13eee3f9cbfaa7038e9c63174821f1d22e366c436c.lto_priv.507.lto_priv.698
                0x0003ab94                s9ff64dc159da670e77c85b13eee3f9cbfaa7038e9c63174821f1d22e366c436c.lto_priv.509.lto_priv.676
                0x0003ab94                s9ff64dc159da670e77c85b13eee3f9cbfaa7038e9c63174821f1d22e366c436c.lto_priv.508.lto_priv.678
                0x0003ab94                s9ff64dc159da670e77c85b13eee3f9cbfaa7038e9c63174821f1d22e366c436c.lto_priv.506.lto_priv.658
                0x0003aba4                s82dd3ab8003cd2497ba2ed2c0c21b4458767185e45364604942182c9348f9aaa.lto_priv.469.lto_priv.470
                0x0003aba4                s82dd3ab8003cd2497ba2ed2c0c21b4458767185e45364604942182c9348f9aaa.lto_priv.644
                0x0003aba4                s82dd3ab8003cd2497ba2ed2c0c21b4458767185e45364604942182c9348f9aaa.lto_priv.468.lto_priv.495
                0x0003abb2                s9610a5a138da8a33629598358a9ac6e952b2e337f916aa05ee616ccd21fcd676.lto_priv.695
                0x0003ac1c                scecbc50c9cf28dd98845aa205755e3e4c50ab3cbc03c879de116cb37f4edb289.lto_priv.513.lto_priv.646
                0x0003ac1c                scecbc50c9cf28dd98845aa205755e3e4c50ab3cbc03c879de116cb37f4edb289.lto_priv.511.lto_priv.663
                0x0003ac1c                scecbc50c9cf28dd98845aa205755e3e4c50ab3cbc03c879de116cb37f4edb289.lto_priv.512.lto_priv.668
                0x0003ac26                s05aa84cedcc11cf1c562137c390b3cbb385eae382cb5349ed3cdb9cbe87d95ac
                0x0003ac8c                s671b6088cd303b07b712b0a1be2aedede858afd9462658e78c0cdbe2d753299a.lto_priv.524.lto_priv.643
                0x0003ac8c                s671b6088cd303b07b712b0a1be2aedede858afd9462658e78c0cdbe2d753299a.lto_priv.525.lto_priv.638
                0x0003ac8c                s671b6088cd303b07b712b0a1be2aedede858afd9462658e78c0cdbe2d753299a.lto_priv.516.lto_priv.696
                0x0003ac8c                s671b6088cd303b07b712b0a1be2aedede858afd9462658e78c0cdbe2d753299a.lto_priv.514.lto_priv.675
                0x0003ac8c                s671b6088cd303b07b712b0a1be2aedede858afd9462658e78c0cdbe2d753299a.lto_priv.515.lto_priv.699
                0x0003ac8c                s671b6088cd303b07b712b0a1be2aedede858afd9462658e78c0cdbe2d753299a.lto_priv.523.lto_priv.671
                0x0003ac8c                s671b6088cd303b07b712b0a1be2aedede858afd9462658e78c0cdbe2d753299a.lto_priv.519.lto_priv.681
                0x0003ac8c                s671b6088cd303b07b712b0a1be2aedede858afd9462658e78c0cdbe2d753299a.lto_priv.471.lto_priv.496
                0x0003ac8c                s671b6088cd303b07b712b0a1be2aedede858afd9462658e78c0cdbe2d753299a.lto_priv.518.lto_priv.690
                0x0003ac8c                s671b6088cd303b07b712b0a1be2aedede858afd9462658e78c0cdbe2d753299a.lto_priv.520.lto_priv.679
                0x0003ac8c                s671b6088cd303b07b712b0a1be2aedede858afd9462658e78c0cdbe2d753299a.lto_priv.517.lto_priv.692
                0x0003ac8c                s671b6088cd303b07b712b0a1be2aedede858afd9462658e78c0cdbe2d753299a.lto_priv.472.lto_priv.473
                0x0003ac8c                s671b6088cd303b07b712b0a1be2aedede858afd9462658e78c0cdbe2d753299a.lto_priv.526.lto_priv.637
                0x0003ac8c                s671b6088cd303b07b712b0a1be2aedede858afd9462658e78c0cdbe2d753299a.lto_priv.522.lto_priv.672
                0x0003ac8c                s671b6088cd303b07b712b0a1be2aedede858afd9462658e78c0cdbe2d753299a.lto_priv.521.lto_priv.673
                0x0003acb0                s21b03dd586d728cd675973bf87cc7df0b94301a77a7148ef41693704498750f5.isra.22.lto_priv.651
                0x0003adf0                swapl.lto_priv.528.lto_priv.640
                0x0003adf0                swapl.lto_priv.527.lto_priv.662
                0x0003ae8a                bgbuf_chain_links.lto_priv.529.lto_priv.664
                0x0003ae8a                bgbuf_chain_links.lto_priv.530.lto_priv.882
                0x0003ae8a                bgbuf_chain_links.lto_priv.533.lto_priv.655
                0x0003ae8a                bgbuf_chain_links.lto_priv.531.lto_priv.693
                0x0003ae8a                bgbuf_chain_links.lto_priv.532.lto_priv.680
                0x0003ae9a                mesh_trans_send_sdu
                0x0003b1ec                s1b037843a5798a501b1bf997ec66a5d32c1273f48a95622356b6cfeb2de10fb3
                0x0003b214                s806233bbd3dc53cce472d676990bebc134264d01b979aade18a51e7c661ab5e4.lto_priv.449
                0x0003b25c                s6f00d7ff79989e47e4de58201b5928a1b2e1bf2cf48f9b8ba9ec412c85f3a7ae
                0x0003b4b6                s0198e9aaf28957347d4660bf7c76298dfdfc28068911f0cfb72e1c7f7b92ce83
                0x0003b4c2                s4b0768ec1694b4462a50c6a0009d2c968480882bab2f3870f44b96db31289e11.lto_priv.657
                0x0003b4dc                scab1be5017b41f56d14d3fcef52a148bb609efd81dc7cc82de3aa10b50cc8043
                0x0003b52c                s3cab21e792d54b7541fed56ab1cdc2638fc0c5dfa65136d194a7115f225fe29a
                0x0003b544                s1c191b5248f708c675e993605301d9ca96e7511e19170fce8d2ba23302a66c37.lto_priv.481
                0x0003b564                sad9cedfdff57fcf1f2e8a7cb957987afcdd37d68e343d6fb4af70f8cc2d26818.lto_priv.479
                0x0003b65a                sdc285a045a4d184ba1f96a679bf976dad3cc4dd6d580b7bdcc8d7221f193317a
                0x0003b6a2                sad68bd15d6e2e6b2fe2e5c40a1b4e2937165ee45a1171231878240f07ff2db96.lto_priv.480
                0x0003b778                s9af9e10166b4dfbcbd649fca5486b552c344542f69d081c660bc42f9606e3c40
                0x0003b8f8                s268808e179520926de9973ff7b3a6217a186a7862d8adaecdfb83b553adb5de7
                0x0003b936                s6cde2f2134fa96584fdcfab30c5890642817dec76c53de88f7945652b79e7ae6
                0x0003b94c                scda99358aee15b47126b17bb7665c374c4b5f197f6fc3b67606a931b692d8bf6
                0x0003ba60                s0d0b5eafd8f12a4963f0e24b10b30ffabe692b54f4f3393c2d5c345e5cd51038
                0x0003bab8                s540ef75ab89e8c089e73bdbcff0d9a4a90f8e579e746d2b0c394c72eb79bcdbe.lto_priv.669
                0x0003bb14                s7d76407a3e7946ec883bd1dde5e9342c7f3d9476f30790f8e645ce70d346c4aa.lto_priv.670
                0x0003bb62                s1a5ea1fb6fc469a3986b6a3a6ffee1aaf243616b7856a8972d2c5f7ca1a441da
                0x0003bf54                s495947f0fcecf09be7c1bc75c6ed4bd12df63a4e6f8314cc576a6d8ccf270fa7
                0x0003bfb8                sddd99ff8736e059d0ece66ec3df74ab77094df6a97722fbc80a6b0a3c3e55697
                0x0003c00c                s1573ff43048a4da8c49031b54d796ef8be152c24842a072118e765733677d113
                0x0003c064                RADIO_RACClearRxOverflow
                0x0003c084                RADIO_RxTrailDataLength
                0x0003c0c0                RADIO_ClockFreqGet
                0x0003c0dc                RADIO_RACStateGet.lto_priv.540.lto_priv.858
                0x0003c0dc                RADIO_RACStateGet.lto_priv.538.lto_priv.599
                0x0003c0dc                RADIO_RACStateGet.lto_priv.542.lto_priv.777
                0x0003c0dc                RADIO_RACStateGet.lto_priv.539.lto_priv.773
                0x0003c0dc                RADIO_RACStateGet.lto_priv.541.lto_priv.598
                0x0003c0ec                PTI_AuxdataOutput
                0x0003c108                PROTIMER_PrecntOverflowToUs
                0x0003c138                PA_ProtectPa.part.1.lto_priv.597
                0x0003c1d0                PA_SelectBand
                0x0003c230                getRampTimeFromLevelAndRate.lto_priv.595
                0x0003c250                PROTIMER_GetTime
                0x0003c28c                PROTIMER_GetUsTime
                0x0003c2a2                PROTIMER_CCTimerStart
                0x0003c488                s2c7f8256c21a35c957be583dc5b45f9844e0daca7f8d870e7167cc73e2251152.lto_priv.486
                0x0003c63c                s4df97908585f13e4f95c41529f173c5feae8db8c963509c90b492826dbcc9c34.lto_priv.475
                0x0003c84c                sd7400f1c67758aeba68a9b1772cd5984be401a023cba2a4b0091dfe27b2617d0
                0x0003cd50                s2d8d60151f84e2fe74c36f9345a673a736f6d41e148e924262ba779b16ff2942
 .text.ceil     0x0003dc68      0x100 c:/siliconlabs/simplicitystudio/v4/developer/toolchains/gnu_arm/7.2_2017q4/bin/../lib/gcc/arm-none-eabi/7.2.1/../../../../arm-none-eabi/lib/thumb/v7e-m/fpv4-sp/softfp\libm.a(lib_a-s_ceil.o)
                0x0003dc68                ceil
 .text          0x0003dd68      0x378 c:/siliconlabs/simplicitystudio/v4/developer/toolchains/gnu_arm/7.2_2017q4/bin/../lib/gcc/arm-none-eabi/7.2.1/thumb/v7e-m/fpv4-sp/softfp\libgcc.a(_arm_addsubdf3.o)
                0x0003dd68                __aeabi_drsub
                0x0003dd70                __subdf3
                0x0003dd70                __aeabi_dsub
                0x0003dd74                __aeabi_dadd
                0x0003dd74                __adddf3
                0x0003dfec                __floatunsidf
                0x0003dfec                __aeabi_ui2d
                0x0003e00c                __aeabi_i2d
                0x0003e00c                __floatsidf
                0x0003e030                __extendsfdf2
                0x0003e030                __aeabi_f2d
                0x0003e074                __floatundidf
                0x0003e074                __aeabi_ul2d
                0x0003e084                __aeabi_l2d
                0x0003e084                __floatdidf
 .text          0x0003e0e0      0x110 c:/siliconlabs/simplicitystudio/v4/developer/toolchains/gnu_arm/7.2_2017q4/bin/../lib/gcc/arm-none-eabi/7.2.1/thumb/v7e-m/fpv4-sp/softfp\libgcc.a(_arm_cmpdf2.o)
                0x0003e0e0                __gtdf2
                0x0003e0e0                __gedf2
                0x0003e0e8                __ltdf2
                0x0003e0e8                __ledf2
                0x0003e0f0                __nedf2
                0x0003e0f0                __cmpdf2
                0x0003e0f0                __eqdf2
                0x0003e16c                __aeabi_cdrcmple
                0x0003e17c                __aeabi_cdcmple
                0x0003e17c                __aeabi_cdcmpeq
                0x0003e18c                __aeabi_dcmpeq
                0x0003e1a0                __aeabi_dcmplt
                0x0003e1b4                __aeabi_dcmple
                0x0003e1c8                __aeabi_dcmpge
                0x0003e1dc                __aeabi_dcmpgt
 .text          0x0003e1f0       0x30 c:/siliconlabs/simplicitystudio/v4/developer/toolchains/gnu_arm/7.2_2017q4/bin/../lib/gcc/arm-none-eabi/7.2.1/thumb/v7e-m/fpv4-sp/softfp\libgcc.a(_aeabi_uldivmod.o)
                0x0003e1f0                __aeabi_uldivmod
 .text          0x0003e220      0x2cc c:/siliconlabs/simplicitystudio/v4/developer/toolchains/gnu_arm/7.2_2017q4/bin/../lib/gcc/arm-none-eabi/7.2.1/thumb/v7e-m/fpv4-sp/softfp\libgcc.a(_udivmoddi4.o)
                0x0003e220                __udivmoddi4
 .text          0x0003e4ec        0x4 c:/siliconlabs/simplicitystudio/v4/developer/toolchains/gnu_arm/7.2_2017q4/bin/../lib/gcc/arm-none-eabi/7.2.1/thumb/v7e-m/fpv4-sp/softfp\libgcc.a(_dvmd_tls.o)
                0x0003e4ec                __aeabi_idiv0
                0x0003e4ec                __aeabi_ldiv0
 .text.exit     0x0003e4f0       0x28 c:/siliconlabs/simplicitystudio/v4/developer/toolchains/gnu_arm/7.2_2017q4/bin/../lib/gcc/arm-none-eabi/7.2.1/../../../../arm-none-eabi/lib/thumb/v7e-m/fpv4-sp/softfp\libc_nano.a(lib_a-exit.o)
                0x0003e4f0                exit
 .text.__libc_init_array
                0x0003e518       0x48 c:/siliconlabs/simplicitystudio/v4/developer/toolchains/gnu_arm/7.2_2017q4/bin/../lib/gcc/arm-none-eabi/7.2.1/../../../../arm-none-eabi/lib/thumb/v7e-m/fpv4-sp/softfp\libc_nano.a(lib_a-init.o)
                0x0003e518                __libc_init_array