Archive member included to satisfy reference by file (symbol)

C:\Users\jains\SimplicityStudio\v4_workspace\IoT_FP_Parker\protocol\bluetooth\lib\EFR32XG13X\GCC\libbluetooth_mesh.a(bgapi.c.obj)
                              ./calendar.o (symbol from plugin) (gecko_cmd_msg_buf)
C:\Users\jains\SimplicityStudio\v4_workspace\IoT_FP_Parker\protocol\bluetooth\lib\EFR32XG13X\GCC\libbluetooth_mesh.a(bgapi_gap.c.obj)
                              ./main.o (symbol from plugin) (sli_bt_cmd_le_gap_set_mode)
C:\Users\jains\SimplicityStudio\v4_workspace\IoT_FP_Parker\protocol\bluetooth\lib\EFR32XG13X\GCC\libbluetooth_mesh.a(bgapi_gatt.c.obj)
                              bgapi.c.obj (symbol from plugin) (bgapi_gatt_listener)
C:\Users\jains\SimplicityStudio\v4_workspace\IoT_FP_Parker\protocol\bluetooth\lib\EFR32XG13X\GCC\libbluetooth_mesh.a(bgapi_gatt_lib.c.obj)
                              ./main.o (symbol from plugin) (sli_bt_cmd_gatt_server_write_attribute_value)
C:\Users\jains\SimplicityStudio\v4_workspace\IoT_FP_Parker\protocol\bluetooth\lib\EFR32XG13X\GCC\libbluetooth_mesh.a(bgapi_hardware.c.obj)
                              ./main.o (symbol from plugin) (sli_bt_cmd_hardware_set_soft_timer)
C:\Users\jains\SimplicityStudio\v4_workspace\IoT_FP_Parker\protocol\bluetooth\lib\EFR32XG13X\GCC\libbluetooth_mesh.a(bgapi_le_connection.c.obj)
                              ./main.o (symbol from plugin) (sli_bt_cmd_le_connection_close)
C:\Users\jains\SimplicityStudio\v4_workspace\IoT_FP_Parker\protocol\bluetooth\lib\EFR32XG13X\GCC\libbluetooth_mesh.a(bgapi_ps.c.obj)
                              ./main.o (symbol from plugin) (sli_bt_cmd_flash_ps_erase_all)
C:\Users\jains\SimplicityStudio\v4_workspace\IoT_FP_Parker\protocol\bluetooth\lib\EFR32XG13X\GCC\libbluetooth_mesh.a(bgapi_system.c.obj)
                              ./main.o (symbol from plugin) (sli_bt_cmd_system_get_bt_address)
C:\Users\jains\SimplicityStudio\v4_workspace\IoT_FP_Parker\protocol\bluetooth\lib\EFR32XG13X\GCC\libbluetooth_mesh.a(bgbuf.c.obj)
                              bgapi.c.obj (symbol from plugin) (bgbuf_chain_free)
C:\Users\jains\SimplicityStudio\v4_workspace\IoT_FP_Parker\protocol\bluetooth\lib\EFR32XG13X\GCC\libbluetooth_mesh.a(bglib.c.obj)
                              ./main.o (symbol from plugin) (gecko_stack_init)
C:\Users\jains\SimplicityStudio\v4_workspace\IoT_FP_Parker\protocol\bluetooth\lib\EFR32XG13X\GCC\libbluetooth_mesh.a(btl_interface.c.obj)
                              bgapi.c.obj (symbol from plugin) (bootloader_getInfo)
C:\Users\jains\SimplicityStudio\v4_workspace\IoT_FP_Parker\protocol\bluetooth\lib\EFR32XG13X\GCC\libbluetooth_mesh.a(gap.c.obj)
                              bglib.c.obj (symbol from plugin) (gap_reset_state)
C:\Users\jains\SimplicityStudio\v4_workspace\IoT_FP_Parker\protocol\bluetooth\lib\EFR32XG13X\GCC\libbluetooth_mesh.a(gap_adv.c.obj)
                              bgapi_gap.c.obj (symbol from plugin) (gap_set_advertising_timing)
C:\Users\jains\SimplicityStudio\v4_workspace\IoT_FP_Parker\protocol\bluetooth\lib\EFR32XG13X\GCC\libbluetooth_mesh.a(gap_deprecated.c.obj)
                              bgapi_gap.c.obj (symbol from plugin) (ubt_gap_set_adv_parameters)
C:\Users\jains\SimplicityStudio\v4_workspace\IoT_FP_Parker\protocol\bluetooth\lib\EFR32XG13X\GCC\libbluetooth_mesh.a(gap_resolver.c.obj)
                              gap.c.obj (symbol from plugin) (gap_address_resolver_step)
C:\Users\jains\SimplicityStudio\v4_workspace\IoT_FP_Parker\protocol\bluetooth\lib\EFR32XG13X\GCC\libbluetooth_mesh.a(gap_scan.c.obj)
                              gap.c.obj (symbol from plugin) (gap_status_set_scan_packet)
C:\Users\jains\SimplicityStudio\v4_workspace\IoT_FP_Parker\protocol\bluetooth\lib\EFR32XG13X\GCC\libbluetooth_mesh.a(gatt.c.obj)
                              gap.c.obj (symbol from plugin) (gatt_init_connection)
C:\Users\jains\SimplicityStudio\v4_workspace\IoT_FP_Parker\protocol\bluetooth\lib\EFR32XG13X\GCC\libbluetooth_mesh.a(gatt_client.c.obj)
                              bgapi_gatt_lib.c.obj (symbol from plugin) (gatt_client_init)
C:\Users\jains\SimplicityStudio\v4_workspace\IoT_FP_Parker\protocol\bluetooth\lib\EFR32XG13X\GCC\libbluetooth_mesh.a(gatt_db_minimal.c.obj)
                              gap_adv.c.obj (symbol from plugin) (gatt_db_handle_active)
C:\Users\jains\SimplicityStudio\v4_workspace\IoT_FP_Parker\protocol\bluetooth\lib\EFR32XG13X\GCC\libbluetooth_mesh.a(gatt_server.c.obj)
                              gatt_db_minimal.c.obj (symbol from plugin) (gatt_server_send_attribute_value_event)
C:\Users\jains\SimplicityStudio\v4_workspace\IoT_FP_Parker\protocol\bluetooth\lib\EFR32XG13X\GCC\libbluetooth_mesh.a(gecko_bgapi_dfu.c.obj)
                              ./main.o (symbol from plugin) (gecko_bgapi_class_dfu_init)
C:\Users\jains\SimplicityStudio\v4_workspace\IoT_FP_Parker\protocol\bluetooth\lib\EFR32XG13X\GCC\libbluetooth_mesh.a(gecko_bgapi_endpoint.c.obj)
[...]
Memory Configuration

Name             Origin             Length             Attributes
FLASH_BOOTLOADER 0x0fe10000         0x00004000         xr
FLASH            0x00000000         0x0007f000         xr
RAM              0x20000000         0x00010000         xrw
*default*        0x00000000         0xffffffff

Linker script and memory map

LOAD c:/siliconlabs/simplicitystudio/v4/developer/toolchains/gnu_arm/7.2_2017q4/bin/../lib/gcc/arm-none-eabi/7.2.1/thumb/v7e-m/fpv4-sp/softfp/crti.o
LOAD c:/siliconlabs/simplicitystudio/v4/developer/toolchains/gnu_arm/7.2_2017q4/bin/../lib/gcc/arm-none-eabi/7.2.1/thumb/v7e-m/fpv4-sp/softfp/crtbegin.o
LOAD c:/siliconlabs/simplicitystudio/v4/developer/toolchains/gnu_arm/7.2_2017q4/bin/../lib/gcc/arm-none-eabi/7.2.1/../../../../arm-none-eabi/lib/thumb/v7e-m/fpv4-sp/softfp/crt0.o
START GROUP
LOAD C:\Users\jains\AppData\Local\Temp\ccu62W5Y.ltrans0.ltrans.o
LOAD C:\Users\jains\AppData\Local\Temp\ccu62W5Y.ltrans1.ltrans.o
LOAD C:\Users\jains\AppData\Local\Temp\ccu62W5Y.ltrans2.ltrans.o
LOAD C:\Users\jains\AppData\Local\Temp\ccu62W5Y.ltrans3.ltrans.o
LOAD C:\Users\jains\AppData\Local\Temp\ccu62W5Y.ltrans4.ltrans.o
LOAD C:\Users\jains\AppData\Local\Temp\ccu62W5Y.ltrans5.ltrans.o
LOAD C:\Users\jains\AppData\Local\Temp\ccu62W5Y.ltrans6.ltrans.o
LOAD C:\Users\jains\AppData\Local\Temp\ccu62W5Y.ltrans7.ltrans.o
LOAD C:\Users\jains\AppData\Local\Temp\ccu62W5Y.ltrans8.ltrans.o
LOAD C:\Users\jains\AppData\Local\Temp\ccu62W5Y.ltrans9.ltrans.o
LOAD C:\Users\jains\SimplicityStudio\v4_workspace\IoT_FP_Parker\protocol\bluetooth\lib\EFR32XG13X\GCC\libcoex.a
LOAD C:\Users\jains\SimplicityStudio\v4_workspace\IoT_FP_Parker\protocol\bluetooth\lib\EFR32XG13X\GCC\libbluetooth_mesh.a
LOAD C:\Users\jains\SimplicityStudio\v4_workspace\IoT_FP_Parker\protocol\bluetooth\lib\EFR32XG13X\GCC\binapploader.o
LOAD c:/siliconlabs/simplicitystudio/v4/developer/toolchains/gnu_arm/7.2_2017q4/bin/../lib/gcc/arm-none-eabi/7.2.1/../../../../arm-none-eabi/lib/thumb/v7e-m/fpv4-sp/softfp\libm.a
END GROUP
START GROUP
LOAD c:/siliconlabs/simplicitystudio/v4/developer/toolchains/gnu_arm/7.2_2017q4/bin/../lib/gcc/arm-none-eabi/7.2.1/thumb/v7e-m/fpv4-sp/softfp\libgcc.a
LOAD c:/siliconlabs/simplicitystudio/v4/developer/toolchains/gnu_arm/7.2_2017q4/bin/../lib/gcc/arm-none-eabi/7.2.1/../../../../arm-none-eabi/lib/thumb/v7e-m/fpv4-sp/softfp\libc_nano.a
LOAD c:/siliconlabs/simplicitystudio/v4/developer/toolchains/gnu_arm/7.2_2017q4/bin/../lib/gcc/arm-none-eabi/7.2.1/../../../../arm-none-eabi/lib/thumb/v7e-m/fpv4-sp/softfp\libnosys.a
END GROUP
START GROUP
LOAD c:/siliconlabs/simplicitystudio/v4/developer/toolchains/gnu_arm/7.2_2017q4/bin/../lib/gcc/arm-none-eabi/7.2.1/thumb/v7e-m/fpv4-sp/softfp\libgcc.a
LOAD c:/siliconlabs/simplicitystudio/v4/developer/toolchains/gnu_arm/7.2_2017q4/bin/../lib/gcc/arm-none-eabi/7.2.1/../../../../arm-none-eabi/lib/thumb/v7e-m/fpv4-sp/softfp\libg_nano.a
LOAD c:/siliconlabs/simplicitystudio/v4/developer/toolchains/gnu_arm/7.2_2017q4/bin/../lib/gcc/arm-none-eabi/7.2.1/../../../../arm-none-eabi/lib/thumb/v7e-m/fpv4-sp/softfp\libc_nano.a
END GROUP
START GROUP
LOAD c:/siliconlabs/simplicitystudio/v4/developer/toolchains/gnu_arm/7.2_2017q4/bin/../lib/gcc/arm-none-eabi/7.2.1/thumb/v7e-m/fpv4-sp/softfp\libgcc.a
LOAD c:/siliconlabs/simplicitystudio/v4/developer/toolchains/gnu_arm/7.2_2017q4/bin/../lib/gcc/arm-none-eabi/7.2.1/../../../../arm-none-eabi/lib/thumb/v7e-m/fpv4-sp/softfp\libc_nano.a
END GROUP
LOAD c:/siliconlabs/simplicitystudio/v4/developer/toolchains/gnu_arm/7.2_2017q4/bin/../lib/gcc/arm-none-eabi/7.2.1/thumb/v7e-m/fpv4-sp/softfp/crtend.o
LOAD c:/siliconlabs/simplicitystudio/v4/developer/toolchains/gnu_arm/7.2_2017q4/bin/../lib/gcc/arm-none-eabi/7.2.1/thumb/v7e-m/fpv4-sp/softfp/crtn.o

.text_bootloader
                0x0fe10000        0x0
 *(.binbootloader*)
                0x0fe10000                . = ALIGN (0x4000)

.text_apploader
                0x00000000     0x8fc0
 *(.binapploader*)
 .binapploader  0x00000000     0x8fc0 C:\Users\jains\SimplicityStudio\v4_workspace\IoT_FP_Parker\protocol\bluetooth\lib\EFR32XG13X\GCC\binapploader.o

.text_signature
                0x00008fc0       0x40
                0x00009000                . = ALIGN (0x800)
 *fill*         0x00008fc0       0x40 
                0x00009000                __text_start__ = .

.text_application
                0x00009000    0x3d838
 *(.vectors)
 .vectors       0x00009000       0xfc C:\Users\jains\AppData\Local\Temp\ccu62W5Y.ltrans2.ltrans.o
                0x00009000                __Vectors
                0x000090fc                __Vectors_End = .
                0x000000fc                __Vectors_Size = (__Vectors_End - __Vectors)
                0x000090fc                __end__ = .
 *(.application_properties)
 .application_properties
                0x000090fc       0x38 C:\Users\jains\AppData\Local\Temp\ccu62W5Y.ltrans0.ltrans.o
                0x000090fc                bg_application_properties
 *(.gecko_configuration)
 *(.xo_configuration)
 *(.gatt_header)
 .gatt_header   0x00009134       0x34 C:\Users\jains\AppData\Local\Temp\ccu62W5Y.ltrans9.ltrans.o
                0x00009134                bg_gattdb_data
 *(.gatt_data)
 .gatt_data     0x00009168      0x304 C:\Users\jains\AppData\Local\Temp\ccu62W5Y.ltrans9.ltrans.o
                0x00009168                bg_gattdb_data_attribute_field_34
                0x00009170                bg_gattdb_data_attribute_field_33
                0x00009178                bg_gattdb_data_attribute_field_32
                0x00009180                bg_gattdb_data_attribute_field_31
                0x00009188                bg_gattdb_data_attribute_field_29
                0x00009190                bg_gattdb_data_attribute_field_28
                0x00009198                bg_gattdb_data_attribute_field_27
                0x0000919c                bg_gattdb_data_attribute_field_26
                0x000091a4                bg_gattdb_data_attribute_field_25
                0x000091ba                bg_gattdb_data_attribute_field_24
                0x000091cc                bg_gattdb_data_attribute_field_22
                0x000091d4                bg_gattdb_data_attribute_field_21
                0x000091dc                bg_gattdb_data_attribute_field_20
                0x000091e4                bg_gattdb_data_attribute_field_19
                0x000091ec                bg_gattdb_data_attribute_field_18
                0x000091f0                bg_gattdb_data_attribute_field_16
                0x000091f8                bg_gattdb_data_attribute_field_15
                0x00009200                bg_gattdb_data_attribute_field_14
                0x00009208                bg_gattdb_data_attribute_field_13
                0x00009210                bg_gattdb_data_attribute_field_12
                0x00009214                bg_gattdb_data_attribute_field_11
                0x00009222                bg_gattdb_data_attribute_field_10
                0x0000922a                bg_gattdb_data_attribute_field_9
                0x0000922e                bg_gattdb_data_attribute_field_8
                0x00009232                bg_gattdb_data_attribute_field_7
                0x0000923c                bg_gattdb_data_attribute_field_6
                0x00009244                bg_gattdb_data_attribute_field_5
                0x0000924c                bg_gattdb_data_attribute_field_4
                0x00009250                bg_gattdb_data_attribute_field_2
                0x00009258                bg_gattdb_data_attribute_field_1
                0x00009260                bg_gattdb_data_attribute_field_0
                0x00009264                bg_gattdb_data_adv_uuid128_map
                0x00009265                bg_gattdb_data_adv_uuid16_map
                0x0000926a                bg_gattdb_data_attributes_dynamic_mapping_map
                0x0000927e                bg_gattdb_data_uuidtable_128_map
                0x0000929e                bg_gattdb_data_uuidtable_16_map
                0x000092c8                bg_gattdb_data_attributes_map
 *(.text*)
 .text          0x0000946c       0x40 c:/siliconlabs/simplicitystudio/v4/developer/toolchains/gnu_arm/7.2_2017q4/bin/../lib/gcc/arm-none-eabi/7.2.1/thumb/v7e-m/fpv4-sp/softfp/crtbegin.o
 .text          0x000094ac       0x74 c:/siliconlabs/simplicitystudio/v4/developer/toolchains/gnu_arm/7.2_2017q4/bin/../lib/gcc/arm-none-eabi/7.2.1/../../../../arm-none-eabi/lib/thumb/v7e-m/fpv4-sp/softfp/crt0.o
                0x000094ac                _mainCRTStartup
                0x000094ac                _start
 .text          0x00009520     0x461c C:\Users\jains\AppData\Local\Temp\ccu62W5Y.ltrans0.ltrans.o
                0x00009520                gecko_init_alloc
                0x00009bc0                sleepCallbackWrapper.lto_priv.468
                0x00009da2                USART0_RX_IRQHandler
                0x00009e2c                WDOG1_IRQHandler
                0x00009e2c                I2C0_IRQHandler
                0x00009e2c                LEUART0_IRQHandler
                0x00009e2c                MemManage_Handler
                0x00009e2c                CSEN_IRQHandler
                0x00009e2c                LETIMER0_IRQHandler
                0x00009e2c                USART2_TX_IRQHandler
                0x00009e2c                WTIMER0_IRQHandler
                0x00009e2c                ACMP0_IRQHandler
                0x00009e2c                UsageFault_Handler
                0x00009e2c                SVC_Handler
                0x00009e2c                CRYPTO1_IRQHandler
                0x00009e2c                SysTick_Handler
                0x00009e2c                SMU_IRQHandler
                0x00009e2c                IDAC0_IRQHandler
                0x00009e2c                PendSV_Handler
                0x00009e2c                USART0_TX_IRQHandler
                0x00009e2c                TIMER0_IRQHandler
                0x00009e2c                USART2_RX_IRQHandler
                0x00009e2c                TRNG0_IRQHandler
                0x00009e2c                USART1_TX_IRQHandler
                0x00009e2c                TIMER1_IRQHandler
                0x00009e2c                NMI_Handler
                0x00009e2c                MSC_IRQHandler
                0x00009e2c                PCNT0_IRQHandler
                0x00009e2c                CMU_IRQHandler
                0x00009e2c                Default_Handler
                0x00009e2c                LDMA_IRQHandler
                0x00009e2c                DebugMon_Handler
                0x00009e2c                BusFault_Handler
                0x00009e2c                ADC0_IRQHandler
                0x00009e2c                CRYOTIMER_IRQHandler
                0x00009e2c                USART1_RX_IRQHandler
                0x00009e2c                WDOG0_IRQHandler
                0x00009e2c                I2C1_IRQHandler
                0x00009e2c                LESENSE_IRQHandler
                0x00009e2c                EMU_IRQHandler
                0x00009e2c                CRYPTO0_IRQHandler
                0x00009e2c                VDAC0_IRQHandler
                0x00009e2c                FPUEH_IRQHandler
                0x00009e2c                HardFault_Handler
                0x00009e2e                user_signal_message_handler.lto_priv.467
                0x00009e88                sli_bt_cmd_le_gap_bt5_set_adv_parameters
                0x0000a218                sli_bt_cmd_gatt_server_send_characteristic_notification
                0x0000a38c                sli_bt_cmd_gatt_set_characteristic_notification
                0x0000a410                sli_bt_cmd_gatt_write_characteristic_value_without_response
                0x0000a48c                sli_bt_cmd_gatt_discover_characteristics
                0x0000a508                sli_bt_cmd_gatt_discover_primary_services_by_uuid
                0x0000a5d8                sli_bt_cmd_le_gap_set_scan_parameters
                0x0000a644                sli_bt_cmd_le_gap_bt5_set_adv_data
                0x0000a6a8                sli_bt_cmd_le_gap_bt5_set_mode
                0x0000a738                RTCC_IRQHandler
                0x0000ab04                GPIO_ODD_IRQHandler
                0x0000ab28                GPIO_EVEN_IRQHandler
                0x0000afa4                Reset_Handler
                0x0000afdc                gap_connection_complete
                0x0000b038                gap_scan_update
                0x0000b138                sli_bt_cmd_le_gap_end_procedure
                0x0000b180                check_private_address_and_timer
                0x0000b244                sli_bt_cmd_le_gap_discover
                0x0000b2c4                gap_notify_connection_parameters
                0x0000b324                gecko_stack_update_callback
                0x0000b360                bgbuf_chain_add
                0x0000b374                bgbuf_chain_len
                0x0000b388                bgbuf_prepend_no_alloc
                0x0000b3c8                bgbuf_chain_pop_packet
                0x0000b3ee                bgbuf_append_data
                0x0000b412                MSC_Deinit
                0x0000b428                MSC_Init
                0x0000b448                EMU_DCDCLnRcoBandSet
                0x0000b470                CORE_SetNvicRamTableHandler
                0x0000b480                CORE_ExitAtomic
                0x0000b480                CORE_ExitCritical
                0x0000b486                bgbuf_free
                0x0000b4fc                bgbuf_chain_defragment
                0x0000b588                bgbuf_chain_drop_end
                0x0000b5ca                bgbuf_chain_drop
                0x0000b5f8                bgbuf_chain_free
                0x0000b60c                bgapi_ubt_listener
                0x0000bccc                bgbuf_alloc_int.lto_priv.508
                0x0000bd68                bgbuf_chain_append_data
                0x0000bdcc                bgbuf_clone
                0x0000be3e                bgbuf_alloc_copy_data
                0x0000beb8                bgbuf_alloc_size
                0x0000bec6                bgbuf_alloc
                0x0000bed2                bgbuf_split
                0x0000bf22                bgbuf_prepend
                0x0000bf46                CMU_ClockSelectGet
                0x0000c00c                CMU_ClockEnable
                0x0000c0d8                SystemHFClockGet
                0x0000c24c                CMU_ClockFreqGet
                0x0000c444                set_ctune
                0x0000c8aa                DMD_writeColor.part.2
                0x0000da04                _write
                0x0000da68                _sbrk
                0x0000da8c                _read
                0x0000db24                _lseek
                0x0000db28                _isatty
                0x0000db2c                _fstat
                0x0000db36                _exit
                0x0000db38                _close
 .text.startup  0x0000db3c     0x1650 C:\Users\jains\AppData\Local\Temp\ccu62W5Y.ltrans0.ltrans.o
                0x0000db3c                main
 .text          0x0000f18c     0x58e0 C:\Users\jains\AppData\Local\Temp\ccu62W5Y.ltrans1.ltrans.o
                0x0000f1fa                bg_pre_sleep
                0x0000f1fc                bg_post_wakeup
                0x0000f542                ll_llcpCallbackConnectionUpdatePreListen.lto_priv.869
                0x0000f580                ll_llcpCallbackChannelMapUpdate.lto_priv.868
                0x0000f5f6                ll_bgbuf_callback.lto_priv.470
                0x0000f9f6                ll_connAbortLlcp
                0x0000fa22                ll_llcpCallbackEncryption.lto_priv.867
                0x0000fa86                ll_llcpFeatureExchange
                0x0000fac0                ll_llcpSend
                0x0000fbc8                ll_llcpUpdateChannelMap_sender.lto_priv.615
                0x0000fce0                ll_llcpSendReject
                0x0000fd1c                ll_hciSendHCIEvent
                0x0000fd28                ll_hciSendAdvSetTerminated.part.3
                0x0000fd62                ll_hciSendEncryptionChange
                0x0000fd92                ll_hciSendLeConnectionComplete
                0x0000fe0c                hci_command_alloc
                0x0000fe3a                hci_state_listener
                0x0000fe6c                hci_increase_token.lto_priv.505
                0x0000fe7e                handle_bgapi_output.lto_priv.610
                0x0000fef4                sli_bt_cmd_handler_delegate
                0x0000ff44                gatt_db_find_attribute_by_type
                0x0000ff7c                gatt_db_get_16bit_char_handle
                0x00010020                gatt_db_set_data
                0x000101ac                gatt_db_get_data
                0x0001041c                gatt_db_user_value
                0x00010438                finish_execute_write_req.lto_priv.997
                0x000104e2                gatt_db_get_char_properties
                0x00010528                abort_long_write.lto_priv.510
                0x00010546                free_params_data.lto_priv.509
                0x00010552                end_procedure.lto_priv.511
                0x0001058e                gatt_handle_write_response
                0x000105a0                gatt_handle_execute_write_response
                0x000105d8                gatt_handle_read_by_group_type_response
                0x00010694                gatt_handle_find_by_type_value_response
                0x00010746                gatt_handle_find_information_response
                0x000108de                send_characteristic_value_event.lto_priv.688
                0x00010950                gatt_handle_read_multiple_response
                0x00010a18                gatt_handle_read_blob_response
                0x00010a4e                gatt_handle_read_response
                0x00010b30                gatt_handle_read_by_type_response
                0x00010d48                gatt_get_next_connection
                0x00010d70                gatt_get_connection
                0x00010d7c                gatt_start_procedure_timeout_timer
                0x00010d88                send_notification.lto_priv.996
                0x00010e32                gatt_server_report_gattdb_change
                0x0001106c                send_gatt_mtu_exchanged_event
                0x00011096                ubt_gap_get_identity_address
                0x000110b4                ll_llcpLinkLost
                0x000111e8                ll_llcpSendLengthReq
                0x0001128c                ll_llcpHandleFeatureReq.lto_priv.906
                0x000112e8                ll_llcpHandlePacketCommon
                0x00011608                ll_hciSendNumberOfCompletedPackets
                0x000116b4                ll_hciHandleCommand
                0x000127fc                hci_send_acl
                0x00012938                l2cap_message_handler
                0x0001296c                l2cap_send_fixed_channel
                0x000129ae                hci_send_command
                0x000129e8                hci_le_ltk_reply
                0x00012a32                hci_le_start_encryption
                0x00012b44                hci_close_acl
                0x00012e80                ubt_gap_set_le_mode
                0x000132c4                ubt_gap_set_adv_data
                0x00013398                gap_connection_complete.part.11
                0x000148b0                gap_listener
 .text.unlikely
                0x00014a6c      0x398 C:\Users\jains\AppData\Local\Temp\ccu62W5Y.ltrans1.ltrans.o
 .text          0x00014e04     0x62f4 C:\Users\jains\AppData\Local\Temp\ccu62W5Y.ltrans2.ltrans.o
                0x00014e04                SYNTH_IRQHandler
                0x00014e14                GENERIC_PHY_RxOverflowHook.lto_priv.881
                0x0001513c                AGC_IRQHandler
                0x00015184                RAC_RSM_IRQHandler
                0x00015230                ll_dtmTaskHandler
                0x00015798                ccm_ctx_alloc.lto_priv.502
                0x000157b0                ccm_aes_setkey_wrap.lto_priv.501
                0x000157b4                ccm_ctx_free.lto_priv.503
                0x000157c6                bgapi_test_lib_msg_handler
                0x00015810                PA_SetRampTime
                0x0001592c                PA_SetPowerLevel
                0x00015a60                GENERIC_PHY_SeqAtomicLock
                0x00015aa0                GENERIC_PHY_PacketTxCommon
                0x00015ae0                BUFC_WriteBuffer
                0x00015b8c                ll_linkGetWindowWidening
                0x00015be0                ll_connEncDataToBuffer
                0x00015c08                ll_connEncBufferToData
                0x00015c34                ll_connValidateParams
                0x00015c6e                ll_connUpdateMaxPacketLengths
                0x00015cdc                ll_connGetHandleByConn
                0x00015d08                ll_connGetByHandle
                0x00015d30                bg_bit_clr_exclusive.lto_priv.618.lto_priv.917
                0x00015d30                bg_bit_clr_exclusive.lto_priv.619.lto_priv.904
                0x00015d30                bg_bit_clr_exclusive.lto_priv.621.lto_priv.909
                0x00015d30                bg_bit_clr_exclusive.lto_priv.622.lto_priv.905
                0x00015d30                bg_bit_clr_exclusive.lto_priv.620.lto_priv.907
                0x00015d30                bg_bit_clr_exclusive.lto_priv.623.lto_priv.902
                0x00015d42                bg_bit_set_exclusive.lto_priv.627.lto_priv.910
                0x00015d42                bg_bit_set_exclusive.lto_priv.629.lto_priv.687
                0x00015d42                bg_bit_set_exclusive.lto_priv.631.lto_priv.903
                0x00015d42                bg_bit_set_exclusive.lto_priv.626.lto_priv.913
                0x00015d42                bg_bit_set_exclusive.lto_priv.628.lto_priv.901
                0x00015d42                bg_bit_set_exclusive.lto_priv.625.lto_priv.916
                0x00015d42                bg_bit_set_exclusive.lto_priv.624.lto_priv.715
                0x00015d52                ll_connEncryptionConnectionInit
                0x00015d88                ll_connRaiseEvents
                0x000163bc                ll_channelmapUpdate
                0x00016436                ll_connInitNew
                0x00016618                ll_channelmapUsedChannels
                0x00016640                ll_channelmapGetChannelMap
                0x00016658                ll_connUpdatedChannelClassification
                0x000166c0                ll_advExtUpdateChannelMap
                0x000166e0                ll_advGetByHandle
                0x00016728                scan_getRadioPhy.lto_priv.908
                0x00016728                adv_getRadioPhy.lto_priv.938
                0x0001673c                mbedtls_mpi_init
                0x0001674a                mbedtls_ecp_point_init.part.5
                0x00016762                crypto_management_release
                0x00016798                mbedtls_aes_init.part.3
                0x000167a0                aes_ctx_free.lto_priv.500
                0x000167b4                aes_ctx_alloc.lto_priv.499
                0x000167c8                mbedtls_aes_setkey_enc
                0x00016804                aes_setkey_enc_wrap.lto_priv.497
                0x00016806                mbedtls_cipher_update
                0x000168a8                mbedtls_cipher_cmac_update
                0x00016970                mbedtls_cipher_setup
                0x000169a4                bondingdb_find_by_data.part.2
                0x000169fc                ubt_sm_get_bond_data
                0x00016a2c                bgapi_sm_listener.lto_priv.984
                0x00016af4                ubt_sm_set_bond_data
                0x00016b22                set_change_awareness
                0x00016b3c                set_client_features
                0x00016b7a                ubt_sm_delete_bonding
                0x00016c34                bondingdb_count_bonds
                0x00016c4c                ubt_sm_alloc_bond
                0x00016d34                mbedtls_mpi_cmp_mpi
                0x00016db4                mbedtls_mpi_cmp_int
                0x00016dce                mbedtls_mpi_bitlen
                0x00016e0e                mbedtls_mpi_grow
                0x00016eee                mbedtls_mpi_lset
                0x00016f16                mbedtls_mpi_shift_r
                0x00016ff8                mbedtls_mpi_free
                0x00017024                mbedtls_ecp_point_free.part.8
                0x0001703e                mbedtls_ecp_point_free
                0x00017044                mbedtls_mpi_read_binary
                0x000170aa                mbedtls_mpi_copy
                0x000170fe                mbedtls_ecp_copy
                0x00017128                mbedtls_mpi_mul_mpi
                0x0001780c                ecp_mod_p256.lto_priv.466
                0x00017d96                mbedtls_mpi_sub_mpi
                0x000181b6                ecp_modp.lto_priv.517
                0x0001823c                mbedtls_ecp_check_pubkey
                0x000183d0                bg_pool_free
                0x000183e8                bg_pool_alloc
                0x00018404                bg_message_run
                0x0001849c                bg_message_call
                0x000184ca                ll_connFree
                0x00018520                ll_advTaskStopHandle
                0x00018808                ll_advExtTaskHandlerWaitTx
                0x00018a64                ll_advTaskHandlerWaitTx
                0x00018b88                ll_connAlloc
                0x00018be4                ll_advUpdateMaxEventLength
                0x00018ce4                GENERIC_PHY_EnableRadioIrqs.lto_priv.831
                0x00018d18                GENERIC_PHY_DisableRadioIrqs.lto_priv.833
                0x00018dc8                GENERIC_PHY_ConfigureInterrupts.lto_priv.832
                0x00018f58                GENERIC_PHY_ClearPendedRxWindowEnd.lto_priv.829
                0x00018fb0                RADIO_RACRxAbort.lto_priv.506
                0x00018fe8                BUFC_RxBufferReset
                0x0001903c                GENERIC_PHY_ResetRxFifo
                0x0001906c                FRC_IRQHandler
                0x00019790                FRC_PRI_IRQHandler
                0x00019792                MODEM_IRQHandler
                0x00019794                RAC_SEQ_IRQHandler
                0x00019796                PROTIMER_IRQHandler
                0x00019798                BUFC_IRQHandler
                0x0001979a                GENERIC_PHY_RadioIdle
                0x0001990c                crypto_management_release_preemption
                0x00019d60                ll_connSendData
                0x00019f08                ll_connEnableDataFlow
                0x00019f2e                ll_connEncryptionFail
                0x0001a124                aes_crypt_ctr_wrap.lto_priv.496
                0x0001a168                bg_random_get_data
                0x0001a1e4                mbedtls_aes_crypt_ecb
                0x0001a288                ll_connEncryptionSetSessionKey
                0x0001a320                aes_crypt_ecb_wrap.lto_priv.495
                0x0001a322                aes_setkey_dec_wrap.lto_priv.498
                0x0001a3d0                ecp_double_jac.lto_priv.514
                0x0001a9aa                ecp_add_mixed.lto_priv.516
                0x0001af5c                mbedtls_ecp_group_free
                0x0001afba                mbedtls_cipher_cmac_finish
                0x0001b0c8                mbedtls_cipher_free
 .text.unlikely
                0x0001b0f8      0x934 C:\Users\jains\AppData\Local\Temp\ccu62W5Y.ltrans2.ltrans.o
                0x0001b0f8                fill_buffer_byte.lto_priv.935
                0x0001b120                mbedtls_mpi_safe_cond_assign
                0x0001b188                ecp_safe_invert_jac.lto_priv.512
                0x0001b56a                ecp_normalize_jac.lto_priv.513
                0x0001b638                ecp_normalize_jac_many.lto_priv.515
 .text          0x0001ba2c     0x6d2c C:\Users\jains\AppData\Local\Temp\ccu62W5Y.ltrans3.ltrans.o
                0x0001bb3c                sf644eec1fc685a1dcfbc126b2e0f411dddb5a35dbeb82fa6680d1b9ab236a975
                0x0001bbc8                s9a038438b96a59eed64aababe6ec97f449cc898c03ab04d2c74a7f7c4bbc2e05.lto_priv.779
                0x0001bbf0                sb1a644a1e5843c08107db7f44e6f6de3f416b6088213276810b83cc983817266.lto_priv.809
                0x0001bc28                RAIL_YieldRadio
                0x0001c5f8                sdccd8c01e9babaa0e0963c0cd2274195d601e2d214eb7259e96764e325fe3511.lto_priv.811
                0x0001c630                scfcbe62bc55fcce451bccf3797d7dd6dc6d553185d251f936804143b1296dfa2.lto_priv.810
                0x0001c658                sli_bt_cmd_mesh_generic_server_init
                0x0001c724                sli_bt_cmd_mesh_generic_client_init
                0x0001c7f0                s064b9ebe14234db4a190f16cc9cf7bcb5f5784a2d9c4eacc4d1ad7e5af0148df.lto_priv.737
                0x0001c818                sli_bt_cmd_mesh_generic_server_update
                0x0001c8bc                sli_bt_cmd_mesh_generic_server_response
                0x0001c9cc                se63787913999295d3840ffda1c593788a4602db3059ec1a85a9aadadb3435d5f
                0x0001c9de                s859685f3bb9cd4a78eb6cc50812d921e8f4bcb7ee9fecccb6c5b446b54795a28
                0x0001ca36                s374883e05db0975f279acd0c8a7bd3843a3fdaa58062202d513dfaab3dfccf9b
                0x0001ca6a                sb687b9f58812454f1c13f6036a5c63f36284b9e88ca9ad887c426990f7110dc0
                0x0001cac6                sbd8d750ca7f3c236d340c1eaec8486d971fb17a5c4354f20d8dfef33ab592bbf.lto_priv.535
                0x0001cad8                s5b1748ad1dc9a094278a70ed0e64dbea6aed97ce55e1be117a5fe3cee4600ae6
                0x0001cff6                sc4c6a823f842d1814601d4202e4663eec22f1c956512ebca334bacebd269355b.lto_priv.595
                0x0001d014                s7106f745c102199fe27f21960295fdb4457a22b491cfa616eb470481f7a9fe98.lto_priv.728
                0x0001d250                s9f68a26d035d1f514a015a273071c91891899c1e9d01919edc19081ead2e6093.lto_priv.702
                0x0001d270                sc1ba439c94aa9693f7b611877a2f066f5e83b256029e30df009fc20d45c324a3.lto_priv.679
                0x0001d2c4                s2bd23c8fceacb806d93b517200516653f75b899c45b63f4c5072c942834cc226
                0x0001d2ee                s4942a71b887c9604bea622a56e8b8e7c6834c4b6cd7a90bc47610d8ff0b93624
                0x0001d2f8                scb28c1f42ed39204eaf76b33514208eb84e19d5454a84bc9ef7bbc97bb22b3ec
                0x0001d540                se2dfec209fa446700a33541d6c1bb13dfaa01e1e866573701ba5f9140c7a7c00.lto_priv.697
                0x0001d670                s76cb0009c38d97748c40fb80af8eb69e087d975dcb9e945047195ce1b5cf8e07
                0x0001d764                s4486de96d7f76e2a57775d4e0eb83bdaf4745d1d303f0d4421d3c0b20a527fcc.lto_priv.738.lto_priv.827
                0x0001d9a0                s4fdd739175590387efed4a3fce66a1bca4f17b519a444ac1b9e275fe54fae31a
                0x0001d9bc                s79558a2aefdf9c28e56d0fab6e02360b174da1e51d40a35761c4d4f3855183b9
                0x0001d9e0                s88e74df6d693c3d7072d1fe7fe4d86667f9069cbeff5f446a6304df81426420e
                0x0001da40                sb2b9c601cc46226b5bb2932854316060b0f4ecbc09e3ac85b0759af8fd5e17e5.lto_priv.824
                0x0001db08                sf36d8d780fc95f18233d37fe7ff1d263ff5779c7cbee229dc67fa00d04dcf0aa
                0x0001dbb0                s09c27f1dcf1aa2f8cd58408797518d3afd58b33f4e6e6c4b2454fb1500044f00
                0x0001dbec                s6511bdaeedecfe11658fc89b4e16b5429bdfd823fd9bc082d860b1649aba5995
                0x0001dc30                sf745b9eddd638232923ca3229e88cacaacf2aafa74770371da5c4d5d60daf09b
                0x0001dc58                s59dfc794530d0975de1f2f53f94b104bcbf320c923927523ab8443b14be389a0.lto_priv.518
                0x0001dc74                s1967a7a229d4ae623378a9646807f65cda9f7cf1ffb8836775a7d0099c309343.lto_priv.534
                0x0001dc98                s844e130eaf59c234323483d1ed2d7e4eac229699dddddbc676540aac1d910e67.lto_priv.822
                0x0001ddb0                sbb4eec507b5a168ec8b28c986c2ee29204eaeed558feabb5babca62ee289846c.lto_priv.808
                0x0001de98                s3090f14c3265652bdeef45fd059dd45b630cfd2e384a89d274e91ccf2eee559c.lto_priv.699
                0x0001e1d4                s5cbf039156296d6c2bb8d0c0604e837c75f1723762aba8a1c8166c00fa15a638
                0x0001e7d0                s5684044cf5175a8b740cd2961a53a120b7e3f5ed816134bb06f946cf9d956db9
                0x0001eb80                sb4cbcfb27a049a42f8c328b3b32e31225fa58acd8fa1fbd156c1086204d42f54
                0x0001ebf8                s61e8044af69aa24a7b2ee8b8b10d9f667017fa329e84958144542c19b7f4fbc7.lto_priv.778
                0x00020d08                sfeca3019580bba44eb2c246c8ae0017167eca8528fe01c05a5279c48437c4180.lto_priv.812
 .text.unlikely
                0x00022758      0x230 C:\Users\jains\AppData\Local\Temp\ccu62W5Y.ltrans3.ltrans.o
                0x000228ec                s21837a89709527f76a22b50cacde2eeb23f009585933d94c497d12b51fb631f8
                0x00022928                s13c87fcd1e7b3daa26d5cd11518ed7984adeafe4dfd73084375b248b53f47225
                0x00022962                s6e0b82721891021f166f3779383940d1ce408eff5bb1cec4e2e615bf8a262f55
 .text          0x00022988     0x5b34 C:\Users\jains\AppData\Local\Temp\ccu62W5Y.ltrans4.ltrans.o
                0x00022a80                PRORTC_IRQHandler
                0x00022a90                RFSENSE_IRQHandler
                0x00022a92                getMultiTimer.lto_priv.898
                0x00022a96                isMultiTimerExpired.lto_priv.897
                0x00022a9a                cancelMultiTimer.lto_priv.895
                0x00022a9e                isMultiTimerRunning.lto_priv.896
                0x00022aa2                setMultiTimer.lto_priv.894
                0x00022aa6                RFHAL_IsTimerRunning
                0x00022ab8                RFHAL_IsTimerExpired
                0x00022ad4                RFHAL_GetTimer
                0x00022ae0                eventDefault.lto_priv.880
                0x00022ae2                radioConfigChangedDefault.lto_priv.544
                0x00022ae4                BG_PRORTC_IRQHandler
                0x00022b14                sa0e92732c5ddba380789b93031f94b94bfb918451380ba733b79964bbe8c2059.lto_priv.743
                0x00022e8c                sli_bt_cmd_mesh_generic_client_get
                0x00022f1c                s9b879a728ab033da5848566b9330d8aa3d282d63b79cf2635edaafc5b39a284e.lto_priv.744
                0x00022f7c                sc1c4390cba2517da80663dd80be91c783089f07dd7a0ed5e8a80d73918448c6d.lto_priv.747
                0x00023264                s3a41d548aa29d3c66fb789961631ac654dcebb97302223d310cca14354ddd4c7.lto_priv.981
                0x00023266                s392d549afc178c0d7a5681ebd5332cd1899f8a76570c5c04b5025b656c20919c.lto_priv.982
                0x000233c4                sli_bt_cmd_mesh_node_start_unprov_beaconing
                0x00023600                sli_bt_cmd_mesh_friend_init
                0x00023994                sli_bt_cmd_mesh_generic_client_publish
                0x00023a98                sli_bt_cmd_mesh_generic_client_set
                0x00023b70                gecko_bgapi_class_mesh_proxy_client_init
                0x00023bc8                sa368156d8fd4bdcbcb29b97eb480ecafecb17728e74d211474c0326f76be525a
                0x00023be4                header_invalid
                0x00023c02                crc32_calc.lto_priv.507
                0x00023c30                find_obj
                0x00023c8c                flash_write_u32.lto_priv.900
                0x00023d4c                erase_db
                0x00023d7c                TIMING_NsToStimerTickCalc.lto_priv.912
                0x00023da8                TIMING_Recalculate.lto_priv.640
                0x00023f9c                SYNTH_DCDCRetimeClkSet
                0x00024008                SYNTH_LoDivGet
                0x00024028                RTCCSYNC_RTCCClockFreqGet.lto_priv.1000
                0x0002406c                RFHAL_GetBitRate
                0x00024130                RFHAL_GetRadioState
                0x00024178                isTransitionState.lto_priv.914
                0x0002418a                RFHAL_BLEPreambleSyncWordSet
                0x000241d0                RFHAL_IsBleLongRangeEnabled
                0x000241e8                RFHAL_WriteTxFifo
                0x00024248                RAIL_ConvertDbmToRaw
                0x00024334                uuid_to_handle
                0x00024398                timer_get_time
                0x000243c0                store_write
                0x00024648                RFRAND_GetRadioEntropy
                0x000249cc                RFHAL_CancelTimer
                0x00024a14                RFHAL_SetTimer
                0x00024a9c                RFHAL_NotifyUserOfIrCal.lto_priv.911
                0x00024b34                sli_bt_cmd_mesh_node_init_oob
                0x00026314                RAILInt_SetChannel
                0x000264e8                RAILCore_ScheduleRx
                0x00026694                RFHAL_SetTxPower
                0x000266ce                RAILCore_ConfigChannels
                0x00026714                GENERIC_PHY_EventCallback
                0x00026914                smp_state_slave_idle.lto_priv.858
                0x00026ee4                smp_handle_generic.lto_priv.899
                0x00027048                smp_state_slave_wait_encryption.lto_priv.859
                0x000281c4                smp_state_master_pairing_req_sent.lto_priv.856
 .text          0x000284bc     0x60d8 C:\Users\jains\AppData\Local\Temp\ccu62W5Y.ltrans5.ltrans.o
                0x00028510                s811283eda8925aa908a29c0fb184c1693eb6e29d68029a5072949c207b4f7cb8.lto_priv.589
                0x00028570                s203c11a0e296da6702f974aa7096ebe966ea61a0ec7b70ba6d359e8bda6a59aa.lto_priv.816
                0x000285d4                s64ec19537b527aa778a6ec009b06ebbe07b609befdc684ca07977921956276c2.lto_priv.815
                0x00028604                s005973216bcb99fc86eb4ed314903a24bab65fe7bae1a6fa154d0eaba59507a5
                0x00028614                s4c268cfa430be076f01d3337cf775803e8667b3264b47e79ced2d2262a4a020e
                0x0002861e                att_gatt_client_handler
                0x00028988                s3aac575e28da0d7964dad5ad5d6c85d4997f65b29590a405fb0f8c020dbac66b
                0x00028a14                s41cf796d48d7b53f8fa7d175a2a127293b7721f1e0ec3523449edaa208a8969d
                0x00028a18                s1b49cd26019356c4c454a01517f002dc201ba322e198f3e78a2fcb7c8ad003c4
                0x00028a1c                s39306f0a0d9350665a5c86f8165bd54d865e6ef7333bd8c797eb65a1fe3d3b4d
                0x00028a20                sa5db633a61810b7b4e88e9a5213a81d5ba7ebefca2a78d7df1d0d08ca1e4089c
                0x00028a24                scc1e99b60b7e9541180287ab3d84674f647171c0094f228159f4e1db85d79750
                0x00028a28                s7fa5a335c460b33b60b9bf12f950cf0b87e4e5e1581f6561812f2a67a6b3815f
                0x00028af0                s5a9f6f074040ce74d93e3f684d76bca764d82305f4061ed5d88dfbc6574b4486
                0x00028c1c                s4ed80eb4c9e0990d91d711f47158efeab22935dcfb71e38ba6c10e05aa9130e1
                0x000292e0                s3b8af17dc1984bef9dfe136fe6f6903d953c7650b2c9af7638a9d6517266c96a.lto_priv.474
                0x0002930c                s49a5aef00ed35d07789c1a79de9e63fc357b634005e3f893e064f4a74e900002.lto_priv.818
                0x00029310                sc1caa8d631e234034408bfda5382abeb136472432d5432eb4abfc0f4c4b28078
                0x00029314                s89514f25042a56d1f6d876f640c2de839850d5baeae349e3d922d77a14be4872
                0x000293a8                s15a8e3b6fcc9da0cc72a5c562b5f743a4f4be5adc234b47cf314c1a381c4b9b4.lto_priv.817
                0x000293f4                s7511782b6bff733265fdc80150f483bb1a5d0f42f56c21cff7ea617278ca4bb0.lto_priv.813
                0x00029468                s1e6876ced0d548b56d377ef41dc0f3f0b12b41ce6a9494dc8c35c87e8e3b22d7.lto_priv.819
                0x000294f6                sa36264136eaef7bbdc807fb560b6eda803241d39164a2730557470734ef84f43.lto_priv.820
                0x0002955c                s8681d0293da3d4e9319e50b9d093b5eed863ee1d4c03d481b4634a636ecc899a.lto_priv.814
                0x000295b2                s5eaf0a4d55384ca30b34cc0178a6627cd3fe69363781b6501a2ed94a913b41b8
                0x0002961a                sb47086f14594f6caded27a255af32ba67b6ff06067a6dd6a322c4ff5f282e215
                0x00029660                s0bf263814e8bf4e1110c8681e3324ae8f04bd13d39bdd85f6ca1eac5cae2ab1e
                0x000296d0                sa9cdbf1c2f0abaddb8437928276edfa6a082ed7bc09c9a43fb34626888d3f8bb.lto_priv.472
                0x0002973c                bg_message_remove_receivers
                0x00029770                bg_message_remove_receiver
                0x000297a6                bg_message_send_later_alloc_pool
                0x0002983c                bg_message_free
                0x00029866                bg_message_cancel_matching
                0x000298bc                bg_message_cancel
                0x000298c2                bg_message_send_later.lto_priv.667.lto_priv.940
                0x000298c2                bg_message_send_later.lto_priv.668.lto_priv.840
                0x000298c2                bg_message_send_later.lto_priv.666.lto_priv.854
                0x000298d6                bg_message_send
                0x0002990a                bg_malloc
                0x00029928                bg_message_add_receiver
                0x0002994c                bg_zalloc
                0x00029964                bg_event_raise
                0x00029990                bg_event_allocate
                0x000299b8                bg_bit_popcount
                0x000299de                att_buf_send
                0x000299e8                att_send_pdu
                0x000299f4                att_send_prepare_write_request
                0x00029aa0                att_alloc_pdu_copy_data
                0x00029ada                att_alloc_buf
                0x00029af2                att_alloc_pdu
                0x00029b02                att_send_execute_write_request
                0x00029b1e                att_send_find_information_request
                0x00029b42                att_send_execute_write_response
                0x00029b5c                att_send_write_response
                0x00029b76                att_send_error_response
                0x00029b9c                acl_find_by_addr
                0x00029bcc                acl_find_by_index
                0x00029be4                acl_find_by_hci_handle
                0x00029bfc                acl_release_
                0x00029c9c                s0c83dbf80cd6ed3a3e9ae223b4683f746e30fffdf1211b02f02c0492bfee977d
                0x00029d84                sde1a9ba2693b3ad6aac10ee8b861b8b7d7cd04179ce6c38a709765b6792f2330
                0x00029db8                s6d380183df0b781240090db6d22dec74d362caf943d3f86b6a7a8dec2b7beb1e
                0x00029e14                se27ffd4e335c1b287068f894ab12cd726a9f6a2615712701a687f5fd281d4cff
                0x00029e3a                s209982b582be70cf7990f9b873281f2e890fc861caea8609036859f4f0205138
                0x00029f64                s400811aa0cd11c4cb41e52ce55495c20a1bbba83da63015ee4f93f619f033e7b
                0x00029fac                s3af4da5ae226a5fafe91e81ba2c31fb669ea28b51513723d8faa1123a21ee5d1
                0x00029ff4                s1f40accdd736e425e48d817527fb227caae2b320c9f97e70010bfc8cfe92324a
                0x0002a318                s01772fb76dbed7b3183333f0ce6d75f7231a12170ebba267e48e2c10a6f03513.part.6
                0x0002a368                sb1a0f761cc5f42b2788cab3ad9ca54ac472c702ee6f9d32aa9b48379c26abce8
                0x0002a396                s78100db7be33e72f198dd455e36a69667451e1481a8917036bb90e7f7efa52a0
                0x0002a42e                sb13f131771b26c25ba0fe8c84354089a2bb045683557277aba9ec535f6236b07.part.1
                0x0002a71a                se527918f4c901aeb7216061e2ab885f1e1cff68b74e80ce6403486bd4f3b8099
                0x0002a754                s97afb8527847f11a55577e950df24069f7e5a5b7f4ceff80ab51e912f6dab521
                0x0002a806                sa7f5314f00bfcc4521a7d1b365a6b91c07974c97dd4da76ba113d6e86800e261
                0x0002a878                s5f5c3c304aac6756cdf41d57d95d8bc3ea5739f23dfff6bb027f9a2c284c4388
                0x0002a8be                sb67c72a8d289d4ba6fed3c33dec3e7e8b61af4dd0b87c24de750f5f7d271693c
                0x0002a970                s3de5170f4552a3c69475eaf4560185b592e86ecaa1683d7edd54757fdc76e33f
                0x0002a9ca                s68a2e0afa498fcd2704fb14ae53ceeb80b149f4e726c3ffc6d2123e5cbe977d2.part.1.lto_priv.601
                0x0002a9f8                sde778c787f98f879fb24013e79bf2879330a17453cb0da1321a8695b37de5995.lto_priv.529
                0x0002aa54                sa9fa4419e9b98f124930888065baf4e06b65a8189054d093682a52abbff1d8e7.lto_priv.606
                0x0002aa74                sc96c8ee327dbf4788de6c825351bb9921e20a75bff30be820055db7982e78ac4.lto_priv.599
                0x0002aa98                s0954221c1a9f9708187a6b78840c6ef452f586287a276713ec25353eb8f9406a.lto_priv.600
                0x0002aac8                sd09e90db062aba7a485b818a8b8292be87b116a80119968fb7e55f47408b4cf8.lto_priv.605
                0x0002ab88                sefadbf67c58fb46c289d1ab9c5d80dc12486d7cee315da1c8833f928991bae32
                0x0002abb8                s47d58c22dd520fdc4819aa8b4ba43c5e1bd5085d1d507c1ccc868cc96765a39d.lto_priv.597
                0x0002abd8                sc2b085198caad59532be00573ea274b95b652e05e20fa402ef9cfc32006f16c5
                0x0002ac48                sd781d953cd4f054f4e694d937d5dc29ebbf7f8922d52a3e9252aba27db72d3c9
                0x0002ac60                sb3ab9401e541618ef9464dc9dc279a39fe8a98408c8627c4657039eaab26f0de
                0x0002aca4                s8987b89eb8d003cb3c46e146f226893cd7d4dc045215a206c1aa1d49e810f691
                0x0002ace0                s1050f3816948dec04ec1c09d009193abb842d1939e7d5426d2d4a9c153fa19e4
                0x0002ad10                sb0a0e7dcc0aff66940393115d537bebc9e159573c855ec5411edbeb12839bac0
                0x0002ad2c                se98db4dd27ee87b19a138a390e62f7893fe203dbb85bab88a77cc8b8a614fb8f.lto_priv.603
                0x0002ad5c                s2e706f4c17d4ea23e81bf66fdff240bb90fd55d0186c6d1eda5cbcb22504ad5e.lto_priv.604
                0x0002ae28                sfc184ab84ea5e9956e3f0cb94dc3ae7f61c042516f939e8654763716d14a7a81
                0x0002ae54                s1902c353513a46e4cd63cc1f67ad9b3ed6b03db525594ff1190d66187c988aaa.lto_priv.765
                0x0002aeb0                s31b72b6e17f66a75028f13e3b569068eab7b7f76390102ba2f9865df1577ae62
                0x0002aeec                se263be2a0b7c61240fd9e57a89877d3f5530a3065eb9518d2e80626d679449e1
                0x0002af28                s84476a5ffe0e3f078d3c5923082966062475e23dfc77615bda3b57b3a777eb53.lto_priv.590
                0x0002af64                sbf2ac1065610d3d5d84bda651927927d88cb7a9e0ca536e5fd8e2941ebe14da2
                0x0002afdc                se2ac50849b88f78cfc22b491336fffca4e4fd919eda671a79ff653737fdaeee5
                0x0002b04c                s59fda895212499eb341894a754b6a8799cd070e09c2bea080538c1a9504b52d5
                0x0002b13c                s0a1bfc2a0c5d787842e86cdcb14f277dd1cacdc8dd398d0d81fe73935d236f0b
                0x0002b154                secc6bf91f48f6e16151fd077159682ea379e98faa6c2e6e80454c04fb3c507d4
                0x0002b1a0                sbd8afb566a1ea086ff1907750150be7937a659173c463521c9436e71ff28a4ae
                0x0002b224                s3203fca0711eb4bb0e37e1b5de1351d8a1e0d233ce6341ea972f92c06fe48f3e
                0x0002b270                s15c3aa335e4014577105e5f7ac7d6df0d79f2fc33405a5c6dc0a2a3b1c4da159
                0x0002b2b0                s187bcaadfa1d4bd2089d46791a381f7ca2a439c4c30cfa85d232cfc3df36bdd9.lto_priv.598
                0x0002b340                sb60ae40d295f456443d07c2a32c37c5a0e63f7321cd92bf5ac322a4d3a78b530
                0x0002b38c                s8633ed229e1c84f4429ddba42c890c6191d9c432c0e6a84977fc4264d4c644fc
                0x0002b3e8                sd9986e35a85516bf26ff6b1218cf202e6f1172c3527907ac829ee61275658a4a
                0x0002b43c                sfc9cd36a1bbb920521ea04ce8c64ab351e3bc801eff8f04e8bc97e393a4dba42
                0x0002b45c                saad99ac0ad18b3524a4f97ecdae7c27474b69cf8f9a5152e1dca53104d5872f6
                0x0002b474                sad25edc3cc896798a2dbff4577d09756b38b0ba95a822d83d4da80677cd8fd4e
                0x0002b4d8                s4476b960ac1dbf2ac96d5a2c51857539a577e6cef3fd0127721ea1216eff0a2c
                0x0002b5bc                s454e80092bb670d8ea836663e842b03a18eec19a32bfe4f8a0c65cad898738dd
                0x0002b6b8                sa010cd761afb93ce24ca32913863e8806dbe6ba7274dae9953e7846a24bcc635
                0x0002b71c                sfb7bec1d149166c9890d3e0ce20dddbe96136e7a3fccd166ae1f48e6d15f6743
                0x0002bad8                sccc159e0818bc3416cf5ea5e03b2db05ae2a5f61d3e670403df7b3380971840b
                0x0002bb68                s53d65179ce58217b8dbbda4d6a962b325730c74ab87b5d6e6462a55cdc28bc31
                0x0002bb88                s7d71c9802e3958162b5fdd55fa253c867fa29d2fb4c4ba23cdcbc795d5c42be2
                0x0002bbdc                s4e7adfb85a0516b47aa7b4d1a2c14f2ebff439c70cb5c934109625c077ca51a3.lto_priv.596
                0x0002bc24                sfba4a69959f432b6a16997869735d5345a408c9f4f869c7678226c11563073aa.lto_priv.825
                0x0002bd18                s2d25e67a1dff175339e8a52a5bfc7f39aefdd0e3e7af7e01f51a5a6470bd83cf
                0x0002be34                s18ca20e6edd7b1dafa111ed259e869b324c456749ccf13e15a084847d5bff424
                0x0002bf30                s90457651413029d1b805c9791502f80dad2bc331f03b9db5ed195366407d1399.lto_priv.828
                0x0002bf94                sa9857b5d797c92bedc6af155e7303a2b28fe0c67080bd8d007b028484be03fe0
                0x0002bfc4                s97883586fbc16cac6a15bf423cb4894369f84caca35876f6be3e2698e78f4cb8
                0x0002bff4                sefcf855296e3ebeb40461302ec77153dbc14d8b7343459d104494c055f36f37a
                0x0002c070                sc0bbe4f47f33af52dada84dab2be3fc53ee775c69299aff02a8271f1c942b4fb.lto_priv.768
                0x0002c0a0                sdae12e034c336a2007efc5ff5da68577c816387d0e5e9ac4bc409b4dd2ae493f
                0x0002c138                s6595fbcfaef90445a8a7fe8b1058808e3c4bf4a91e1235f3abbf289f9d80551a
                0x0002c164                s0c6bfff49a261ea18faf7e5beb1c85f478315014f2a74981dcb05064c886f467
                0x0002c374                sfccfa04b675878208b0bdd7c5ae9bb6285224f7f9545ce4640a144450783d728
                0x0002c460                sc61fcdde71e46892d60e95ecb0602537c22b68b895619f4a46516071c6966c2b
                0x0002c63c                sf18520a544a8bfb6e33c5f6b7b9192c354f1134662a3cab32accef9a53a74ea9
                0x0002c810                s7ba794e11b8949de9e5275129b4ba633ce9f1faf54f25f6e280481b07fab0490
                0x0002ca38                s13cabea84cbad62e2df1cf6ba1004329592d58650d6092e7d5d09b34d629a011
                0x0002cb38                s55aa115f5304976b41d66a7ca64ddfff017dc83836a40847cf51b17a7c642872
                0x0002cdcc                s71ef9039c4f0980b7703ce018af82d8ee850b8e5ea3e323100ec94940da324e0.lto_priv.473
                0x0002d084                s29429ac4445a8672f9894f8cb9e80d8079c3fd3b99c5a5a98ab30c5076ab5dbc
                0x0002d0fa                s1cbe3fe16558876dc5e8411c6e00e76e73d0dc824929cdfa88bb3c699cc6be52
                0x0002d1aa                sdea61585e18ca5ec2653cd57eba0f5f5cb260711df5713dc02714c82ca8cfa1f
                0x0002d2e8                sb01c0c6b5f7fad080c3b853b80a384592a7c04f998589695044f39b9dd8cc496
                0x0002d390                sbdab0a659a16ba137b7d899db62f0b250227ca35db821e3eae0ad86b6f52ca17
                0x0002d464                sdae43e33b155587c01dcd99a12efa714bd1bea37c2e312cdcf6f5d3015940365
                0x0002d518                s52a958eed992c5285bed4345ee3d727bb229196b3be3728a0283b14bea5bbfac
 .text.unlikely
                0x0002e594      0x294 C:\Users\jains\AppData\Local\Temp\ccu62W5Y.ltrans5.ltrans.o
                0x0002e594                sb757ea2164791fd86a5ee7def8113152704c255e6fc33d18b31fd6b63f0e7dfb.lto_priv.757
                0x0002e5a6                s8cd570e7c4ed3e3540ac5c675077a70067e7bf80be7cabc7685a7c7bb44dff1b.part.3.lto_priv.608
                0x0002e608                sd9038c93eed87bddb38a63c2f0e6d0e0c9a54e9ebc8659ec70537589ba45d407.lto_priv.607
                0x0002e63c                s0408690682cb3436f632c42469ecba5306b402f1c8e9aadd9e11b01bd77b1201
                0x0002e686                s113e2670c561fa1b518d06d7a71031984f646f284cc10f4d51f7b7cb1b8d3f20.part.11
                0x0002e69e                sd589b776b3f7a27d2ad9980e25f89155292f3d2d0184175f503e08437ef8f345.lto_priv.602
                0x0002e6e0                sd9e94f8fc36e83d2d2b276da826a5a682079ce5f587c74329cc207f253f1f473
                0x0002e72c                s5df900385b51eb670f368b1ea2c786b3a6dc6727b4c5c9fb538f07fb23ed7df6
                0x0002e7f0                s3033267058558a9277cf69c7eeac6de89f91399fd2564e66cdfa2e0f949820b8.lto_priv.999
 .text          0x0002e828     0x4c18 C:\Users\jains\AppData\Local\Temp\ccu62W5Y.ltrans6.ltrans.o
                0x0002e828                smp_listener
                0x0002e848                smp_state_handle.lto_priv.989
                0x0002e878                smp_l2cap_handle_impl.lto_priv.987
                0x0002e890                ll_task_default_callback.lto_priv.469
                0x0002e9ce                smp_get_random_data.lto_priv.545
                0x0002eaec                smp_send_pairing_public_key.lto_priv.849
                0x0002eb32                smp_set_state.lto_priv.839
                0x0002eb78                smp_alloc_data.lto_priv.841
                0x0002ebc8                smp_alloc_bgbuf.lto_priv.852
                0x0002ebe0                smp_send_pairing_dhkey_check.lto_priv.842
                0x0002ec18                smp_send_pairing_confirm.lto_priv.848
                0x0002ec50                smp_send_pairing_random.lto_priv.837
                0x0002ec88                swap_endianess.lto_priv.853
                0x0002eca6                smp_e.lto_priv.838
                0x0002ed1c                smp_ah
                0x0002ed64                sm_bonding_confirm
                0x0002ed90                sm_passkey_request
                0x0002edb8                sm_passkey_display
                0x0002ee1c                sm_passkey_confirm
                0x0002ee48                sm_pairing_failed
                0x0002ee74                smp_send_pairing_failed.lto_priv.836
                0x0002eec0                smp_generate_ecc_keypair.lto_priv.851
                0x0002efe4                smp_ecdh.lto_priv.850
                0x0002f0b8                smp_g2.lto_priv.844
                0x0002f18e                smp_f6.lto_priv.843
                0x0002f2c6                smp_f5.lto_priv.845
                0x0002f448                smp_f4.lto_priv.847
                0x0002f51c                smp_c1.lto_priv.846
                0x0002f5da                smp_ltk_request_handle_impl.lto_priv.991
                0x0002f670                sm_pairing_completed
                0x0002f69c                sm_is_bondable
                0x0002f7ec                usch_SendEvent
                0x0002f7fc                ll_radioTimerExpired.lto_priv.920
                0x0002f814                usch_RemoveTask
                0x0002f844                task_fail.lto_priv.934
                0x0002f84c                usch_Schedule
                0x0002fa0c                add_task.lto_priv.645
                0x0002faa8                usch_currentTaskRemainingTime
                0x0002fabc                ubt_pskey_read_callback
                0x0002fad8                ubt_pskey_write_callback
                0x0002faf4                ll_scanSetParameters.part.3
                0x0002fb34                ll_scanCheckStop.lto_priv.936
                0x0002fb48                ll_scanNextChannel.lto_priv.937
                0x0002fc30                ll_radioSetTxPowerRaw.part.0
                0x0002fc50                ll_radioRawToTXPower
                0x0002fd08                ll_radioTXPowerToRaw
                0x0002fd34                ll_radioLoadPacket
                0x0002fd84                ll_radioGetPacketTimeWithPhy
                0x0002fda8                ll_radioConfigurePhy.lto_priv.644
                0x0002fe64                ll_radioConfigureChannel
                0x0002ff4c                ll_radioRandom
                0x0002ff66                ll_llcpCommonTimeout.isra.1.lto_priv.933
                0x0002ff96                BTLE_LL_EventRaise
                0x00030048                nvm3_deleteObjects
                0x00030180                BTLE_LLToHCIEventSAP
                0x000301b4                ll_to_hci_event_handler.lto_priv.471
                0x00030330                ll_scanCreateConnection
                0x00030524                ll_llcpLtkReply.part.3
                0x00030586                ll_startOrQueueProcedure
                0x000305e0                ll_radioReadRxPacketDetails
                0x000307c8                smp_state_master_idle.lto_priv.807
                0x00030a28                smp_state_timed_out.lto_priv.806
                0x00030a40                reset_smp_timer.lto_priv.835
                0x00030a60                smp_message_listener.lto_priv.985
                0x00030a90                ll_connSetLlcpCallback
                0x00030af4                ll_connClearLlcpCallback
                0x00030bac                ll_llcpCallbackPhyUpdate
                0x00030c0e                ll_llcpPhyUpdate_sender.lto_priv.918
                0x00030d84                ll_radioStop
                0x00030db4                ll_scanExtEnd
                0x00030e9c                ll_radioTxAfterRx
                0x000312b4                ll_radioTxSchedule
                0x00031370                ll_radioTxStart
                0x000313d4                ll_radioRxAfterTx
                0x00031418                ll_radioRxSchedule
                0x00031484                ll_radioRxStart
                0x00031638                ll_radioSetMaxTxPower
                0x00031688                ll_radioSetRfPathCompensation
                0x000316ac                gecko_priority_handle
                0x0003256c                ll_radioInit
                0x00032d70                ll_radioReadRxPacket
                0x00033128                ll_scanTaskPrimaryHandler
 .text.unlikely
                0x00033440      0x13c C:\Users\jains\AppData\Local\Temp\ccu62W5Y.ltrans6.ltrans.o
 .text          0x0003357c     0x5880 C:\Users\jains\AppData\Local\Temp\ccu62W5Y.ltrans7.ltrans.o
                0x000335e4                sba37ae8601690b0896cea959395272b96624ac4b5aad20973574360601a0ed90.lto_priv.774
                0x000336a4                s81464a2878d09dbd2de6234ce8934184bf5116fd04efc613284ea48a9619bc39.lto_priv.786
                0x00033734                s3b12f72c86808517df0a3d6331892da2d66b8e9bbaa06d12ff26d860074fcf07.lto_priv.785
                0x000338a2                s0f162da1e6a3decc61507ebe76a98a73dbc69631290d76a2cd0d8030911e07bc
                0x00033b0c                s9de2d04aceb57da7832415dc572ff12ee17c2ef0d1a7d803dad8449d8300e8df
                0x00033b0e                sef1316e1438ae2cf117c40ca6556dc740ddd34034083b129a49abc7f7a4a9153
                0x00033b10                s5519abc2b89ababc4364a73ca9bf14192bbaf331bb8f600cb502ad89d69dc189
                0x00033b12                sbf8dd28a6c6118d55cabd21f14cccd4b50441e6dcf23046d431300eda4b6b36b
                0x00033b14                s890fcd60767f256ee5b13f44afc14bb3ab7d1bdd6e247bccd10b99b1568ec506
                0x00033b16                s0a2382009035cc61f3ea65bab00791d9224b6d545564a39cd5476eb181d5decf
                0x00033b18                s44e3124870589b009fc28e44b31cd745f6481542fa286e8583deb621c9b197f1
                0x00033b1a                s2213f5792ea4e59af1a2801e7bf4d0c3ab5b7b458e895d2e246136479051afe8
                0x00033b1c                s97ae481bbade53fbeed96d22e388a13ab7b6a53bef24a58b595033911f65dfa6
                0x00033b1e                s7cce00725c17b5fa1f05023056c2620e6835260ee6e5dc93f877728d46fc6e96
                0x00033b20                s1ffd0196d252e0f4d7e4477127421ba4a76636428213799e1381acc8a5b2e4c7
                0x00033b70                see1835b268c14345827643d2db8d6e541bbf519fb1efe3eceda8dc536ab8cfcd
                0x00033bc0                sd8daf9d2f525b9d7df701df05a7e9217ba3ad0f82106a4d8943a37cd8f74f9b6
                0x00033c38                seeb1c0610aeda6bc65ee4f5f170daa5706784586b3b921d785668b719f49817a
                0x00033c7c                s157cafae5a5906cab81177591fca8c3c4d0bb591655d10b6e7a9df25541b87de
                0x00033d7a                s9a5d365ccb583cf42f95ea1dd7551bc15ab9920f291e7c107d212bf554b7e067
                0x00033de0                s684374d330e48f781771ed004225826b421dc30045bf667a94a6ea755aadefb6
                0x00033e44                s8e98a06aab92489452ed8e5580b2df4e7e9d32f474a0c2c5280664ddea969326
                0x00033e98                sada35b0b5f97c9d9c0b01d164a6dd10afad9da0721f02c7f816ec6277cd179f8
                0x00033efc                sdc8e58961101255e6e5d4d599c823819d8fa52629b05ed69310fc4dfcb069502
                0x00033fa8                sd21ede9d3dab691913fddfc4a657168bba89221d6d138396a5cb280f108fa9a2
                0x00034054                s7d0c37c33df01886308fc9e09a56271d7cda24ab7835f01131eed20750367193
                0x000340b8                s3458b2ec2faca0458bd702fa08a5034660c4c9dd9a2224fc04c3dd605b42bc65
                0x00034114                s8b00edbd50a06bb37f8636d9da31ec6855af90831a16ab747986d7902e796d6c
                0x0003420a                s19afc5aeb0fa3ad5437453e4974a9aca3c414191115ed0d8573b5b0b1457b096
                0x0003423a                s0c21d9c58eaf8c6fa188d6a57f53e2f862fe7079b5332d18aa8911137c359cf4
                0x0003425e                s0a883de4dc55f037c6a28488e12ddd9e1214d9c3858cb24cb87a59d21d6800a2.lto_priv.713
                0x000342b4                s7742da438684b57e47162a950e92384c2538b7ac6f95119b9bda99aa73a2ff4a.lto_priv.714
                0x000342fa                sa5366ea3ffa3d580391dd262ec2e655995627a25fc4515f786af21d4e3fd630f.lto_priv.712
                0x000343a0                sb241fa3dc15733d9775993c7589cc8f49674c5d5f760c34ca1a2b79b81ba1023.lto_priv.537
                0x00034418                s521ce92a65c86992d1e00598b73861d99f99edb4041c7a2e37592645164c63c6.lto_priv.536
                0x000344d8                sf9d43ee24c22e4a0d791e151797a50e128102eddd2b65ba04e8e198c7ad606ec.part.1
                0x00034598                s0e4204c9985a631fef91cc925f3a985694db1a47c33f068b6c9649e9844a699b
                0x00034734                sfea6553aadd267fc80fdfe1303406cd6927524d8ca67cc4f9a6cd69da8da5d70
                0x000348a4                s87d9ac121fecc44b43b2fb9cac499d1370a625a43c138f190caa59d6266af059
                0x000349dc                sea5ba44b0248258f8606e49ea9330b2a33471148e7473a1753e7393a74b29799
                0x00034a4c                s033743affbe89c62aec89e2ef002f98eda2e968afa369e1474fb9500aad6eb05
                0x00034a82                sf365a46675558c2f81c154bfd91549a0b25271febea7a3335ac1aa340784dcfd
                0x00034ae8                s679d72007eb32f71aba107132f47390d6606383fd5a0a51bd02d786edf6f1055
                0x00034b00                s947f6669e09c6036614206fb2c14e49b1ae9d094fa52d588c71a512d123143d2
                0x00034ca4                s1e8e801ca7427338dc34d3e97947e5bfe3d14495fcb70cb319c4b8281406ab6e
                0x00034e36                s8afa8bd57a010aaa072e78cbb63f2f498a52b945ba2ab92e73978fbb5a72aff7
                0x00034ea2                s142612325e982800554450aa041378f4a8504d71b5dd193dd4a126296bae52a1
                0x00034ede                bgbuf_copy_to
                0x00034ede                s3c8561c978fd97690e535f33470c7a4cae732740e95669ae53f051876cf36cf6
                0x0003515c                s7a2ef2cf9caf09b2e7bf287f1aab8a6e6825474a67084bfad2c92beb912ebc6a
                0x000359c4                s1c8bb5f1550650306aab296e8862df91c69b6ffa3e6906f99102c7b26fc89414.lto_priv.530
                0x00035a18                sc590a76df500be8234c3d77551d13e28eeb4ef80aabe09db0f298a454b02ebbe
                0x00035a64                s34fbf48579147efba8ae800ebb75fe70c3b70da86ede68139bcfdd890a68d444.lto_priv.823
                0x00035b20                s8ffef0133d5613253e7e0567e97b30153af77c2141c0407b01761924780a068d.lto_priv.709
                0x00035b88                s217a21a7a8f3f1091596dbf4f08a61fd3c16462ef6f203ac78993ce8701dc5dd
                0x00035ba0                sc15e72523a4fff591eb1c022dda22a453478a0af2d8130b937420b069e3b7fb1
                0x00035bbc                sd8a21cfa0a7aa956f6c22fc1950b44e920a03eec22249fc0b05680e2c5b406e9
                0x00035bd4                s1ee9b56ab38b39eefe77c768c6fb6fddfac9d7e905cc009948dce405026bda2a
                0x00035bec                s6b4a66804b530be593856a80fda3e0bac1d1b8b10bddd83f414b0f4d11613e4b
                0x00035c18                s3cb1c8dd3f7c829253122ff899ba548bdaf5fe0deaf2259ebffffaaece25a563.lto_priv.700
                0x00035cd0                s7ae258203eebfbaaaaaa28f4a7f0e29f3444686b97ed7d00e4196a644b70ff9b.lto_priv.766
                0x00035cf0                sd77738b41f860799fd52f2514eb6f59f3efc0192ddfd7b83755c1bf4311d15ed.lto_priv.767
                0x00035d0c                se056d6ad4bc905c0d7e7668c45efc58a601a7f9acbc82512b49f4a00da725978.lto_priv.758
                0x00035d1c                sb7363b9be572e36de0710513bade175b535417dd45fb4477e006a11698462f0b
                0x00035d2e                s4697b4ed0b0575c589cda870f09ffd521fc536f8b738a4387c84c658c9124eed
                0x00035db0                sccd1d475c5586cb4094b8a7500e66aaff20cdc4cf73d640bc793f813a1152d2a
                0x00035e04                s10c080622db43a528090d85d73850e3517522bdd586825533e33a2d54cddd554
                0x00035e1a                s3bddd3dfd10149a614ea0bb8a32dd855247236b7e1c6b3879a72ead78e0f2895
                0x00035f14                sdda070b8da2cc650e6b612d06086f07a5f551cde83db6f459a25f7e4ac860118
                0x00036014                sc22d564d97794cc78e3748e475370d7932794c538198102e07d388bfc30eed3c
                0x0003604c                scf693e2c0b279b154d67dd44d9403714592aefeeb7b25ed901c1737727362cc5
                0x0003609c                s7363c4a1809b88f585f1a98af055457294968d3f2103b534d684d54ef15926d8.lto_priv.694
                0x00036112                s152355094cfade3d783d1516d9e2dc87f4fe7f56ca9590becd12b3e93603400b.lto_priv.719.lto_priv.769
                0x00036112                s152355094cfade3d783d1516d9e2dc87f4fe7f56ca9590becd12b3e93603400b.lto_priv.720.lto_priv.826
                0x00036118                s8169a3e0e65baf978ae3316024359b37b6bf4730a501b2068e4200dcb56f6639
                0x0003639c                scf4af741e157394c998479cb003d5cf203c5198b2e65a822cfffac72047d77b6.lto_priv.609
                0x000363e4                s55f4ce9f868bcae5747a03eb64c57f53992a4b1c06e24b47225984de0a87da06.lto_priv.821
                0x0003642c                sa03d0b469bac1de825e65e5240dff1e6682267dbae50d14bf525c5f838fb31fa
                0x00036530                sb9918a94f03b53f9cd2af80918fe902a7d6580fd9d195ae323f65d68154cae84
                0x000365b8                _mesh_foundation_send_byte_array_impl
                0x000367e0                s5a9ea35d33bf4ab8bcc7b6e7fcb5fcbcbf57fec60faa44fcbcca7ecee176e1a9
                0x00036858                s50634a7bc4f75d381180e45dbba85383bd69c706f2da09f32bcd83277bcdb9b7.part.21
                0x000369d8                s6af5e68c00a243adb202255fe94e96d659a12623424761064addc02feae4186c.isra.3.lto_priv.754
                0x00036a4a                s2961a7c16099e65a023def275a9a79a88d18560bcf6d8b7d3ce6fe445e71f6cd
                0x00036a8e                s8a5b8a30a2133f3ee9bd748bb73b8e69f6bf9b05e9118e371b70e7ac38206d20
                0x00036a90                s195bd06d3d7dced800230fa572adb64d223a3b6c1382fc621c40b28a20ce051a
                0x00036a92                s8d64c438403c36792474ee14f02ef44de28731e5538b6b61deb7027fb9f1213d
                0x00036a94                sd5699aef6084a290996ea955f957a57987e3c370445af2997004bdc2778afabc
                0x00036a96                s2ae6d5f70ead843e752f37b0ab2b8bd6029fcafbd92516271cf81c89ccf34574
                0x00036a98                sca6b944d97bd8e437696a6bdbf8b1a2fbfbd6b175986bdd2f7107d9ccfc49791
                0x00036a9a                scadac62caad1a5d40102505cfbb2a19a3f029dac1f04a1735fad62916e1cc1fa
                0x00036a9c                s1cd7cde67471ba6cf9414371ab606bf222b7affcbd1724981d662222dffaea86
                0x00036a9e                s022dfbeed394e9c9c6835d30619ba5da6546e41f4000dd5f010303deb5f89703
                0x00036aa0                s6e790e4389aaf46aab77b6ee048f85f694d1bb0f5dfae966461622fa1912d45f
                0x00036aa2                sc533058bf47a8cdb1c2bd08ac2ccfa005925b95915c7feb5c92fc40e16ae2dd0
                0x00036aa4                s8ed8ce1780dc24cc054ca6860acf0d179d86bf06d7e550447052b1370c24f510
                0x00036abe                s00c2adf39adaa8204c45a2ebd4be1beb97d743e177096d7b15c7ebaccc5930b4
                0x00036ac0                sfc7236fc386af335549083bbdc5ab61ee40369ae996f7c33ee573b7f60fa0189
                0x00036ac2                sf1326fbdcf95a0ac150c56f1fc8ff59f078eeb25842c2553607970c77669509b
                0x00036ac4                s89badc08722f8dd8cca913bb878f62f6299a5c20da4d6632d3ceb54fd838ce4c
                0x00036ac6                s480292f7da1cc04043a015da5983b7d4f87306a4af91aac9046b2d42acb6a9d1
                0x00036ac8                s9ca3a558bed4c088f6e6e7d34a19235cec334eb5040ba244da2d4d1467359005
                0x00036aca                sf9d1942b632d8a719f4d2937258048b03526e2949ddfe0c1c576bcfd2a2cf999
                0x00036acc                s85e415f6b5fe7877e76531ce06e83d328dc4031ac98320d4e3e7ec1286612bc9
                0x00036ace                sb674ba5b1042fb9c676d298c5ee18529c6ca3968a94669c58fbab33f9acb3bdc
                0x00036ad0                s199f0081f2c9151a0a833b317bdef997cf17ca6ec8276ea394feb57dc6729a2b
                0x00036ad2                s0b7f8471f464990d74e7d1f07c813369e5869a90a1c22bc34378f9970642177f
                0x00036ad4                s30185812b90e18f9f842b3007d4fc63073066ba883d7ed8aec240672e062cda9
                0x00036bb8                s3277fbf5ab0c15a80b6b614e5aa3e78205fc99258e41a17ccc003a0c86a182cf.lto_priv.773
                0x00036d58                s9d53c1a2ffea051bd6441e519f88905446467a57e789caff4796045f80852b69
                0x00036d84                sa4a3dd4d9c89d330f1ed88b0ab06f5ce086e9510afbb612cc8bcfb63dcee141b
                0x00036de2                sf0565216273da3f4f72c20fec26d2e0647b3b064af3e75fbb354b3fef1f61a80
                0x0003732c                sd197966131b96fedbbe10724ff77a88880847d9dd59b96f5a4210833cd3175e0.lto_priv.775
                0x00037d48                s815b4ab54b5d66d4f4c099599897597aab9547f6f150416983323418fbcfcd63.lto_priv.764
                0x00037ee0                sb4abdc41eb49b8e076241efa49704a180ff0e0d6e8eaefdba762fb55a4ac2ca3
                0x00037fa8                scfc0e2e1128071105522c23c9451e1bb2465ed08baa33cf1d9181b1d53169813
                0x00037ff6                s449e7a51a7e703ed2efe63cbb5046a7a7e9db7e8d0813ad844005c51e298a967
                0x00038058                s48513b360ea7300b262e06734521d6d41ede06d8596657e7bd86f44506c097d1.lto_priv.787
                0x0003869c                sdf47c9e324a5222f56ae184e90d9afb14c827d98f884492480980fa3f559625a
                0x00038784                sd0a94330b4a104a8b342e6aa42697660429b35303c23dc8cbf35eebd6849be4b
                0x00038810                s35bed3c56b3ca4cc05d9098a1afc153257cd2c4289ba2a70a13a786ebf9c225a
                0x0003887c                scce964ede00a122913c7caa0b1fb8fcbb6498fda16b841d84f18f76fe794b8c9
                0x00038b34                s776b64871e16c5fe4fd0ce9b7c158901e9ee87f3d75d954796a56d0090cebfc3.lto_priv.707
                0x00038cd8                s2d7c2b66b296b20695246b9d12c06f5f15430c75a64577e2ffbb4ab7fd07562a
                0x00038d04                s7dd37f975cb4ea4a55a3390f89eac6ce4072985cee4b23787bd88f2083502aa2
                0x00038d90                sb5e3f4eb369f16c4402c3b1112765b69eb90375593ae58bc3f93192c54da5e3f
 .text.unlikely
                0x00038dfc      0x1b0 C:\Users\jains\AppData\Local\Temp\ccu62W5Y.ltrans7.ltrans.o
                0x00038dfc                s262d060773e899a6be2dace8de0c67edeba542acbdb5ed7bfef1868a039bafd4
                0x00038e9c                s61fa9467253c29a9338eb58eb8c5b76571e4a1d231c64732156dc5c669825e2c
                0x00038ef8                sb1bc03e4d3c109dc962987dfcd910a0c7c00d1c755a9367d94b92928f21f161b
                0x00038f42                s0c051ca4cd653994c4bdbefc91d4a2de441889bfd6d8701556b78812eeb7d5ce
 .text          0x00038fac     0x4384 C:\Users\jains\AppData\Local\Temp\ccu62W5Y.ltrans8.ltrans.o
                0x00038fac                s5ad1fa4191f3ccb36fb97c2ef6225191588ef0fd75f8cc98a16e688db40d5bfa.lto_priv.681
                0x00039038                s42d01603783f13a5e2831744b07d3bc19081df2ab7ba09a85632441160bf6eb0
                0x0003903c                s4afb01489191b5ff61d49a55c5b94357d3d3fc12c84061af594a449e573ca451
                0x00039114                s57c5640bfee223650e674e78dbd5151760c9d90d8f8237f6f1859df9e8569b27.lto_priv.680
                0x00039124                se70c2aa28d2f59c7577823c670ab2389ad7d7455a3313477adcd39c3bac98240
                0x00039200                s91d970e5fa6755d762095036b278ea33c9fb46799228c569eaf1a7cc48fabce2
                0x00039244                s7413f59c5c3e6f88b5203a095a4c3fe2381d18309aa7af23e7b20c0681c1e567
                0x00039296                s0012ba35f380ee8555045e5957615304786d5c55579203bce19b2ddfa68711f7
                0x0003938c                s85fec278c5d74e6b9700b5ba82c5744233419731e6d2b1a31bd60fcad1ef632c
                0x000393a8                s394827979bc517d8c3056ed32db702b680b9a4e9c4ffba37e5359ca17d84f0fb
                0x00039520                see12003c8abce0a02fdc1591cde46d79f387b4a6098d834346c158c59142a3f2
                0x000396c8                s72779115b1b07fe678f0d68ddd2c3b732b8d9d0591b9f1ea6615a8f2754843c9
                0x00039768                sf76c7740676ad4b729d57b6fb75ee679e37dbe08d3b7483121a75727256f9e5b.lto_priv.701
                0x000397a6                s1054add7b737c2e8a1eb5454fa7d500e5da5ca554d4238ec791bfb1eadc21f34.lto_priv.540
                0x00039800                s82671978564b6495334f191e363e3cbca289c131b22d30ffc25c1755db7043f4.lto_priv.539
                0x00039a30                sbdec9ad3cd384617597eb97673acfd1f42c77a70767f57c354430d80c2b82071
                0x00039ab0                s8c68a0c6bf1cbdbc58c79dbdbfc6b2edeb50a6cbee567808d4d3648f5780572d
                0x00039b24                sc49df645112e0087bba00e59c32a79e66f966bcb37e78cbb3bd047b620a0f113
                0x00039bfc                sbcd8dae26664b2a215c8d4ec6508b9de986ce387e5ac0c61d32ff9eafa46f02e.lto_priv.686
                0x00039c24                s4a2a986fd5dd9c8779079d62399c235a2b6ddbb601cb5d5b92cb838b240c2f19.lto_priv.683
                0x00039c54                s087f70de52ac3dee8ffc614ad91b70511c7d160dcba60f1cb04e5d71c8049996.lto_priv.682
                0x00039c88                sd71f0cf7eddd46b6d8ac861f620a55ba20f6f433336a75e89e01978e5e78f4c5.isra.12.lto_priv.526
                0x00039c8a                s7605ee873f62bfeb488db1a6fcaa463289294d441dcb665e91461cea0669233e.isra.8.lto_priv.705
                0x00039c8c                sd8f89ec1100339a81538c46217710e24913a0ef7e9fb11d872efd8f54d61b5a8.isra.7.lto_priv.703
                0x00039c8e                s555e05d96c28502d6d0733c44e1c44652a56e2eba66e844d22bdba7a41206103.lto_priv.693
                0x00039cf4                sbcb44dbbb4e15915ca392a362af3aa0be96eec60363c5bfb54f719c936b2c4b0.lto_priv.691
                0x00039d14                seb5bf1da0c9ed9347cd8bc15e5634dc71718bcd4cab32c48dcb28bea072dc14a
                0x00039d44                s43b667355dd07062fe0261de806a446b9e11c49e03ade53aa00d1d143b39cd91.lto_priv.528
                0x00039d94                s1f5aa6f1203ab098ddb83c749573190ebbab63dcccd24d476c32d143c6ee4e13.lto_priv.706
                0x00039dcc                s058a35f627504dd2ebcb53ed9c8dd0a2699ae3b3ed9ea263900462988391b489.lto_priv.549.lto_priv.731
                0x00039dcc                s058a35f627504dd2ebcb53ed9c8dd0a2699ae3b3ed9ea263900462988391b489.lto_priv.548.lto_priv.761
                0x00039dcc                s058a35f627504dd2ebcb53ed9c8dd0a2699ae3b3ed9ea263900462988391b489.lto_priv.519
                0x00039dd8                s9ff64dc159da670e77c85b13eee3f9cbfaa7038e9c63174821f1d22e366c436c.lto_priv.554.lto_priv.730
                0x00039dd8                s9ff64dc159da670e77c85b13eee3f9cbfaa7038e9c63174821f1d22e366c436c.lto_priv.553.lto_priv.732
                0x00039dd8                s9ff64dc159da670e77c85b13eee3f9cbfaa7038e9c63174821f1d22e366c436c.lto_priv.552.lto_priv.762
                0x00039dd8                s9ff64dc159da670e77c85b13eee3f9cbfaa7038e9c63174821f1d22e366c436c.lto_priv.551.lto_priv.711
                0x00039de8                s82dd3ab8003cd2497ba2ed2c0c21b4458767185e45364604942182c9348f9aaa.lto_priv.521.lto_priv.522
                0x00039de8                s82dd3ab8003cd2497ba2ed2c0c21b4458767185e45364604942182c9348f9aaa.lto_priv.696
                0x00039de8                s82dd3ab8003cd2497ba2ed2c0c21b4458767185e45364604942182c9348f9aaa.lto_priv.520.lto_priv.541
                0x00039df6                s9610a5a138da8a33629598358a9ac6e952b2e337f916aa05ee616ccd21fcd676.lto_priv.759
                0x00039e60                scecbc50c9cf28dd98845aa205755e3e4c50ab3cbc03c879de116cb37f4edb289.lto_priv.557.lto_priv.722
                0x00039e60                scecbc50c9cf28dd98845aa205755e3e4c50ab3cbc03c879de116cb37f4edb289.lto_priv.558.lto_priv.698
                0x00039e60                scecbc50c9cf28dd98845aa205755e3e4c50ab3cbc03c879de116cb37f4edb289.lto_priv.556.lto_priv.717
                0x00039e6a                s05aa84cedcc11cf1c562137c390b3cbb385eae382cb5349ed3cdb9cbe87d95ac
                0x00039ed0                s671b6088cd303b07b712b0a1be2aedede858afd9462658e78c0cdbe2d753299a.lto_priv.524.lto_priv.525
                0x00039ed0                s671b6088cd303b07b712b0a1be2aedede858afd9462658e78c0cdbe2d753299a.lto_priv.523.lto_priv.542
                0x00039ed0                s671b6088cd303b07b712b0a1be2aedede858afd9462658e78c0cdbe2d753299a.lto_priv.567.lto_priv.726
                0x00039ed0                s671b6088cd303b07b712b0a1be2aedede858afd9462658e78c0cdbe2d753299a.lto_priv.559.lto_priv.729
                0x00039ed0                s671b6088cd303b07b712b0a1be2aedede858afd9462658e78c0cdbe2d753299a.lto_priv.565.lto_priv.733
                0x00039ed0                s671b6088cd303b07b712b0a1be2aedede858afd9462658e78c0cdbe2d753299a.lto_priv.562.lto_priv.755
                0x00039ed0                s671b6088cd303b07b712b0a1be2aedede858afd9462658e78c0cdbe2d753299a.lto_priv.571.lto_priv.689
                0x00039ed0                s671b6088cd303b07b712b0a1be2aedede858afd9462658e78c0cdbe2d753299a.lto_priv.570.lto_priv.690
                0x00039ed0                s671b6088cd303b07b712b0a1be2aedede858afd9462658e78c0cdbe2d753299a.lto_priv.560.lto_priv.763
                0x00039ed0                s671b6088cd303b07b712b0a1be2aedede858afd9462658e78c0cdbe2d753299a.lto_priv.563.lto_priv.736
                0x00039ed0                s671b6088cd303b07b712b0a1be2aedede858afd9462658e78c0cdbe2d753299a.lto_priv.568.lto_priv.725
                0x00039ed0                s671b6088cd303b07b712b0a1be2aedede858afd9462658e78c0cdbe2d753299a.lto_priv.566.lto_priv.727
                0x00039ed0                s671b6088cd303b07b712b0a1be2aedede858afd9462658e78c0cdbe2d753299a.lto_priv.564.lto_priv.735
                0x00039ed0                s671b6088cd303b07b712b0a1be2aedede858afd9462658e78c0cdbe2d753299a.lto_priv.561.lto_priv.760
                0x00039ed0                s671b6088cd303b07b712b0a1be2aedede858afd9462658e78c0cdbe2d753299a.lto_priv.569.lto_priv.695
                0x00039ef4                s21b03dd586d728cd675973bf87cc7df0b94301a77a7148ef41693704498750f5.isra.22.lto_priv.704
                0x0003a034                swapl.lto_priv.572.lto_priv.716
                0x0003a034                swapl.lto_priv.573.lto_priv.692
                0x0003a0ce                bgbuf_chain_links.lto_priv.576.lto_priv.756
                0x0003a0ce                bgbuf_chain_links.lto_priv.578.lto_priv.708
                0x0003a0ce                bgbuf_chain_links.lto_priv.574.lto_priv.718
                0x0003a0ce                bgbuf_chain_links.lto_priv.577.lto_priv.734
                0x0003a0ce                bgbuf_chain_links.lto_priv.575.lto_priv.939
                0x0003a0de                mesh_trans_send_sdu
                0x0003a430                s1b037843a5798a501b1bf997ec66a5d32c1273f48a95622356b6cfeb2de10fb3
                0x0003a458                s806233bbd3dc53cce472d676990bebc134264d01b979aade18a51e7c661ab5e4.lto_priv.504
                0x0003a4a0                int32_from_buf.lto_priv.998
                0x0003a4a4                s6f00d7ff79989e47e4de58201b5928a1b2e1bf2cf48f9b8ba9ec412c85f3a7ae
                0x0003a708                mesh_lib_deserialize_request
                0x0003a708                sbae177fa25566daf82f1d50c5c368d6ef771ae8a26258ae2eb392a54af1cf514
                0x0003a89e                s0198e9aaf28957347d4660bf7c76298dfdfc28068911f0cfb72e1c7f7b92ce83
                0x0003a8aa                s4b0768ec1694b4462a50c6a0009d2c968480882bab2f3870f44b96db31289e11.lto_priv.710
                0x0003a8c4                scab1be5017b41f56d14d3fcef52a148bb609efd81dc7cc82de3aa10b50cc8043
                0x0003a914                s3cab21e792d54b7541fed56ab1cdc2638fc0c5dfa65136d194a7115f225fe29a
                0x0003a92c                s1c191b5248f708c675e993605301d9ca96e7511e19170fce8d2ba23302a66c37.lto_priv.533
                0x0003a94c                sad9cedfdff57fcf1f2e8a7cb957987afcdd37d68e343d6fb4af70f8cc2d26818.lto_priv.531
                0x0003aa42                sdc285a045a4d184ba1f96a679bf976dad3cc4dd6d580b7bdcc8d7221f193317a
                0x0003aa8a                sad68bd15d6e2e6b2fe2e5c40a1b4e2937165ee45a1171231878240f07ff2db96.lto_priv.532
                0x0003ab60                s9af9e10166b4dfbcbd649fca5486b552c344542f69d081c660bc42f9606e3c40
                0x0003ace0                s268808e179520926de9973ff7b3a6217a186a7862d8adaecdfb83b553adb5de7
                0x0003ad1e                s6cde2f2134fa96584fdcfab30c5890642817dec76c53de88f7945652b79e7ae6
                0x0003ad34                scda99358aee15b47126b17bb7665c374c4b5f197f6fc3b67606a931b692d8bf6
                0x0003ae48                s0d0b5eafd8f12a4963f0e24b10b30ffabe692b54f4f3393c2d5c345e5cd51038
                0x0003aea0                s540ef75ab89e8c089e73bdbcff0d9a4a90f8e579e746d2b0c394c72eb79bcdbe.lto_priv.723
                0x0003aefc                s7d76407a3e7946ec883bd1dde5e9342c7f3d9476f30790f8e645ce70d346c4aa.lto_priv.724
                0x0003af4a                s1a5ea1fb6fc469a3986b6a3a6ffee1aaf243616b7856a8972d2c5f7ca1a441da
                0x0003b33c                s495947f0fcecf09be7c1bc75c6ed4bd12df63a4e6f8314cc576a6d8ccf270fa7
                0x0003b360                sce3ab1eaa7ee027e4a572370dde4aae59fcb8710f9a5aeb9155cb6bd6bec0c2e
                0x0003b430                sddd99ff8736e059d0ece66ec3df74ab77094df6a97722fbc80a6b0a3c3e55697
                0x0003b484                s1573ff43048a4da8c49031b54d796ef8be152c24842a072118e765733677d113
                0x0003b4dc                RADIO_RACClearRxOverflow
                0x0003b4fc                RADIO_RxTrailDataLength
                0x0003b538                RADIO_ClockFreqGet
                0x0003b554                RADIO_RACStateGet.lto_priv.585.lto_priv.915
                0x0003b554                RADIO_RACStateGet.lto_priv.587.lto_priv.834
                0x0003b554                RADIO_RACStateGet.lto_priv.586.lto_priv.642
                0x0003b554                RADIO_RACStateGet.lto_priv.583.lto_priv.643
                0x0003b554                RADIO_RACStateGet.lto_priv.584.lto_priv.830
                0x0003b564                PTI_AuxdataOutput
                0x0003b580                PROTIMER_PrecntOverflowToUs
                0x0003b5b0                PA_ProtectPa.part.1.lto_priv.641
                0x0003b648                PA_SelectBand
                0x0003b6a8                getRampTimeFromLevelAndRate.lto_priv.639
                0x0003b6c8                PROTIMER_GetTime
                0x0003b704                PROTIMER_GetUsTime
                0x0003b71a                PROTIMER_CCTimerStart
                0x0003b900                s2c7f8256c21a35c957be583dc5b45f9844e0daca7f8d870e7167cc73e2251152.lto_priv.538
                0x0003bab4                sf8de3044167a266727bd3087aa78703eca05d914a537eb9123555524c11c8890.lto_priv.685
                0x0003bb34                s965e05dd09705c2e0e02fbb53c43b72c67dd0c8ea4bd0be2819ad08faf988a7e.lto_priv.684
                0x0003bd04                s4df97908585f13e4f95c41529f173c5feae8db8c963509c90b492826dbcc9c34.lto_priv.527
                0x0003bf14                sd7400f1c67758aeba68a9b1772cd5984be401a023cba2a4b0091dfe27b2617d0
                0x0003c418                s2d8d60151f84e2fe74c36f9345a673a736f6d41e148e924262ba779b16ff2942
 .text          0x0003d330     0x3b04 C:\Users\jains\AppData\Local\Temp\ccu62W5Y.ltrans9.ltrans.o
                0x0003d4d0                sd69063ac414aa9b182b3715be7c99e550c11a43ab43002cd16895150daad7b64
                0x0003d51a                PTI_Enable.constprop.458
                0x0003d568                USART_InitSync.constprop.451
                0x0003d628                graphPrintCenter.constprop.414
                0x0003d7dc                ccm_auth_crypt.constprop.401
                0x0003da88                mbedtls_ccm_setkey.constprop.397
                0x0003dadc                mbedtls_cipher_info_from_type.constprop.392
                0x0003dae4                s6d39ade7f44649b27cc26f65d9f86fa1ec4cc84e98bf51e9e8cfc9e7988777c2.constprop.390
                0x0003db34                sa6d352c37b4fa930ecbaec9816bb56056daa3d3e7623f8c520936b092a43a476.constprop.383
                0x0003db84                sdc7cbe274a0bd68f48e0a525a58b269c5262196daafddd164cb38663c5344a77.constprop.382
                0x0003dbb6                gecko_register_bgapi_library.constprop.365
                0x0003dbf0                mbedtls_ecp_group_load.constprop.360
                0x0003dc64                nvm3_writeData.constprop.359
                0x0003dc80                nvm3_readData.constprop.357
                0x0003dcb4                hci_le_set_ext_scan_enable.constprop.349
                0x0003dce8                PA_Config.constprop.335
                0x0003de14                RFHAL_ConfigRxOptions.constprop.323
                0x0003deec                RFHAL_ResetTxFifo.constprop.314
                0x0003df18                hci_command_alloc_bgbuf.constprop.252
                0x0003df6c                validate_scanning_phymask.constprop.238
                0x0003df7c                alloc_params_data.constprop.234
                0x0003dfa6                att_send_read_by_type_request.constprop.233
                0x0003dfd0                gatt_handle_prepare_write_response.constprop.216
                0x0003e128                gatt_set_enabled_caps.constprop.214
                0x0003e1d8                find_address.constprop.192
                0x0003e238                preTxOps.constprop.170
                0x0003e320                ll_scanTaskExtCommonHandler.constprop.163
                0x0003e3b4                mbedtls_mpi_write_binary.constprop.156
                0x0003e3fa                gecko_cmd_le_gap_bt5_set_adv_data.constprop.132
                0x0003e450                s1111ff367ed81175c48c8adb7f8bb0bb8796a61c1f4772065b2c2f98692b0bfe.constprop.128
                0x0003e45e                s049e1d01f06c5f833f1916c8aa37af2664c3060cc97b8154e5e981264e5c3cfd.constprop.123
                0x0003e4d0                s992c1f8497eff751a815360ace7b41ae6c84e3f304a9140490c2232261d3913d.constprop.118
                0x0003e594                sd2a37a3f28df5a67c6c309e951a8328fe164bc27fefa3b4e4abf9ed9d9caa37d.part.4.constprop.105
                0x0003e618                s5a1766c84873223f8dc26b867cf62a40b775da77c003414a2378edf79eb83444.part.3.constprop.103
                0x0003e686                s72f0327aaf4a5b5d1b8846c7ff740323d8b9fb0fa26c3c39306563deba2716ea.constprop.89
                0x0003e89c                s6b6cf546326ecfdaa45b5ab0c9b319f4652a20ac438b1de23d1340ca3be1e31f.constprop.84
                0x0003e8b8                s12d6165640c970c592a062daeb924a8ad82661000943aa0e2e8d8bfc7c841cf7.constprop.72
                0x0003e9b4                s46dec11741421a29b011731561b6bd9293ef7ee403a2428c8d41fe77d18d302c.constprop.67
                0x0003ea88                s617e494c409f265694ebaceeb984e42905f3b96e1c0246796425f0b3ecac989e.constprop.36
                0x0003ebfe                se416c492aedb0cb37373f93ac8e17f9ba6085f4b705624dd81bcfb1d1d52c6a4.constprop.33
                0x0003ede0                s25fe1f32d256b6f9faa48676081c88e5070b1c5f55116f3efe6fac7281b5352c.constprop.22
                0x0003ee44                sa8e363ea6b8057dd7f0580999692a03ba8033acac8bb3426285fa376a039f8c1.constprop.18
                0x0003ee94                se5695084ddd1adb318f562e7c21b1d3964fdfee9399d146f7c2ab949daf9342b.constprop.13
                0x0003eedc                s6e114f95379bb5b5d8bdcc12f0a6f184258c2b82d2191d83bb05dc6e358df3ab.constprop.8
                0x0003ef40                sa76c86811b162592dc0102cc6e17d26637d51ef5c1982f87f99ab35a53a7d670.constprop.7
                0x0003efa4                ecp_crypto_device_init.isra.0.lto_priv.651
                0x0003efe8                mbedtls_internal_ecp_grp_capable
                0x0003eff2                ecp_crypto_ddata_write.lto_priv.650
                0x0003f068                mpitobigint.lto_priv.654
                0x0003f0a6                CRYPTO_InstructionSequenceWait.lto_priv.476.lto_priv.649
                0x0003f0a6                CRYPTO_InstructionSequenceWait.lto_priv.475.lto_priv.664
                0x0003f0ae                CRYPTO_DDataRead.lto_priv.482.lto_priv.653
                0x0003f0ae                CRYPTO_DDataRead.lto_priv.481.lto_priv.665
                0x0003f0e8                crypto_management_acquire_preemption.constprop.204
                0x0003f22c                CRYPTO_DDataWrite.lto_priv.483.lto_priv.661
                0x0003f22c                CRYPTO_DDataWrite.lto_priv.484.lto_priv.657
                0x0003f22c                CRYPTO_DDataWrite.lto_priv.485.lto_priv.652
                0x0003f250                CRYPTO_DData0Write260.lto_priv.477.lto_priv.658
                0x0003f268                CRYPTO_DataReadUnaligned.lto_priv.487.lto_priv.646
                0x0003f268                CRYPTO_DataReadUnaligned.lto_priv.486.lto_priv.659
                0x0003f2a6                CRYPTO_DataWriteUnaligned.lto_priv.488.lto_priv.660
                0x0003f2a6                CRYPTO_DataWriteUnaligned.lto_priv.489.lto_priv.647
                0x0003f2ea                mbedtls_zeroize.lto_priv.490.lto_priv.611
                0x0003f2ea                mbedtls_zeroize.lto_priv.492.lto_priv.662
                0x0003f2ea                mbedtls_zeroize.lto_priv.494.lto_priv.594
                0x0003f2ea                mbedtls_zeroize.lto_priv.493.lto_priv.656
                0x0003f2ea                mbedtls_zeroize.lto_priv.491.lto_priv.663
                0x0003f2fa                mbedtls_ccm_free
                0x0003f30c                mbedtls_cipher_cmac_starts.constprop.393
                0x0003f354                mbedtls_cipher_cmac.constprop.141
                0x0003f7ec                mbedtls_ecdh_compute_shared.constprop.140
                0x0003f84c                mbedtls_ecp_gen_keypair_base.constprop.144
                0x0003f8d4                sa2d107fa6f8913066e5b4df3cdd87f0997e09273df6a7c6585f33659836c546d.isra.4.lto_priv.591
                0x0003f8ea                s4a2a986fd5dd9c8779079d62399c235a2b6ddbb601cb5d5b92cb838b240c2f19.part.5.lto_priv.592