Archive member included to satisfy reference by file (symbol)

C:\Users\jains\SimplicityStudio\v4_workspace\soc-btmesh-empty\protocol\bluetooth\lib\EFR32XG13X\GCC\libbluetooth_mesh.a(bgapi.c.obj)
                              ./calendar.o (symbol from plugin) (gecko_cmd_msg_buf)
C:\Users\jains\SimplicityStudio\v4_workspace\soc-btmesh-empty\protocol\bluetooth\lib\EFR32XG13X\GCC\libbluetooth_mesh.a(bgapi_gap.c.obj)
                              ./main.o (symbol from plugin) (sli_bt_cmd_le_gap_set_mode)
C:\Users\jains\SimplicityStudio\v4_workspace\soc-btmesh-empty\protocol\bluetooth\lib\EFR32XG13X\GCC\libbluetooth_mesh.a(bgapi_gatt.c.obj)
                              bgapi.c.obj (symbol from plugin) (bgapi_gatt_listener)
C:\Users\jains\SimplicityStudio\v4_workspace\soc-btmesh-empty\protocol\bluetooth\lib\EFR32XG13X\GCC\libbluetooth_mesh.a(bgapi_gatt_lib.c.obj)
                              ./main.o (symbol from plugin) (sli_bt_cmd_gatt_server_write_attribute_value)
C:\Users\jains\SimplicityStudio\v4_workspace\soc-btmesh-empty\protocol\bluetooth\lib\EFR32XG13X\GCC\libbluetooth_mesh.a(bgapi_hardware.c.obj)
                              ./main.o (symbol from plugin) (sli_bt_cmd_hardware_set_soft_timer)
C:\Users\jains\SimplicityStudio\v4_workspace\soc-btmesh-empty\protocol\bluetooth\lib\EFR32XG13X\GCC\libbluetooth_mesh.a(bgapi_le_connection.c.obj)
                              ./main.o (symbol from plugin) (sli_bt_cmd_le_connection_close)
C:\Users\jains\SimplicityStudio\v4_workspace\soc-btmesh-empty\protocol\bluetooth\lib\EFR32XG13X\GCC\libbluetooth_mesh.a(bgapi_ps.c.obj)
                              ./main.o (symbol from plugin) (sli_bt_cmd_flash_ps_erase_all)
C:\Users\jains\SimplicityStudio\v4_workspace\soc-btmesh-empty\protocol\bluetooth\lib\EFR32XG13X\GCC\libbluetooth_mesh.a(bgapi_system.c.obj)
                              ./main.o (symbol from plugin) (sli_bt_cmd_system_get_bt_address)
C:\Users\jains\SimplicityStudio\v4_workspace\soc-btmesh-empty\protocol\bluetooth\lib\EFR32XG13X\GCC\libbluetooth_mesh.a(bgbuf.c.obj)
                              bgapi.c.obj (symbol from plugin) (bgbuf_chain_free)
C:\Users\jains\SimplicityStudio\v4_workspace\soc-btmesh-empty\protocol\bluetooth\lib\EFR32XG13X\GCC\libbluetooth_mesh.a(bglib.c.obj)
                              ./main.o (symbol from plugin) (gecko_stack_init)
C:\Users\jains\SimplicityStudio\v4_workspace\soc-btmesh-empty\protocol\bluetooth\lib\EFR32XG13X\GCC\libbluetooth_mesh.a(btl_interface.c.obj)
                              bgapi.c.obj (symbol from plugin) (bootloader_getInfo)
C:\Users\jains\SimplicityStudio\v4_workspace\soc-btmesh-empty\protocol\bluetooth\lib\EFR32XG13X\GCC\libbluetooth_mesh.a(gap.c.obj)
                              bglib.c.obj (symbol from plugin) (gap_reset_state)
C:\Users\jains\SimplicityStudio\v4_workspace\soc-btmesh-empty\protocol\bluetooth\lib\EFR32XG13X\GCC\libbluetooth_mesh.a(gap_adv.c.obj)
                              bgapi_gap.c.obj (symbol from plugin) (gap_set_advertising_timing)
C:\Users\jains\SimplicityStudio\v4_workspace\soc-btmesh-empty\protocol\bluetooth\lib\EFR32XG13X\GCC\libbluetooth_mesh.a(gap_deprecated.c.obj)
                              bgapi_gap.c.obj (symbol from plugin) (ubt_gap_set_adv_parameters)
C:\Users\jains\SimplicityStudio\v4_workspace\soc-btmesh-empty\protocol\bluetooth\lib\EFR32XG13X\GCC\libbluetooth_mesh.a(gap_resolver.c.obj)
                              gap.c.obj (symbol from plugin) (gap_address_resolver_step)
C:\Users\jains\SimplicityStudio\v4_workspace\soc-btmesh-empty\protocol\bluetooth\lib\EFR32XG13X\GCC\libbluetooth_mesh.a(gap_scan.c.obj)
                              gap.c.obj (symbol from plugin) (gap_status_set_scan_packet)
C:\Users\jains\SimplicityStudio\v4_workspace\soc-btmesh-empty\protocol\bluetooth\lib\EFR32XG13X\GCC\libbluetooth_mesh.a(gatt.c.obj)
                              gap.c.obj (symbol from plugin) (gatt_init_connection)
C:\Users\jains\SimplicityStudio\v4_workspace\soc-btmesh-empty\protocol\bluetooth\lib\EFR32XG13X\GCC\libbluetooth_mesh.a(gatt_client.c.obj)
                              bgapi_gatt_lib.c.obj (symbol from plugin) (gatt_client_init)
C:\Users\jains\SimplicityStudio\v4_workspace\soc-btmesh-empty\protocol\bluetooth\lib\EFR32XG13X\GCC\libbluetooth_mesh.a(gatt_db_minimal.c.obj)
                              gap_adv.c.obj (symbol from plugin) (gatt_db_handle_active)
C:\Users\jains\SimplicityStudio\v4_workspace\soc-btmesh-empty\protocol\bluetooth\lib\EFR32XG13X\GCC\libbluetooth_mesh.a(gatt_server.c.obj)
                              gatt_db_minimal.c.obj (symbol from plugin) (gatt_server_send_attribute_value_event)
C:\Users\jains\SimplicityStudio\v4_workspace\soc-btmesh-empty\protocol\bluetooth\lib\EFR32XG13X\GCC\libbluetooth_mesh.a(gecko_bgapi_dfu.c.obj)
                              ./main.o (symbol from plugin) (gecko_bgapi_class_dfu_init)
[...]
Memory Configuration

Name             Origin             Length             Attributes
FLASH_BOOTLOADER 0x0fe10000         0x00004000         xr
FLASH            0x00000000         0x0007f000         xr
RAM              0x20000000         0x00010000         xrw
*default*        0x00000000         0xffffffff

Linker script and memory map

LOAD c:/siliconlabs/simplicitystudio/v4/developer/toolchains/gnu_arm/7.2_2017q4/bin/../lib/gcc/arm-none-eabi/7.2.1/thumb/v7e-m/fpv4-sp/softfp/crti.o
LOAD c:/siliconlabs/simplicitystudio/v4/developer/toolchains/gnu_arm/7.2_2017q4/bin/../lib/gcc/arm-none-eabi/7.2.1/thumb/v7e-m/fpv4-sp/softfp/crtbegin.o
LOAD c:/siliconlabs/simplicitystudio/v4/developer/toolchains/gnu_arm/7.2_2017q4/bin/../lib/gcc/arm-none-eabi/7.2.1/../../../../arm-none-eabi/lib/thumb/v7e-m/fpv4-sp/softfp/crt0.o
START GROUP
LOAD C:\Users\jains\AppData\Local\Temp\ccnkQp3D.ltrans0.ltrans.o
LOAD C:\Users\jains\AppData\Local\Temp\ccnkQp3D.ltrans1.ltrans.o
LOAD C:\Users\jains\AppData\Local\Temp\ccnkQp3D.ltrans2.ltrans.o
LOAD C:\Users\jains\AppData\Local\Temp\ccnkQp3D.ltrans3.ltrans.o
LOAD C:\Users\jains\AppData\Local\Temp\ccnkQp3D.ltrans4.ltrans.o
LOAD C:\Users\jains\AppData\Local\Temp\ccnkQp3D.ltrans5.ltrans.o
LOAD C:\Users\jains\AppData\Local\Temp\ccnkQp3D.ltrans6.ltrans.o
LOAD C:\Users\jains\AppData\Local\Temp\ccnkQp3D.ltrans7.ltrans.o
LOAD C:\Users\jains\AppData\Local\Temp\ccnkQp3D.ltrans8.ltrans.o
LOAD C:\Users\jains\SimplicityStudio\v4_workspace\soc-btmesh-empty\protocol\bluetooth\lib\EFR32XG13X\GCC\libcoex.a
LOAD C:\Users\jains\SimplicityStudio\v4_workspace\soc-btmesh-empty\protocol\bluetooth\lib\EFR32XG13X\GCC\libbluetooth_mesh.a
LOAD C:\Users\jains\SimplicityStudio\v4_workspace\soc-btmesh-empty\protocol\bluetooth\lib\EFR32XG13X\GCC\binapploader.o
LOAD c:/siliconlabs/simplicitystudio/v4/developer/toolchains/gnu_arm/7.2_2017q4/bin/../lib/gcc/arm-none-eabi/7.2.1/../../../../arm-none-eabi/lib/thumb/v7e-m/fpv4-sp/softfp\libm.a
END GROUP
START GROUP
LOAD c:/siliconlabs/simplicitystudio/v4/developer/toolchains/gnu_arm/7.2_2017q4/bin/../lib/gcc/arm-none-eabi/7.2.1/thumb/v7e-m/fpv4-sp/softfp\libgcc.a
LOAD c:/siliconlabs/simplicitystudio/v4/developer/toolchains/gnu_arm/7.2_2017q4/bin/../lib/gcc/arm-none-eabi/7.2.1/../../../../arm-none-eabi/lib/thumb/v7e-m/fpv4-sp/softfp\libc_nano.a
LOAD c:/siliconlabs/simplicitystudio/v4/developer/toolchains/gnu_arm/7.2_2017q4/bin/../lib/gcc/arm-none-eabi/7.2.1/../../../../arm-none-eabi/lib/thumb/v7e-m/fpv4-sp/softfp\libnosys.a
END GROUP
START GROUP
LOAD c:/siliconlabs/simplicitystudio/v4/developer/toolchains/gnu_arm/7.2_2017q4/bin/../lib/gcc/arm-none-eabi/7.2.1/thumb/v7e-m/fpv4-sp/softfp\libgcc.a
LOAD c:/siliconlabs/simplicitystudio/v4/developer/toolchains/gnu_arm/7.2_2017q4/bin/../lib/gcc/arm-none-eabi/7.2.1/../../../../arm-none-eabi/lib/thumb/v7e-m/fpv4-sp/softfp\libg_nano.a
LOAD c:/siliconlabs/simplicitystudio/v4/developer/toolchains/gnu_arm/7.2_2017q4/bin/../lib/gcc/arm-none-eabi/7.2.1/../../../../arm-none-eabi/lib/thumb/v7e-m/fpv4-sp/softfp\libc_nano.a
END GROUP
START GROUP
LOAD c:/siliconlabs/simplicitystudio/v4/developer/toolchains/gnu_arm/7.2_2017q4/bin/../lib/gcc/arm-none-eabi/7.2.1/thumb/v7e-m/fpv4-sp/softfp\libgcc.a
LOAD c:/siliconlabs/simplicitystudio/v4/developer/toolchains/gnu_arm/7.2_2017q4/bin/../lib/gcc/arm-none-eabi/7.2.1/../../../../arm-none-eabi/lib/thumb/v7e-m/fpv4-sp/softfp\libc_nano.a
END GROUP
LOAD c:/siliconlabs/simplicitystudio/v4/developer/toolchains/gnu_arm/7.2_2017q4/bin/../lib/gcc/arm-none-eabi/7.2.1/thumb/v7e-m/fpv4-sp/softfp/crtend.o
LOAD c:/siliconlabs/simplicitystudio/v4/developer/toolchains/gnu_arm/7.2_2017q4/bin/../lib/gcc/arm-none-eabi/7.2.1/thumb/v7e-m/fpv4-sp/softfp/crtn.o

.text_bootloader
                0x0fe10000        0x0
 *(.binbootloader*)
                0x0fe10000                . = ALIGN (0x4000)

.text_apploader
                0x00000000     0x8fc0
 *(.binapploader*)
 .binapploader  0x00000000     0x8fc0 C:\Users\jains\SimplicityStudio\v4_workspace\soc-btmesh-empty\protocol\bluetooth\lib\EFR32XG13X\GCC\binapploader.o

.text_signature
                0x00008fc0       0x40
                0x00009000                . = ALIGN (0x800)
 *fill*         0x00008fc0       0x40 
                0x00009000                __text_start__ = .

.text_application
                0x00009000    0x371a8
 *(.vectors)
 .vectors       0x00009000       0xfc C:\Users\jains\AppData\Local\Temp\ccnkQp3D.ltrans7.ltrans.o
                0x00009000                __Vectors
                0x000090fc                __Vectors_End = .
                0x000000fc                __Vectors_Size = (__Vectors_End - __Vectors)
                0x000090fc                __end__ = .
 *(.application_properties)
 .application_properties
                0x000090fc       0x38 C:\Users\jains\AppData\Local\Temp\ccnkQp3D.ltrans6.ltrans.o
                0x000090fc                bg_application_properties
 *(.gecko_configuration)
 *(.xo_configuration)
 *(.gatt_header)
 .gatt_header   0x00009134       0x34 C:\Users\jains\AppData\Local\Temp\ccnkQp3D.ltrans8.ltrans.o
                0x00009134                bg_gattdb_data
 *(.gatt_data)
 .gatt_data     0x00009168      0x304 C:\Users\jains\AppData\Local\Temp\ccnkQp3D.ltrans8.ltrans.o
                0x00009168                bg_gattdb_data_attribute_field_34
                0x00009170                bg_gattdb_data_attribute_field_33
                0x00009178                bg_gattdb_data_attribute_field_32
                0x00009180                bg_gattdb_data_attribute_field_31
                0x00009188                bg_gattdb_data_attribute_field_29
                0x00009190                bg_gattdb_data_attribute_field_28
                0x00009198                bg_gattdb_data_attribute_field_27
                0x0000919c                bg_gattdb_data_attribute_field_26
                0x000091a4                bg_gattdb_data_attribute_field_25
                0x000091ba                bg_gattdb_data_attribute_field_24
                0x000091cc                bg_gattdb_data_attribute_field_22
                0x000091d4                bg_gattdb_data_attribute_field_21
                0x000091dc                bg_gattdb_data_attribute_field_20
                0x000091e4                bg_gattdb_data_attribute_field_19
                0x000091ec                bg_gattdb_data_attribute_field_18
                0x000091f0                bg_gattdb_data_attribute_field_16
                0x000091f8                bg_gattdb_data_attribute_field_15
                0x00009200                bg_gattdb_data_attribute_field_14
                0x00009208                bg_gattdb_data_attribute_field_13
                0x00009210                bg_gattdb_data_attribute_field_12
                0x00009214                bg_gattdb_data_attribute_field_11
                0x00009222                bg_gattdb_data_attribute_field_10
                0x0000922a                bg_gattdb_data_attribute_field_9
                0x0000922e                bg_gattdb_data_attribute_field_8
                0x00009232                bg_gattdb_data_attribute_field_7
                0x0000923c                bg_gattdb_data_attribute_field_6
                0x00009244                bg_gattdb_data_attribute_field_5
                0x0000924c                bg_gattdb_data_attribute_field_4
                0x00009250                bg_gattdb_data_attribute_field_2
                0x00009258                bg_gattdb_data_attribute_field_1
                0x00009260                bg_gattdb_data_attribute_field_0
                0x00009264                bg_gattdb_data_adv_uuid128_map
                0x00009265                bg_gattdb_data_adv_uuid16_map
                0x0000926a                bg_gattdb_data_attributes_dynamic_mapping_map
                0x0000927e                bg_gattdb_data_uuidtable_128_map
                0x0000929e                bg_gattdb_data_uuidtable_16_map
                0x000092c8                bg_gattdb_data_attributes_map
 *(.text*)
 .text          0x0000946c       0x40 c:/siliconlabs/simplicitystudio/v4/developer/toolchains/gnu_arm/7.2_2017q4/bin/../lib/gcc/arm-none-eabi/7.2.1/thumb/v7e-m/fpv4-sp/softfp/crtbegin.o
 .text          0x000094ac       0x74 c:/siliconlabs/simplicitystudio/v4/developer/toolchains/gnu_arm/7.2_2017q4/bin/../lib/gcc/arm-none-eabi/7.2.1/../../../../arm-none-eabi/lib/thumb/v7e-m/fpv4-sp/softfp/crt0.o
                0x000094ac                _mainCRTStartup
                0x000094ac                _start
 .text          0x00009520     0x5968 C:\Users\jains\AppData\Local\Temp\ccnkQp3D.ltrans0.ltrans.o
                0x00009520                smp_listener
                0x00009540                smp_state_handle.lto_priv.957
                0x00009570                smp_l2cap_handle_impl.lto_priv.955
                0x000095a6                ll_task_default_callback.lto_priv.440
                0x000096e6                smp_get_random_data.lto_priv.523
                0x00009800                smp_verify_remote_public_key.lto_priv.816
                0x00009890                smp_send_pairing_public_key.lto_priv.813
                0x000098d6                smp_set_state.lto_priv.803
                0x0000991c                smp_alloc_data.lto_priv.805
                0x0000996c                smp_alloc_bgbuf.lto_priv.817
                0x00009980                smp_send_pairing_dhkey_check.lto_priv.806
                0x000099b8                smp_send_pairing_confirm.lto_priv.812
                0x000099f0                smp_send_pairing_random.lto_priv.801
                0x00009a28                smp_e.lto_priv.802
                0x00009a9c                smp_ah
                0x00009ae4                sm_bonding_confirm
                0x00009b10                sm_passkey_request
                0x00009b38                sm_passkey_display
                0x00009b9c                sm_passkey_confirm
                0x00009bc8                sm_pairing_failed
                0x00009bf4                smp_send_pairing_failed.lto_priv.800
                0x00009c40                smp_generate_ecc_keypair.lto_priv.815
                0x00009d64                smp_ecdh.lto_priv.814
                0x00009e38                smp_g2.lto_priv.808
                0x00009f0e                smp_f6.lto_priv.807
                0x0000a100                smp_f5.lto_priv.809
                0x0000a284                smp_f4.lto_priv.811
                0x0000a358                smp_c1.lto_priv.810
                0x0000a4b0                smp_ltk_request_handle_impl.lto_priv.959
                0x0000a544                sm_pairing_completed
                0x0000a570                smp_try_send_keys.lto_priv.798
                0x0000a900                sm_is_bondable
                0x0000aa50                usch_SendEvent
                0x0000aa60                ll_radioTimerExpired.lto_priv.887
                0x0000aa78                usch_RemoveTask
                0x0000aaa8                task_fail.lto_priv.902
                0x0000aab0                usch_Schedule
                0x0000ac70                add_task.lto_priv.632
                0x0000ad0c                usch_currentTaskRemainingTime
                0x0000ad20                ubt_pskey_read_callback
                0x0000ad3c                ubt_pskey_write_callback
                0x0000ad58                ll_scanSetParameters.part.3
                0x0000ad98                ll_scanCheckStop.lto_priv.904
                0x0000adac                ll_scanNextChannel.lto_priv.905
                0x0000ae94                ll_radioSetTxPowerRaw.part.0
                0x0000aeb4                ll_radioRawToTXPower
                0x0000af6c                ll_radioTXPowerToRaw
                0x0000af98                ll_radioLoadPacket
                0x0000afe8                ll_radioGetPacketTimeWithPhy
                0x0000b00c                ll_radioConfigurePhy.lto_priv.631
                0x0000b0c8                ll_radioConfigureChannel
                0x0000b1b0                ll_radioRandom
                0x0000b1ca                ll_llcpCommonTimeout.isra.1.lto_priv.901
                0x0000b1fa                BTLE_LL_EventRaise
                0x0000b2ac                nvm3_deleteObjects
                0x0000b3e4                BTLE_LLToHCIEventSAP
                0x0000b418                ll_to_hci_event_handler.lto_priv.442
                0x0000b594                ll_scanCreateConnection
                0x0000b788                ll_llcpLtkReply.part.3
                0x0000b7ea                ll_radioReadRxPacketDetails
                0x0000b9d4                smp_state_master_idle.lto_priv.771
                0x0000bc34                smp_state_timed_out.lto_priv.770
                0x0000bc4c                reset_smp_timer.lto_priv.799
                0x0000c554                smp_message_listener.lto_priv.953
                0x0000c5f8                ll_llcpCallbackPhyUpdate
                0x0000c65a                ll_llcpPhyUpdate_sender.lto_priv.885
                0x0000c7d0                ll_radioStop
                0x0000c800                ll_scanExtEnd
                0x0000c8e8                ll_radioTxAfterRx
                0x0000cd00                ll_radioTxSchedule
                0x0000cdbc                ll_radioTxStart
                0x0000ce20                ll_radioRxAfterTx
                0x0000ce64                ll_radioRxSchedule
                0x0000ced0                ll_radioRxStart
                0x0000d084                ll_radioSetMaxTxPower
                0x0000d0d4                ll_radioSetRfPathCompensation
                0x0000d0f8                gecko_priority_handle
                0x0000dfb8                ll_radioInit
                0x0000e7b8                ll_radioReadRxPacket
                0x0000eb70                ll_scanTaskPrimaryHandler
 .text.unlikely
                0x0000ee88      0x13c C:\Users\jains\AppData\Local\Temp\ccnkQp3D.ltrans0.ltrans.o
 .text          0x0000efc4     0x6258 C:\Users\jains\AppData\Local\Temp\ccnkQp3D.ltrans1.ltrans.o
                0x0000efc4                GENERIC_PHY_RxOverflowHook.lto_priv.847
                0x0000f34c                ll_dtmTaskHandler
                0x0000f8ac                ccm_aes_setkey_wrap.lto_priv.472
                0x0000f8b0                ccm_ctx_free.lto_priv.474
                0x0000f8c2                bgapi_test_lib_msg_handler
                0x0000f90c                GENERIC_PHY_SeqAtomicLock
                0x0000f94c                GENERIC_PHY_PacketTxCommon
                0x0000f98c                BUFC_WriteBuffer
                0x0000fa38                ll_linkGetWindowWidening
                0x0000fa8c                ll_connEncDataToBuffer
                0x0000fab4                ll_connEncBufferToData
                0x0000fae0                ll_connValidateParams
                0x0000fb1a                ll_connUpdateMaxPacketLengths
                0x0000fb88                ll_connGetHandleByConn
                0x0000fbb4                ll_connGetByHandle
                0x0000fbdc                bg_bit_clr_exclusive.lto_priv.607.lto_priv.873
                0x0000fbdc                bg_bit_clr_exclusive.lto_priv.605.lto_priv.875
                0x0000fbdc                bg_bit_clr_exclusive.lto_priv.604.lto_priv.872
                0x0000fbdc                bg_bit_clr_exclusive.lto_priv.608.lto_priv.870
                0x0000fbdc                bg_bit_clr_exclusive.lto_priv.606.lto_priv.877
                0x0000fbdc                bg_bit_clr_exclusive.lto_priv.603.lto_priv.884
                0x0000fbee                bg_bit_set_exclusive.lto_priv.612.lto_priv.878
                0x0000fbee                bg_bit_set_exclusive.lto_priv.616.lto_priv.871
                0x0000fbee                bg_bit_set_exclusive.lto_priv.610.lto_priv.900
                0x0000fbee                bg_bit_set_exclusive.lto_priv.611.lto_priv.881
                0x0000fbee                bg_bit_set_exclusive.lto_priv.609.lto_priv.869
                0x0000fbee                bg_bit_set_exclusive.lto_priv.613.lto_priv.868
                0x0000fbfe                ll_connEncryptionConnectionInit
                0x0000fc34                ll_connRaiseEvents
                0x00010268                ll_channelmapUpdate
                0x000102e2                ll_connInitNew
                0x000104c4                ll_channelmapUsedChannels
                0x000104ec                ll_channelmapGetChannelMap
                0x00010504                ll_connUpdatedChannelClassification
                0x0001056c                ll_advExtUpdateChannelMap
                0x0001058c                ll_advGetByHandle
                0x000105d4                scan_getRadioPhy.lto_priv.876
                0x000105d4                adv_getRadioPhy.lto_priv.906
                0x000105e8                mbedtls_mpi_init
                0x000105f6                mbedtls_ecp_point_init.part.5
                0x0001060e                crypto_management_release
                0x00010644                mbedtls_aes_init.part.3
                0x0001064c                aes_ctx_free.lto_priv.471
                0x00010660                mbedtls_aes_setkey_enc
                0x0001069c                aes_setkey_enc_wrap.lto_priv.468
                0x0001069e                mbedtls_cipher_update
                0x00010740                mbedtls_cipher_cmac_update
                0x00010808                mbedtls_cipher_setup
                0x0001083c                bondingdb_find_by_data.part.2
                0x00010894                ubt_sm_get_bond_data
                0x000108c4                ubt_sm_set_bond_data
                0x000108f2                set_change_awareness
                0x0001090c                set_client_features
                0x0001094a                ubt_sm_delete_bonding
                0x00010a04                bondingdb_count_bonds
                0x00010a1c                ubt_sm_alloc_bond
                0x00010b04                mbedtls_mpi_cmp_mpi
                0x00010b84                mbedtls_mpi_cmp_int
                0x00010b9e                mbedtls_mpi_bitlen
                0x00010bde                mbedtls_mpi_free
                0x00010c0a                mbedtls_ecp_point_free.part.8
                0x00010c24                mbedtls_ecp_point_free
                0x00010c2a                bg_pool_free
                0x00010c6e                bg_pool_alloc
                0x00010c88                bg_message_run
                0x00010d20                bg_message_call
                0x00010d4e                bg_message_remove_receivers
                0x00010d80                bg_message_remove_receiver
                0x00010db6                bg_message_send_later_alloc_pool
                0x00010e44                bg_message_cancel_matching
                0x00010e9c                bg_message_cancel
                0x00010ea2                bg_message_send_later.lto_priv.624.lto_priv.819
                0x00010ea2                bg_message_send_later.lto_priv.625.lto_priv.908
                0x00010ea2                bg_message_send_later.lto_priv.626.lto_priv.804
                0x00010eb6                bg_message_send
                0x00010eba                bgapi_sm_listener.lto_priv.952
                0x00010f84                bg_malloc
                0x00010fa2                bg_message_add_receiver
                0x00010fc6                bg_zalloc
                0x00010fde                aes_ctx_alloc.lto_priv.470
                0x00010ff2                ccm_ctx_alloc.lto_priv.473
                0x0001100a                mbedtls_mpi_grow
                0x000110ea                mbedtls_mpi_lset
                0x00011112                mbedtls_mpi_shift_r
                0x00011186                mbedtls_mpi_read_binary
                0x000111ec                mbedtls_mpi_copy
                0x00011240                mbedtls_ecp_copy
                0x0001126a                mbedtls_mpi_mul_mpi
                0x0001194e                ecp_mod_p256.lto_priv.437
                0x00011ed8                mbedtls_mpi_sub_mpi
                0x000122f8                ecp_modp.lto_priv.490
                0x0001237c                mbedtls_ecp_check_pubkey
                0x00012580                bg_event_raise
                0x000125ac                bg_event_allocate
                0x000125d4                bg_bit_popcount
                0x000125fa                ll_connFree
                0x00012650                ll_advTaskStopHandle
                0x00012938                ll_advExtTaskHandlerWaitTx
                0x00012b94                ll_advTaskHandlerWaitTx
                0x00012cb8                ll_connAlloc
                0x00012d14                ll_advUpdateMaxEventLength
                0x00012e14                GENERIC_PHY_EnableRadioIrqs.lto_priv.794
                0x00012e48                GENERIC_PHY_DisableRadioIrqs.lto_priv.796
                0x00012f00                GENERIC_PHY_ConfigureInterrupts.lto_priv.795
                0x00013090                GENERIC_PHY_ClearPendedRxWindowEnd.lto_priv.593
                0x000130ac                GENERIC_PHY_CheckPendedRxWindowEnd.lto_priv.592
                0x000130f4                BUFC_RxBufferReset
                0x00013148                RADIO_RACRxAbort.lto_priv.480
                0x00013180                FRC_IRQHandler
                0x000138bc                GENERIC_PHY_RadioIdle
                0x00013a30                crypto_management_release_preemption
                0x00013e84                ll_connSendData
                0x0001402c                ll_connEnableDataFlow
                0x00014052                ll_connEncryptionFail
                0x00014248                aes_crypt_ctr_wrap.lto_priv.467
                0x0001428c                bg_random_get_data
                0x00014308                mbedtls_aes_crypt_ecb
                0x000143ac                ll_connEncryptionSetSessionKey
                0x00014444                aes_crypt_ecb_wrap.lto_priv.466
                0x00014446                aes_setkey_dec_wrap.lto_priv.469
                0x000144f4                ecp_double_jac.lto_priv.487
                0x00014ace                ecp_add_mixed.lto_priv.489
                0x00015080                mbedtls_ecp_group_free
                0x000150de                mbedtls_cipher_cmac_finish
                0x000151ec                mbedtls_cipher_free
 .text.unlikely
                0x0001521c      0x934 C:\Users\jains\AppData\Local\Temp\ccnkQp3D.ltrans1.ltrans.o
                0x0001521c                fill_buffer_byte.lto_priv.903
                0x00015244                mbedtls_mpi_safe_cond_assign
                0x000152ac                ecp_safe_invert_jac.lto_priv.485
                0x0001568e                ecp_normalize_jac.lto_priv.486
                0x0001575c                ecp_normalize_jac_many.lto_priv.488
 .text          0x00015b50     0x69bc C:\Users\jains\AppData\Local\Temp\ccnkQp3D.ltrans2.ltrans.o
                0x00015b50                s44ebc822c20598f288a917f3bd72f1008d423805491578c4af9200167dec1655
                0x00015bf0                s81464a2878d09dbd2de6234ce8934184bf5116fd04efc613284ea48a9619bc39.lto_priv.755
                0x00015c80                s3b12f72c86808517df0a3d6331892da2d66b8e9bbaa06d12ff26d860074fcf07.lto_priv.754
                0x00015dee                s0f162da1e6a3decc61507ebe76a98a73dbc69631290d76a2cd0d8030911e07bc
                0x00015e48                s9a038438b96a59eed64aababe6ec97f449cc898c03ab04d2c74a7f7c4bbc2e05.lto_priv.748
                0x00015e70                sb1a644a1e5843c08107db7f44e6f6de3f416b6088213276810b83cc983817266.lto_priv.773
                0x00015fb8                sea5ba44b0248258f8606e49ea9330b2a33471148e7473a1753e7393a74b29799
                0x000161d6                sdccd8c01e9babaa0e0963c0cd2274195d601e2d214eb7259e96764e325fe3511.lto_priv.775
                0x00016210                scfcbe62bc55fcce451bccf3797d7dd6dc6d553185d251f936804143b1296dfa2.lto_priv.774
                0x00016238                sbb4eec507b5a168ec8b28c986c2ee29204eaeed558feabb5babca62ee289846c.lto_priv.772
                0x00016348                scfc0e2e1128071105522c23c9451e1bb2465ed08baa33cf1d9181b1d53169813
                0x00016396                s217a21a7a8f3f1091596dbf4f08a61fd3c16462ef6f203ac78993ce8701dc5dd
                0x000163ac                sc15e72523a4fff591eb1c022dda22a453478a0af2d8130b937420b069e3b7fb1
                0x000163c8                sd8a21cfa0a7aa956f6c22fc1950b44e920a03eec22249fc0b05680e2c5b406e9
                0x000163e0                s1ee9b56ab38b39eefe77c768c6fb6fddfac9d7e905cc009948dce405026bda2a
                0x000163f8                s6b4a66804b530be593856a80fda3e0bac1d1b8b10bddd83f414b0f4d11613e4b
                0x00016424                s3cb1c8dd3f7c829253122ff899ba548bdaf5fe0deaf2259ebffffaaece25a563.lto_priv.672
                0x000164dc                s7ae258203eebfbaaaaaa28f4a7f0e29f3444686b97ed7d00e4196a644b70ff9b.lto_priv.691
                0x000164fc                sd77738b41f860799fd52f2514eb6f59f3efc0192ddfd7b83755c1bf4311d15ed.lto_priv.690
                0x00016518                se056d6ad4bc905c0d7e7668c45efc58a601a7f9acbc82512b49f4a00da725978.lto_priv.688
                0x00016528                sb7363b9be572e36de0710513bade175b535417dd45fb4477e006a11698462f0b
                0x0001653a                s3bddd3dfd10149a614ea0bb8a32dd855247236b7e1c6b3879a72ead78e0f2895
                0x00016634                sdda070b8da2cc650e6b612d06086f07a5f551cde83db6f459a25f7e4ac860118
                0x00016734                sc22d564d97794cc78e3748e475370d7932794c538198102e07d388bfc30eed3c
                0x0001676c                scf693e2c0b279b154d67dd44d9403714592aefeeb7b25ed901c1737727362cc5
                0x000167bc                s7363c4a1809b88f585f1a98af055457294968d3f2103b534d684d54ef15926d8.lto_priv.666
                0x00016832                s152355094cfade3d783d1516d9e2dc87f4fe7f56ca9590becd12b3e93603400b.lto_priv.697.lto_priv.790
                0x00016832                s152355094cfade3d783d1516d9e2dc87f4fe7f56ca9590becd12b3e93603400b.lto_priv.696.lto_priv.818
                0x00016838                s8169a3e0e65baf978ae3316024359b37b6bf4730a501b2068e4200dcb56f6639
                0x00016abc                scf4af741e157394c998479cb003d5cf203c5198b2e65a822cfffac72047d77b6.lto_priv.589
                0x00016b04                s7ffd13f7fe449de75bf1556405267064aacdeaf9595c70532db38cd2851d0df2
                0x00016b48                sc533058bf47a8cdb1c2bd08ac2ccfa005925b95915c7feb5c92fc40e16ae2dd0
                0x00016b4a                sd5699aef6084a290996ea955f957a57987e3c370445af2997004bdc2778afabc
                0x00016b4c                s2ae6d5f70ead843e752f37b0ab2b8bd6029fcafbd92516271cf81c89ccf34574
                0x00016b4e                sca6b944d97bd8e437696a6bdbf8b1a2fbfbd6b175986bdd2f7107d9ccfc49791
                0x00016b50                scadac62caad1a5d40102505cfbb2a19a3f029dac1f04a1735fad62916e1cc1fa
                0x00016b52                s1cd7cde67471ba6cf9414371ab606bf222b7affcbd1724981d662222dffaea86
                0x00016b54                s022dfbeed394e9c9c6835d30619ba5da6546e41f4000dd5f010303deb5f89703
                0x00016b56                s6e790e4389aaf46aab77b6ee048f85f694d1bb0f5dfae966461622fa1912d45f
                0x00016b58                s836147ef04765530636f5d110318c78d86972384cb0a54d728cf08e7c69545c6
                0x00016b9c                s9de2d04aceb57da7832415dc572ff12ee17c2ef0d1a7d803dad8449d8300e8df
                0x00016b9e                sbf8dd28a6c6118d55cabd21f14cccd4b50441e6dcf23046d431300eda4b6b36b
                0x00016ba0                s890fcd60767f256ee5b13f44afc14bb3ab7d1bdd6e247bccd10b99b1568ec506
                0x00016ba2                s0a2382009035cc61f3ea65bab00791d9224b6d545564a39cd5476eb181d5decf
                0x00016ba4                s44e3124870589b009fc28e44b31cd745f6481542fa286e8583deb621c9b197f1
                0x00016ba6                s2213f5792ea4e59af1a2801e7bf4d0c3ab5b7b458e895d2e246136479051afe8
                0x00016ba8                s97ae481bbade53fbeed96d22e388a13ab7b6a53bef24a58b595033911f65dfa6
                0x00016baa                s7cce00725c17b5fa1f05023056c2620e6835260ee6e5dc93f877728d46fc6e96
                0x00016bac                s55f4ce9f868bcae5747a03eb64c57f53992a4b1c06e24b47225984de0a87da06.lto_priv.786
                0x00016bf4                _mesh_foundation_send_byte_array_impl
                0x00016ca8                s5a9ea35d33bf4ab8bcc7b6e7fcb5fcbcbf57fec60faa44fcbcca7ecee176e1a9
                0x00016d20                sc4c6a823f842d1814601d4202e4663eec22f1c956512ebca334bacebd269355b.lto_priv.575
                0x00016d3c                s7106f745c102199fe27f21960295fdb4457a22b491cfa616eb470481f7a9fe98.lto_priv.693
                0x00016f78                s9f68a26d035d1f514a015a273071c91891899c1e9d01919edc19081ead2e6093.lto_priv.673
                0x00016f98                sc1ba439c94aa9693f7b611877a2f066f5e83b256029e30df009fc20d45c324a3.lto_priv.659
                0x00016fec                s2bd23c8fceacb806d93b517200516653f75b899c45b63f4c5072c942834cc226
                0x00017016                s4942a71b887c9604bea622a56e8b8e7c6834c4b6cd7a90bc47610d8ff0b93624
                0x00017024                s4486de96d7f76e2a57775d4e0eb83bdaf4745d1d303f0d4421d3c0b20a527fcc.lto_priv.700.lto_priv.791
                0x00017034                s4fdd739175590387efed4a3fce66a1bca4f17b519a444ac1b9e275fe54fae31a
                0x00017050                s79558a2aefdf9c28e56d0fab6e02360b174da1e51d40a35761c4d4f3855183b9
                0x00017074                s88e74df6d693c3d7072d1fe7fe4d86667f9069cbeff5f446a6304df81426420e
                0x000170d4                sb2b9c601cc46226b5bb2932854316060b0f4ecbc09e3ac85b0759af8fd5e17e5.lto_priv.788
                0x0001719c                sf36d8d780fc95f18233d37fe7ff1d263ff5779c7cbee229dc67fa00d04dcf0aa
                0x00017244                s09c27f1dcf1aa2f8cd58408797518d3afd58b33f4e6e6c4b2454fb1500044f00
                0x00017280                s6511bdaeedecfe11658fc89b4e16b5429bdfd823fd9bc082d860b1649aba5995
                0x000172c4                sf745b9eddd638232923ca3229e88cacaacf2aafa74770371da5c4d5d60daf09b
                0x000172ec                s59dfc794530d0975de1f2f53f94b104bcbf320c923927523ab8443b14be389a0.lto_priv.491
                0x00017308                s1967a7a229d4ae623378a9646807f65cda9f7cf1ffb8836775a7d0099c309343.lto_priv.507
                0x0001732c                s3090f14c3265652bdeef45fd059dd45b630cfd2e384a89d274e91ccf2eee559c.lto_priv.671
                0x00017658                sa4a3dd4d9c89d330f1ed88b0ab06f5ce086e9510afbb612cc8bcfb63dcee141b
                0x00018098                s815b4ab54b5d66d4f4c099599897597aab9547f6f150416983323418fbcfcd63.lto_priv.692
                0x00018230                s449e7a51a7e703ed2efe63cbb5046a7a7e9db7e8d0813ad844005c51e298a967
                0x00018292                s48513b360ea7300b262e06734521d6d41ede06d8596657e7bd86f44506c097d1.lto_priv.756
                0x000188d8                sd0a94330b4a104a8b342e6aa42697660429b35303c23dc8cbf35eebd6849be4b
                0x00018998                sb4cbcfb27a049a42f8c328b3b32e31225fa58acd8fa1fbd156c1086204d42f54
                0x00018a10                sfeca3019580bba44eb2c246c8ae0017167eca8528fe01c05a5279c48437c4180.lto_priv.776
                0x00018b90                s776b64871e16c5fe4fd0ce9b7c158901e9ee87f3d75d954796a56d0090cebfc3.lto_priv.678
                0x00018d38                s2d7c2b66b296b20695246b9d12c06f5f15430c75a64577e2ffbb4ab7fd07562a
                0x00018d64                s7dd37f975cb4ea4a55a3390f89eac6ce4072985cee4b23787bd88f2083502aa2
                0x00018df0                sb5e3f4eb369f16c4402c3b1112765b69eb90375593ae58bc3f93192c54da5e3f
                0x00018e5c                scb28c1f42ed39204eaf76b33514208eb84e19d5454a84bc9ef7bbc97bb22b3ec
                0x000190a4                se2dfec209fa446700a33541d6c1bb13dfaa01e1e866573701ba5f9140c7a7c00.lto_priv.669
                0x000191d4                s76cb0009c38d97748c40fb80af8eb69e087d975dcb9e945047195ce1b5cf8e07
                0x000194f4                s5cbf039156296d6c2bb8d0c0604e837c75f1723762aba8a1c8166c00fa15a638
                0x00019660                s5684044cf5175a8b740cd2961a53a120b7e3f5ed816134bb06f946cf9d956db9
                0x0001a098                sa03d0b469bac1de825e65e5240dff1e6682267dbae50d14bf525c5f838fb31fa
                0x0001a19c                sdf47c9e324a5222f56ae184e90d9afb14c827d98f884492480980fa3f559625a
                0x0001a284                s61e8044af69aa24a7b2ee8b8b10d9f667017fa329e84958144542c19b7f4fbc7.lto_priv.747
                0x0001c378                s27f0cd4e312460ff7d990bde951be0dba87a989fea0f6d1c17273de5c17e6271.isra.3.lto_priv.785
 .text.unlikely
                0x0001c50c      0x2ec C:\Users\jains\AppData\Local\Temp\ccnkQp3D.ltrans2.ltrans.o
                0x0001c75c                s21837a89709527f76a22b50cacde2eeb23f009585933d94c497d12b51fb631f8
                0x0001c798                s13c87fcd1e7b3daa26d5cd11518ed7984adeafe4dfd73084375b248b53f47225
                0x0001c7d2                s6e0b82721891021f166f3779383940d1ce408eff5bb1cec4e2e615bf8a262f55
 .text          0x0001c7f8     0x57c4 C:\Users\jains\AppData\Local\Temp\ccnkQp3D.ltrans3.ltrans.o
                0x0001c866                bg_pre_sleep
                0x0001c868                bg_post_wakeup
                0x0001ca84                ll_bgbuf_callback.lto_priv.441
                0x0001cc60                ll_llcpSend
                0x0001cc7a                ll_llcpSendReject
                0x0001ccb6                ll_hciSendHCIEvent
                0x0001ccc2                ll_hciSendAdvSetTerminated.part.3
                0x0001ccfc                ll_hciSendEncryptionChange
                0x0001cd2c                ll_hciSendLeConnectionComplete
                0x0001cda6                hci_command_alloc
                0x0001cdd4                hci_state_listener
                0x0001ce08                hci_increase_token.lto_priv.479
                0x0001ce1a                handle_bgapi_output.lto_priv.590
                0x0001ce90                sli_bt_cmd_handler_delegate
                0x0001cee0                gatt_db_find_attribute_by_type
                0x0001cf18                gatt_db_get_16bit_char_handle
                0x0001cfbc                gatt_db_set_data
                0x0001d148                gatt_db_get_data
                0x0001d3b8                gatt_db_user_value
                0x0001d3d4                finish_execute_write_req.lto_priv.965
                0x0001d47e                gatt_db_get_char_properties
                0x0001d4c4                abort_long_write.lto_priv.483
                0x0001d4e2                free_params_data.lto_priv.482
                0x0001d4ee                end_procedure.lto_priv.484
                0x0001d52a                gatt_handle_write_response
                0x0001d53c                gatt_handle_execute_write_response
                0x0001d574                gatt_handle_read_by_group_type_response
                0x0001d630                gatt_handle_find_by_type_value_response
                0x0001d6e2                gatt_handle_find_information_response
                0x0001d87a                send_characteristic_value_event.lto_priv.661
                0x0001d8ec                gatt_handle_read_multiple_response
                0x0001d9b4                gatt_handle_read_blob_response
                0x0001d9ea                gatt_handle_read_response
                0x0001dacc                gatt_handle_read_by_type_response
                0x0001dce4                gatt_get_next_connection
                0x0001dd0c                gatt_get_connection
                0x0001dd18                gatt_start_procedure_timeout_timer
                0x0001dd24                send_notification.lto_priv.964
                0x0001ddce                gatt_server_report_gattdb_change
                0x0001e008                send_gatt_mtu_exchanged_event
                0x0001e032                gap_resolver_start
                0x0001e1f4                ubt_gap_get_identity_address
                0x0001e250                ll_llcpHandleFeatureReq.lto_priv.874
                0x0001e2ac                ll_startOrQueueProcedure
                0x0001e306                ll_llcpSendLengthReq
                0x0001e334                ll_llcpFeatureExchange
                0x0001e36c                ll_connSetLlcpCallback
                0x0001e3d0                ll_connClearLlcpCallback
                0x0001e414                ll_connAbortLlcp
                0x0001e43e                ll_llcpCallbackEncryption.lto_priv.833
                0x0001e5f4                ll_llcpCallbackChannelMapUpdate.lto_priv.834
                0x0001e642                ll_llcpLinkLost
                0x0001e89c                ll_llcpUpdateChannelMap_sender.lto_priv.600
                0x0001e9b4                ll_llcpCallbackConnectionUpdatePreListen.lto_priv.835
                0x0001e9f4                ll_llcpHandlePacketCommon
                0x0001ed14                ll_hciSendNumberOfCompletedPackets
                0x0001edc0                ll_hciHandleCommand
                0x0001ff08                hci_send_acl
                0x00020044                l2cap_message_handler
                0x00020078                l2cap_send_fixed_channel
                0x000200ba                hci_send_command
                0x000200f4                hci_le_ltk_reply
                0x0002013e                hci_le_start_encryption
                0x00020250                hci_close_acl
                0x0002032c                gap_adv_update
                0x0002058c                ubt_gap_set_le_mode
                0x000209d0                ubt_gap_set_adv_data
                0x00020aa4                gap_connection_complete.part.11
 .text.unlikely
                0x00021fbc      0x398 C:\Users\jains\AppData\Local\Temp\ccnkQp3D.ltrans3.ltrans.o
 .text          0x00022354     0x60a0 C:\Users\jains\AppData\Local\Temp\ccnkQp3D.ltrans4.ltrans.o
                0x00022380                s811283eda8925aa908a29c0fb184c1693eb6e29d68029a5072949c207b4f7cb8.lto_priv.566
                0x000223e0                s203c11a0e296da6702f974aa7096ebe966ea61a0ec7b70ba6d359e8bda6a59aa.lto_priv.780
                0x00022444                s64ec19537b527aa778a6ec009b06ebbe07b609befdc684ca07977921956276c2.lto_priv.779
                0x00022474                s005973216bcb99fc86eb4ed314903a24bab65fe7bae1a6fa154d0eaba59507a5
                0x00022534                sba37ae8601690b0896cea959395272b96624ac4b5aad20973574360601a0ed90.lto_priv.743
                0x0002255e                att_gatt_client_handler
                0x000228f8                s3aac575e28da0d7964dad5ad5d6c85d4997f65b29590a405fb0f8c020dbac66b
                0x00022b70                s3b8af17dc1984bef9dfe136fe6f6903d953c7650b2c9af7638a9d6517266c96a.lto_priv.445
                0x00022d04                s7511782b6bff733265fdc80150f483bb1a5d0f42f56c21cff7ea617278ca4bb0.lto_priv.777
                0x00022d34                s195bd06d3d7dced800230fa572adb64d223a3b6c1382fc621c40b28a20ce051a
                0x00022d38                s8d64c438403c36792474ee14f02ef44de28731e5538b6b61deb7027fb9f1213d
                0x00022d3c                sef1316e1438ae2cf117c40ca6556dc740ddd34034083b129a49abc7f7a4a9153
                0x00022d40                s5519abc2b89ababc4364a73ca9bf14192bbaf331bb8f600cb502ad89d69dc189
                0x00022db0                s49a5aef00ed35d07789c1a79de9e63fc357b634005e3f893e064f4a74e900002.lto_priv.782
                0x00022db2                sc1caa8d631e234034408bfda5382abeb136472432d5432eb4abfc0f4c4b28078
                0x00022db4                att_buf_send
                0x00022dbe                att_send_pdu
                0x00022dca                att_send_prepare_write_request
                0x00022e76                att_alloc_pdu_copy_data
                0x00022eac                att_alloc_buf
                0x00022ec0                att_alloc_pdu
                0x00022ed0                att_send_execute_write_request
                0x00022eec                att_send_find_information_request
                0x00022f10                att_send_execute_write_response
                0x00022f2a                att_send_write_response
                0x00022f44                att_send_error_response
                0x00022f6a                acl_find_by_addr
                0x00022f98                acl_find_by_index
                0x00022fb0                acl_find_by_hci_handle
                0x00022fc8                acl_release_
                0x0002306c                s0c83dbf80cd6ed3a3e9ae223b4683f746e30fffdf1211b02f02c0492bfee977d
                0x00023154                sde1a9ba2693b3ad6aac10ee8b861b8b7d7cd04179ce6c38a709765b6792f2330
                0x00023188                s6d380183df0b781240090db6d22dec74d362caf943d3f86b6a7a8dec2b7beb1e
                0x000231e4                se27ffd4e335c1b287068f894ab12cd726a9f6a2615712701a687f5fd281d4cff
                0x0002320a                s209982b582be70cf7990f9b873281f2e890fc861caea8609036859f4f0205138
                0x00023334                s400811aa0cd11c4cb41e52ce55495c20a1bbba83da63015ee4f93f619f033e7b
                0x0002337c                s3af4da5ae226a5fafe91e81ba2c31fb669ea28b51513723d8faa1123a21ee5d1
                0x000233c4                s68a2e0afa498fcd2704fb14ae53ceeb80b149f4e726c3ffc6d2123e5cbe977d2.part.1.lto_priv.581
                0x000233f4                sde778c787f98f879fb24013e79bf2879330a17453cb0da1321a8695b37de5995.lto_priv.502
                0x00023450                sa9fa4419e9b98f124930888065baf4e06b65a8189054d093682a52abbff1d8e7.lto_priv.586
                0x00023470                sc96c8ee327dbf4788de6c825351bb9921e20a75bff30be820055db7982e78ac4.lto_priv.579
                0x00023494                s0954221c1a9f9708187a6b78840c6ef452f586287a276713ec25353eb8f9406a.lto_priv.580
                0x000234c4                sd09e90db062aba7a485b818a8b8292be87b116a80119968fb7e55f47408b4cf8.lto_priv.585
                0x00023584                sefadbf67c58fb46c289d1ab9c5d80dc12486d7cee315da1c8833f928991bae32
                0x000235b4                s47d58c22dd520fdc4819aa8b4ba43c5e1bd5085d1d507c1ccc868cc96765a39d.lto_priv.577
                0x000235d4                sc2b085198caad59532be00573ea274b95b652e05e20fa402ef9cfc32006f16c5
                0x00023644                sd781d953cd4f054f4e694d937d5dc29ebbf7f8922d52a3e9252aba27db72d3c9
                0x0002365c                sb3ab9401e541618ef9464dc9dc279a39fe8a98408c8627c4657039eaab26f0de
                0x000236a0                s8987b89eb8d003cb3c46e146f226893cd7d4dc045215a206c1aa1d49e810f691
                0x000236dc                s1050f3816948dec04ec1c09d009193abb842d1939e7d5426d2d4a9c153fa19e4
                0x0002370c                sb0a0e7dcc0aff66940393115d537bebc9e159573c855ec5411edbeb12839bac0
                0x00023728                se98db4dd27ee87b19a138a390e62f7893fe203dbb85bab88a77cc8b8a614fb8f.lto_priv.583
                0x00023758                s2e706f4c17d4ea23e81bf66fdff240bb90fd55d0186c6d1eda5cbcb22504ad5e.lto_priv.584
                0x00023824                sfc184ab84ea5e9956e3f0cb94dc3ae7f61c042516f939e8654763716d14a7a81
                0x00023850                s1902c353513a46e4cd63cc1f67ad9b3ed6b03db525594ff1190d66187c988aaa.lto_priv.727
                0x000238ac                s31b72b6e17f66a75028f13e3b569068eab7b7f76390102ba2f9865df1577ae62
                0x000238e8                se263be2a0b7c61240fd9e57a89877d3f5530a3065eb9518d2e80626d679449e1
                0x00023924                s84476a5ffe0e3f078d3c5923082966062475e23dfc77615bda3b57b3a777eb53.lto_priv.567
                0x00023960                sbf2ac1065610d3d5d84bda651927927d88cb7a9e0ca536e5fd8e2941ebe14da2
                0x000239d8                se2ac50849b88f78cfc22b491336fffca4e4fd919eda671a79ff653737fdaeee5
                0x00023a48                s59fda895212499eb341894a754b6a8799cd070e09c2bea080538c1a9504b52d5
                0x00023b38                s0a1bfc2a0c5d787842e86cdcb14f277dd1cacdc8dd398d0d81fe73935d236f0b
                0x00023b50                secc6bf91f48f6e16151fd077159682ea379e98faa6c2e6e80454c04fb3c507d4
                0x00023b9c                sbd8afb566a1ea086ff1907750150be7937a659173c463521c9436e71ff28a4ae
                0x00023c20                s15c3aa335e4014577105e5f7ac7d6df0d79f2fc33405a5c6dc0a2a3b1c4da159
                0x00023c60                s187bcaadfa1d4bd2089d46791a381f7ca2a439c4c30cfa85d232cfc3df36bdd9.lto_priv.578
                0x00023cf0                sb60ae40d295f456443d07c2a32c37c5a0e63f7321cd92bf5ac322a4d3a78b530
                0x00023d3c                s8633ed229e1c84f4429ddba42c890c6191d9c432c0e6a84977fc4264d4c644fc
                0x00023d98                sd9986e35a85516bf26ff6b1218cf202e6f1172c3527907ac829ee61275658a4a
                0x00023dec                sfc9cd36a1bbb920521ea04ce8c64ab351e3bc801eff8f04e8bc97e393a4dba42
                0x00023e0c                saad99ac0ad18b3524a4f97ecdae7c27474b69cf8f9a5152e1dca53104d5872f6
                0x00024118                sccc159e0818bc3416cf5ea5e03b2db05ae2a5f61d3e670403df7b3380971840b
                0x000241a8                sd197966131b96fedbbe10724ff77a88880847d9dd59b96f5a4210833cd3175e0.lto_priv.744
                0x000241f4                s53d65179ce58217b8dbbda4d6a962b325730c74ab87b5d6e6462a55cdc28bc31
                0x00024214                s7d71c9802e3958162b5fdd55fa253c867fa29d2fb4c4ba23cdcbc795d5c42be2
                0x00024268                s4e7adfb85a0516b47aa7b4d1a2c14f2ebff439c70cb5c934109625c077ca51a3.lto_priv.576
                0x000242b0                sfba4a69959f432b6a16997869735d5345a408c9f4f869c7678226c11563073aa.lto_priv.789
                0x000243a4                s2d25e67a1dff175339e8a52a5bfc7f39aefdd0e3e7af7e01f51a5a6470bd83cf
                0x000244c0                s18ca20e6edd7b1dafa111ed259e869b324c456749ccf13e15a084847d5bff424
                0x000245bc                s90457651413029d1b805c9791502f80dad2bc331f03b9db5ed195366407d1399.lto_priv.792
                0x00024620                sa9857b5d797c92bedc6af155e7303a2b28fe0c67080bd8d007b028484be03fe0
                0x00024650                s97883586fbc16cac6a15bf423cb4894369f84caca35876f6be3e2698e78f4cb8
                0x00024680                sefcf855296e3ebeb40461302ec77153dbc14d8b7343459d104494c055f36f37a
                0x000246fc                sc0bbe4f47f33af52dada84dab2be3fc53ee775c69299aff02a8271f1c942b4fb.lto_priv.728
                0x0002472c                sdae12e034c336a2007efc5ff5da68577c816387d0e5e9ac4bc409b4dd2ae493f
                0x000247c4                s6595fbcfaef90445a8a7fe8b1058808e3c4bf4a91e1235f3abbf289f9d80551a
                0x000247f0                s0c6bfff49a261ea18faf7e5beb1c85f478315014f2a74981dcb05064c886f467
                0x00024a00                sb241fa3dc15733d9775993c7589cc8f49674c5d5f760c34ca1a2b79b81ba1023.lto_priv.509
                0x00024a78                sa9cdbf1c2f0abaddb8437928276edfa6a082ed7bc09c9a43fb34626888d3f8bb.lto_priv.443
                0x00024ae0                s521ce92a65c86992d1e00598b73861d99f99edb4041c7a2e37592645164c63c6.lto_priv.508
                0x00024ba0                sf9d43ee24c22e4a0d791e151797a50e128102eddd2b65ba04e8e198c7ad606ec.part.1
                0x00024cb4                s4697b4ed0b0575c589cda870f09ffd521fc536f8b738a4387c84c658c9124eed
                0x00024d34                sccd1d475c5586cb4094b8a7500e66aaff20cdc4cf73d640bc793f813a1152d2a
                0x00024d80                s0e4204c9985a631fef91cc925f3a985694db1a47c33f068b6c9649e9844a699b
                0x00024f44                sfea6553aadd267fc80fdfe1303406cd6927524d8ca67cc4f9a6cd69da8da5d70
                0x00025078                s87d9ac121fecc44b43b2fb9cac499d1370a625a43c138f190caa59d6266af059
                0x000251b0                sb47086f14594f6caded27a255af32ba67b6ff06067a6dd6a322c4ff5f282e215
                0x000251f8                sc0b927b5dab52591298ea90e5bafc5313839b5ed12b0d58d571261e45a9b3b28
                0x000252b6                s033743affbe89c62aec89e2ef002f98eda2e968afa369e1474fb9500aad6eb05
                0x000252ec                s5cb4210b3e08c6887fc9d1d25cf45b4247e34312f4c813ceb3edbc8c31061806
                0x0002536c                s0d70aa0b448be667b438bb513c65613c732fa5051f0a702e0c113acb7cdca1e6
                0x000253f4                sf0565216273da3f4f72c20fec26d2e0647b3b064af3e75fbb354b3fef1f61a80
                0x0002545e                sf365a46675558c2f81c154bfd91549a0b25271febea7a3335ac1aa340784dcfd
                0x000254c4                s8afa8bd57a010aaa072e78cbb63f2f498a52b945ba2ab92e73978fbb5a72aff7
                0x00025530                s142612325e982800554450aa041378f4a8504d71b5dd193dd4a126296bae52a1
                0x00025568                s3c8561c978fd97690e535f33470c7a4cae732740e95669ae53f051876cf36cf6
                0x00025568                bgbuf_copy_to
                0x000255c6                sfccfa04b675878208b0bdd7c5ae9bb6285224f7f9545ce4640a144450783d728
                0x000258d4                s7a2ef2cf9caf09b2e7bf287f1aab8a6e6825474a67084bfad2c92beb912ebc6a
                0x0002591c                s1c8bb5f1550650306aab296e8862df91c69b6ffa3e6906f99102c7b26fc89414.lto_priv.503
                0x00025970                sc590a76df500be8234c3d77551d13e28eeb4ef80aabe09db0f298a454b02ebbe
                0x000259bc                s34fbf48579147efba8ae800ebb75fe70c3b70da86ede68139bcfdd890a68d444.lto_priv.787
                0x00025bec                scce964ede00a122913c7caa0b1fb8fcbb6498fda16b841d84f18f76fe794b8c9
                0x00025d3c                s89514f25042a56d1f6d876f640c2de839850d5baeae349e3d922d77a14be4872
                0x00025db0                s15a8e3b6fcc9da0cc72a5c562b5f743a4f4be5adc234b47cf314c1a381c4b9b4.lto_priv.781
                0x00025e40                s1e6876ced0d548b56d377ef41dc0f3f0b12b41ce6a9494dc8c35c87e8e3b22d7.lto_priv.783
                0x00025ece                sa36264136eaef7bbdc807fb560b6eda803241d39164a2730557470734ef84f43.lto_priv.784
                0x00025f34                s8681d0293da3d4e9319e50b9d093b5eed863ee1d4c03d481b4634a636ecc899a.lto_priv.778
                0x00025f8a                s947f6669e09c6036614206fb2c14e49b1ae9d094fa52d588c71a512d123143d2
                0x00026128                s14394823fdb1a4dd6c5f0097ea0f4fa3ca90f45831c90889c96e2be2e299fb7f
                0x000262c0                sfb236dad0e3b9a6ba5f71bf6154df58253ecfeeddf8ab1c9e230f8ce02543e59
                0x000263fc                s1e8e801ca7427338dc34d3e97947e5bfe3d14495fcb70cb319c4b8281406ab6e
                0x0002658e                sdc528b59434616cacd0b3a6d4e3017e72844ba46e00cfb5cbc5115adf3488bcc
                0x00026734                s998ea7f5216b6e1ca0e897fe0feb989b23cf8c68c723b283079a5d8c035fa2a2
                0x000268f8                sb01c0c6b5f7fad080c3b853b80a384592a7c04f998589695044f39b9dd8cc496
                0x000269a0                sbdab0a659a16ba137b7d899db62f0b250227ca35db821e3eae0ad86b6f52ca17
                0x00026a74                sdae43e33b155587c01dcd99a12efa714bd1bea37c2e312cdcf6f5d3015940365
                0x00026aa4                s6f57eb6a7c74529af588693aa5038e89b6815648f3a1132e31b95a690f78472a
                0x00026b26                s15a0a36617ab2c00edef932b212592c232eef8642d944829cc0bfe4e7e296016
                0x00026c94                s3277fbf5ab0c15a80b6b614e5aa3e78205fc99258e41a17ccc003a0c86a182cf.lto_priv.742
                0x00026e34                s9d53c1a2ffea051bd6441e519f88905446467a57e789caff4796045f80852b69
                0x00026e62                sb4abdc41eb49b8e076241efa49704a180ff0e0d6e8eaefdba762fb55a4ac2ca3
                0x00026fac                s52a958eed992c5285bed4345ee3d727bb229196b3be3728a0283b14bea5bbfac
                0x000280cc                s71ef9039c4f0980b7703ce018af82d8ee850b8e5ea3e323100ec94940da324e0.lto_priv.444
 .text.unlikely
                0x000283f4      0x34c C:\Users\jains\AppData\Local\Temp\ccnkQp3D.ltrans4.ltrans.o
                0x000283f4                s8cd570e7c4ed3e3540ac5c675077a70067e7bf80be7cabc7685a7c7bb44dff1b.part.3.lto_priv.588
                0x00028458                sd9038c93eed87bddb38a63c2f0e6d0e0c9a54e9ebc8659ec70537589ba45d407.lto_priv.587
                0x0002848c                s0408690682cb3436f632c42469ecba5306b402f1c8e9aadd9e11b01bd77b1201
                0x000284d6                s113e2670c561fa1b518d06d7a71031984f646f284cc10f4d51f7b7cb1b8d3f20.part.11
                0x000284ee                sd9e94f8fc36e83d2d2b276da826a5a682079ce5f587c74329cc207f253f1f473
                0x00028538                s3033267058558a9277cf69c7eeac6de89f91399fd2564e66cdfa2e0f949820b8.lto_priv.966
                0x00028570                s61fa9467253c29a9338eb58eb8c5b76571e4a1d231c64732156dc5c669825e2c
                0x000285cc                sd589b776b3f7a27d2ad9980e25f89155292f3d2d0184175f503e08437ef8f345.lto_priv.582
                0x00028610                s5df900385b51eb670f368b1ea2c786b3a6dc6727b4c5c9fb538f07fb23ed7df6
                0x000286d4                s0c051ca4cd653994c4bdbefc91d4a2de441889bfd6d8701556b78812eeb7d5ce
 .text          0x00028740     0x550c C:\Users\jains\AppData\Local\Temp\ccnkQp3D.ltrans5.ltrans.o
                0x00028838                PRORTC_IRQHandler
                0x00028848                RFSENSE_IRQHandler
                0x0002884a                getMultiTimer.lto_priv.864
                0x0002884e                isMultiTimerExpired.lto_priv.863
                0x00028852                cancelMultiTimer.lto_priv.861
                0x00028856                isMultiTimerRunning.lto_priv.862
                0x0002885a                setMultiTimer.lto_priv.860
                0x0002885e                RFHAL_IsTimerRunning
                0x00028870                RFHAL_IsTimerExpired
                0x0002888c                RFHAL_GetTimer
                0x00028898                eventDefault.lto_priv.846
                0x0002889a                radioConfigChangedDefault.lto_priv.520
                0x0002889c                BG_PRORTC_IRQHandler
                0x000288cc                s392d549afc178c0d7a5681ebd5332cd1899f8a76570c5c04b5025b656c20919c.lto_priv.950
                0x00028cf0                s3a41d548aa29d3c66fb789961631ac654dcebb97302223d310cca14354ddd4c7.lto_priv.949
                0x00028d38                sli_bt_cmd_mesh_generic_client_init
                0x00028e00                sli_bt_cmd_mesh_generic_client_publish
                0x00028f10                sli_bt_cmd_mesh_generic_client_set
                0x000290b0                sli_bt_cmd_mesh_friend_init
                0x000291a4                sadcce125ea06a56598bf5531bb2bd6ef2e35b70e36c6df900b22d9725449e0ff.lto_priv.705
                0x000291a4                RAIL_YieldRadio
                0x000291a6                s844e130eaf59c234323483d1ed2d7e4eac229699dddddbc676540aac1d910e67.lto_priv.731
                0x000291d8                s480ac227317e9472652e63db98925c8451e2935be8aaf0d2832e9fe416021cb3.lto_priv.706
                0x00029278                sd54acc24b17f4efd13d9810707759fa576ca72002bf82017a21ba6eba12364d8.lto_priv.729
                0x00029354                sli_bt_cmd_mesh_node_start_unprov_beaconing
                0x00029590                gecko_bgapi_class_mesh_proxy_client_init
                0x000295e8                header_invalid
                0x00029606                crc32_calc.lto_priv.481
                0x00029634                find_obj
                0x00029690                flash_write_u32.lto_priv.867
                0x00029750                erase_db
                0x00029780                TIMING_NsToStimerTickCalc.lto_priv.880
                0x000297ac                TIMING_Recalculate.lto_priv.591
                0x0002999c                SYNTH_DCDCRetimeClkSet
                0x00029a08                SYNTH_LoDivGet
                0x00029a28                RTCCSYNC_RTCCClockFreqGet.lto_priv.967
                0x00029a6c                RFHAL_GetBitRate
                0x00029b30                RFHAL_GetRadioState
                0x00029b78                isTransitionState.lto_priv.882
                0x00029b8a                RFHAL_BLEPreambleSyncWordSet
                0x00029bd0                RFHAL_IsBleLongRangeEnabled
                0x00029be8                RFHAL_WriteTxFifo
                0x00029c48                RAIL_ConvertDbmToRaw
                0x00029d30                uuid_to_handle
                0x00029d94                timer_get_time
                0x00029dbc                s0d57dc395e34022e15c3a34e12696e930b9ccdd4c9664ef73981532014d8df06.lto_priv.730
                0x00029de8                s4dba8693c2f2892de1080e18420cdaa90c331eaf23bb699d9b910f728cf677a5.lto_priv.713
                0x00029f20                sf63ae429e177f75bf343a73eb81e9919e1a02328daad13a15af1618e68a24dd7.lto_priv.712
                0x00029f74                sbe84feab801f4e8c2775c880e3192e67a29625591a4d1276442461009b7e0567.lto_priv.711
                0x00029ff4                se031b142ddec03b3c6dd2798baec882de1721bdf1b7f9c70df99fa75b24181a7.lto_priv.710
                0x0002a064                se3cd0e16c5e5034e20c7650972abdc0f15a39b0534e333a85f7ba8502cadbef7.lto_priv.709
                0x0002a2e4                s4ffde1885e20bbf3a9aa99a72536a39be0931909f6f16cae43d66370eb5a1fa9.lto_priv.708
                0x0002a3dc                sd26dcd7f7b10daa73c5329b3197545c3da44c042e9f83a508d7459c2861698c1.lto_priv.707
                0x0002a730                store_write
                0x0002a9b8                RFRAND_GetRadioEntropy
                0x0002ad3c                RFHAL_CancelTimer
                0x0002ad84                RFHAL_SetTimer
                0x0002ae04                RFHAL_NotifyUserOfIrCal.lto_priv.879
                0x0002ae9c                sli_bt_cmd_mesh_node_init_oob
                0x0002c68c                RAILInt_SetChannel
                0x0002c850                RAILCore_ScheduleRx
                0x0002c9fc                RFHAL_SetTxPower
                0x0002ca36                RAILCore_ConfigChannels
                0x0002ca78                GENERIC_PHY_EventCallback
                0x0002cc6c                smp_state_slave_idle.lto_priv.820
                0x0002d244                smp_handle_generic.lto_priv.866
                0x0002d2d4                smp_state_slave_key_distribution.lto_priv.865
                0x0002d3a6                smp_state_slave_wait_encryption.lto_priv.825
 .text.unlikely
                0x0002dc4c       0x34 C:\Users\jains\AppData\Local\Temp\ccnkQp3D.ltrans5.ltrans.o
                0x0002dc4c                s91551e1e8c0856616a3b90e8f22a72c3d4bc5b34c370d87e233cc7f25a2131d2
 .text          0x0002dc80     0x36b0 C:\Users\jains\AppData\Local\Temp\ccnkQp3D.ltrans6.ltrans.o
                0x0002dc80                gecko_init_alloc
                0x0002e2f4                sleepCallbackWrapper.lto_priv.439
                0x0002e4d6                USART0_RX_IRQHandler
                0x0002e560                WDOG1_IRQHandler
                0x0002e560                VDAC0_IRQHandler
                0x0002e560                LEUART0_IRQHandler
                0x0002e560                I2C0_IRQHandler
                0x0002e560                CSEN_IRQHandler
                0x0002e560                LETIMER0_IRQHandler
                0x0002e560                EMU_IRQHandler
                0x0002e560                USART2_RX_IRQHandler
                0x0002e560                ACMP0_IRQHandler
                0x0002e560                CRYPTO0_IRQHandler
                0x0002e560                USART2_TX_IRQHandler
                0x0002e560                CRYPTO1_IRQHandler
                0x0002e560                SysTick_Handler
                0x0002e560                SMU_IRQHandler
                0x0002e560                IDAC0_IRQHandler
                0x0002e560                WTIMER0_IRQHandler
                0x0002e560                MemManage_Handler
                0x0002e560                USART0_TX_IRQHandler
                0x0002e560                UsageFault_Handler
                0x0002e560                WDOG0_IRQHandler
                0x0002e560                TRNG0_IRQHandler
                0x0002e560                USART1_TX_IRQHandler
                0x0002e560                FPUEH_IRQHandler
                0x0002e560                MSC_IRQHandler
                0x0002e560                PCNT0_IRQHandler
                0x0002e560                SVC_Handler
                0x0002e560                PendSV_Handler
                0x0002e560                TIMER0_IRQHandler
                0x0002e560                TIMER1_IRQHandler
                0x0002e560                NMI_Handler
                0x0002e560                ADC0_IRQHandler
                0x0002e560                CMU_IRQHandler
                0x0002e560                Default_Handler
                0x0002e560                I2C1_IRQHandler
                0x0002e560                LESENSE_IRQHandler
                0x0002e560                CRYOTIMER_IRQHandler
                0x0002e560                BusFault_Handler
                0x0002e560                LDMA_IRQHandler
                0x0002e560                DebugMon_Handler
                0x0002e560                HardFault_Handler
                0x0002e560                USART1_RX_IRQHandler
                0x0002e562                user_signal_message_handler.lto_priv.438
                0x0002e5bc                sli_bt_cmd_le_gap_bt5_set_adv_parameters
                0x0002e94c                sli_bt_cmd_gatt_server_send_characteristic_notification
                0x0002eac0                sli_bt_cmd_gatt_set_characteristic_notification
                0x0002eb44                sli_bt_cmd_gatt_write_characteristic_value_without_response
                0x0002ebc0                sli_bt_cmd_gatt_discover_characteristics
                0x0002ec3c                sli_bt_cmd_gatt_discover_primary_services_by_uuid
                0x0002ed0c                sli_bt_cmd_le_gap_set_scan_parameters
                0x0002ed78                sli_bt_cmd_le_gap_bt5_set_adv_data
                0x0002eddc                sli_bt_cmd_le_gap_bt5_set_mode
                0x0002ee6c                RTCC_IRQHandler
                0x0002eea8                GPIO_ODD_IRQHandler
                0x0002eecc                GPIO_EVEN_IRQHandler
                0x0002f320                Reset_Handler
                0x0002f358                gap_connection_complete
                0x0002f3b4                gap_scan_update
                0x0002f4b4                sli_bt_cmd_le_gap_end_procedure
                0x0002f4fc                check_private_address_and_timer
                0x0002f5c0                gap_listener
                0x0002f77c                sli_bt_cmd_le_gap_discover
                0x0002f7fc                gap_notify_connection_parameters
                0x0002f85c                gap_encryption_changed
                0x0002f8bc                gecko_stack_update_callback
                0x0002f8f8                bgbuf_chain_add
                0x0002f90c                bgbuf_chain_len
                0x0002f920                bgbuf_prepend_no_alloc
                0x0002f960                bgbuf_chain_pop_packet
                0x0002f986                bgbuf_append_data
                0x0002f9aa                MSC_Deinit
                0x0002f9c0                MSC_Init
                0x0002f9e0                EMU_DCDCLnRcoBandSet
                0x0002fa08                CORE_SetNvicRamTableHandler
                0x0002fa18                CORE_ExitAtomic
                0x0002fa18                CORE_ExitCritical
                0x0002fa1e                bgbuf_free
                0x0002fa94                bgbuf_chain_defragment
                0x0002fb20                bgbuf_chain_drop_end
                0x0002fb62                bgbuf_chain_drop
                0x0002fb90                bgbuf_chain_free
                0x0002fba4                bgapi_ubt_listener
                0x00030264                bgbuf_alloc_int.lto_priv.478
                0x00030300                bgbuf_chain_append_data
                0x00030364                bgbuf_clone
                0x000303d6                bgbuf_alloc_copy_data
                0x00030450                bgbuf_alloc
                0x0003045c                bgbuf_split
                0x000304ac                bgbuf_prepend
                0x000304d0                CMU_ClockSelectGet
                0x00030598                CMU_ClockEnable
                0x00030664                SystemHFClockGet
                0x000307d8                CMU_ClockFreqGet
                0x000309d0                set_ctune
                0x00030e36                DMD_writeColor.part.2
                0x000311f8                _write
                0x0003125c                _sbrk
                0x00031280                _read
                0x00031318                _lseek
                0x0003131c                _isatty
                0x00031320                _fstat
                0x0003132a                _exit
                0x0003132c                _close
 .text.startup  0x00031330     0x1fec C:\Users\jains\AppData\Local\Temp\ccnkQp3D.ltrans6.ltrans.o
                0x00031330                main
 .text          0x0003331c     0x3e98 C:\Users\jains\AppData\Local\Temp\ccnkQp3D.ltrans7.ltrans.o
                0x0003331c                s5ad1fa4191f3ccb36fb97c2ef6225191588ef0fd75f8cc98a16e688db40d5bfa.lto_priv.475
                0x000333a8                s42d01603783f13a5e2831744b07d3bc19081df2ab7ba09a85632441160bf6eb0
                0x000333ac                s4afb01489191b5ff61d49a55c5b94357d3d3fc12c84061af594a449e573ca451
                0x000334bc                SYNTH_IRQHandler
                0x000334cc                FRC_PRI_IRQHandler
                0x000334d0                MODEM_IRQHandler
                0x000334d4                RAC_SEQ_IRQHandler
                0x000334d8                PROTIMER_IRQHandler
                0x000334dc                BUFC_IRQHandler
                0x000334e0                s57c5640bfee223650e674e78dbd5151760c9d90d8f8237f6f1859df9e8569b27.lto_priv.660
                0x000334f0                se70c2aa28d2f59c7577823c670ab2389ad7d7455a3313477adcd39c3bac98240
                0x000335cc                s91d970e5fa6755d762095036b278ea33c9fb46799228c569eaf1a7cc48fabce2
                0x00033610                s7413f59c5c3e6f88b5203a095a4c3fe2381d18309aa7af23e7b20c0681c1e567
                0x00033662                s0012ba35f380ee8555045e5957615304786d5c55579203bce19b2ddfa68711f7
                0x00033758                s85fec278c5d74e6b9700b5ba82c5744233419731e6d2b1a31bd60fcad1ef632c
                0x00033774                s394827979bc517d8c3056ed32db702b680b9a4e9c4ffba37e5359ca17d84f0fb
                0x000338ec                see12003c8abce0a02fdc1591cde46d79f387b4a6098d834346c158c59142a3f2
                0x00033a94                s72779115b1b07fe678f0d68ddd2c3b732b8d9d0591b9f1ea6615a8f2754843c9
                0x00033b34                AGC_IRQHandler
                0x00033b80                s7a7660b4e42ffc7178b6ee3d394b9b3f153dfab2816d5cc25a0a94fb491fb79b.lto_priv.514
                0x00033be0                sf76c7740676ad4b729d57b6fb75ee679e37dbe08d3b7483121a75727256f9e5b.lto_priv.515
                0x00033c1e                s1054add7b737c2e8a1eb5454fa7d500e5da5ca554d4238ec791bfb1eadc21f34.lto_priv.512
                0x00033c50                s82671978564b6495334f191e363e3cbca289c131b22d30ffc25c1755db7043f4.lto_priv.511
                0x00033c7c                s47da7acdfd98a4e5a9c2b636de26ba92ecfab08d82f1eafe492c3698cf5756d9.lto_priv.517
                0x00033cf8                sd978329e24d702e6d54df91f0a63a8cbd7fd71bad0754ab6583e659137bb6805.lto_priv.516
                0x00033d70                s0dc9f3dac3978978783c93d16465792ca693c636ffb19cce20e8809d9cbaf0af.lto_priv.513
                0x00033de8                s087f70de52ac3dee8ffc614ad91b70511c7d160dcba60f1cb04e5d71c8049996.lto_priv.476
                0x00033e1c                sd71f0cf7eddd46b6d8ac861f620a55ba20f6f433336a75e89e01978e5e78f4c5.isra.12.lto_priv.499
                0x00033e1e                s7605ee873f62bfeb488db1a6fcaa463289294d441dcb665e91461cea0669233e.isra.8.lto_priv.676
                0x00033e20                sd8f89ec1100339a81538c46217710e24913a0ef7e9fb11d872efd8f54d61b5a8.isra.7.lto_priv.674
                0x00033e22                s555e05d96c28502d6d0733c44e1c44652a56e2eba66e844d22bdba7a41206103.lto_priv.665
                0x00033e88                sbcb44dbbb4e15915ca392a362af3aa0be96eec60363c5bfb54f719c936b2c4b0.lto_priv.663
                0x00033ea8                seb5bf1da0c9ed9347cd8bc15e5634dc71718bcd4cab32c48dcb28bea072dc14a
                0x00033ed8                s43b667355dd07062fe0261de806a446b9e11c49e03ade53aa00d1d143b39cd91.lto_priv.501
                0x00033f28                s1f5aa6f1203ab098ddb83c749573190ebbab63dcccd24d476c32d143c6ee4e13.lto_priv.677
                0x00033f60                s058a35f627504dd2ebcb53ed9c8dd0a2699ae3b3ed9ea263900462988391b489.lto_priv.526.lto_priv.724
                0x00033f60                s058a35f627504dd2ebcb53ed9c8dd0a2699ae3b3ed9ea263900462988391b489.lto_priv.527.lto_priv.716
                0x00033f60                s058a35f627504dd2ebcb53ed9c8dd0a2699ae3b3ed9ea263900462988391b489.lto_priv.492
                0x00033f6c                s9ff64dc159da670e77c85b13eee3f9cbfaa7038e9c63174821f1d22e366c436c.lto_priv.530.lto_priv.725
                0x00033f6c                s9ff64dc159da670e77c85b13eee3f9cbfaa7038e9c63174821f1d22e366c436c.lto_priv.529.lto_priv.681
                0x00033f6c                s9ff64dc159da670e77c85b13eee3f9cbfaa7038e9c63174821f1d22e366c436c.lto_priv.532.lto_priv.715
                0x00033f6c                s9ff64dc159da670e77c85b13eee3f9cbfaa7038e9c63174821f1d22e366c436c.lto_priv.531.lto_priv.717
                0x00033f7c                s82dd3ab8003cd2497ba2ed2c0c21b4458767185e45364604942182c9348f9aaa.lto_priv.668
                0x00033f7c                s82dd3ab8003cd2497ba2ed2c0c21b4458767185e45364604942182c9348f9aaa.lto_priv.493.lto_priv.518
                0x00033f7c                s82dd3ab8003cd2497ba2ed2c0c21b4458767185e45364604942182c9348f9aaa.lto_priv.494.lto_priv.495
                0x00033f8a                s9610a5a138da8a33629598358a9ac6e952b2e337f916aa05ee616ccd21fcd676.lto_priv.722
                0x00033ff4                scecbc50c9cf28dd98845aa205755e3e4c50ab3cbc03c879de116cb37f4edb289.lto_priv.535.lto_priv.682
                0x00033ff4                scecbc50c9cf28dd98845aa205755e3e4c50ab3cbc03c879de116cb37f4edb289.lto_priv.534.lto_priv.694
                0x00033ff4                scecbc50c9cf28dd98845aa205755e3e4c50ab3cbc03c879de116cb37f4edb289.lto_priv.536.lto_priv.670
                0x00033ffe                s05aa84cedcc11cf1c562137c390b3cbb385eae382cb5349ed3cdb9cbe87d95ac
                0x00034064                s671b6088cd303b07b712b0a1be2aedede858afd9462658e78c0cdbe2d753299a.lto_priv.542.lto_priv.718
                0x00034064                s671b6088cd303b07b712b0a1be2aedede858afd9462658e78c0cdbe2d753299a.lto_priv.544.lto_priv.687
                0x00034064                s671b6088cd303b07b712b0a1be2aedede858afd9462658e78c0cdbe2d753299a.lto_priv.543.lto_priv.689
                0x00034064                s671b6088cd303b07b712b0a1be2aedede858afd9462658e78c0cdbe2d753299a.lto_priv.541.lto_priv.720
                0x00034064                s671b6088cd303b07b712b0a1be2aedede858afd9462658e78c0cdbe2d753299a.lto_priv.540.lto_priv.721
                0x00034064                s671b6088cd303b07b712b0a1be2aedede858afd9462658e78c0cdbe2d753299a.lto_priv.545.lto_priv.686
                0x00034064                s671b6088cd303b07b712b0a1be2aedede858afd9462658e78c0cdbe2d753299a.lto_priv.497.lto_priv.498
                0x00034064                s671b6088cd303b07b712b0a1be2aedede858afd9462658e78c0cdbe2d753299a.lto_priv.537.lto_priv.714
                0x00034064                s671b6088cd303b07b712b0a1be2aedede858afd9462658e78c0cdbe2d753299a.lto_priv.546.lto_priv.667
                0x00034064                s671b6088cd303b07b712b0a1be2aedede858afd9462658e78c0cdbe2d753299a.lto_priv.539.lto_priv.723
                0x00034064                s671b6088cd303b07b712b0a1be2aedede858afd9462658e78c0cdbe2d753299a.lto_priv.547.lto_priv.662
                0x00034064                s671b6088cd303b07b712b0a1be2aedede858afd9462658e78c0cdbe2d753299a.lto_priv.538.lto_priv.726
                0x00034064                s671b6088cd303b07b712b0a1be2aedede858afd9462658e78c0cdbe2d753299a.lto_priv.496.lto_priv.519
                0x00034088                s21b03dd586d728cd675973bf87cc7df0b94301a77a7148ef41693704498750f5.isra.22.lto_priv.675
                0x000341c8                swapl.lto_priv.548.lto_priv.685
                0x000341c8                swapl.lto_priv.549.lto_priv.664
                0x00034262                bgbuf_chain_links.lto_priv.553.lto_priv.679
                0x00034262                bgbuf_chain_links.lto_priv.551.lto_priv.907
                0x00034262                bgbuf_chain_links.lto_priv.552.lto_priv.719
                0x00034262                bgbuf_chain_links.lto_priv.550.lto_priv.695
                0x00034272                mesh_trans_send_sdu
                0x000345c4                s1b037843a5798a501b1bf997ec66a5d32c1273f48a95622356b6cfeb2de10fb3
                0x000345ec                s806233bbd3dc53cce472d676990bebc134264d01b979aade18a51e7c661ab5e4.lto_priv.477
                0x00034634                sbae177fa25566daf82f1d50c5c368d6ef771ae8a26258ae2eb392a54af1cf514
                0x000347ca                s0198e9aaf28957347d4660bf7c76298dfdfc28068911f0cfb72e1c7f7b92ce83
                0x000347d6                s4b0768ec1694b4462a50c6a0009d2c968480882bab2f3870f44b96db31289e11.lto_priv.680
                0x000347f0                scab1be5017b41f56d14d3fcef52a148bb609efd81dc7cc82de3aa10b50cc8043
                0x00034840                s3cab21e792d54b7541fed56ab1cdc2638fc0c5dfa65136d194a7115f225fe29a
                0x00034858                s1c191b5248f708c675e993605301d9ca96e7511e19170fce8d2ba23302a66c37.lto_priv.506
                0x00034878                sad9cedfdff57fcf1f2e8a7cb957987afcdd37d68e343d6fb4af70f8cc2d26818.lto_priv.504
                0x0003496e                sdc285a045a4d184ba1f96a679bf976dad3cc4dd6d580b7bdcc8d7221f193317a
                0x000349b6                sad68bd15d6e2e6b2fe2e5c40a1b4e2937165ee45a1171231878240f07ff2db96.lto_priv.505
                0x00034a8c                s9af9e10166b4dfbcbd649fca5486b552c344542f69d081c660bc42f9606e3c40
                0x00034c0c                s268808e179520926de9973ff7b3a6217a186a7862d8adaecdfb83b553adb5de7
                0x00034c4a                s6cde2f2134fa96584fdcfab30c5890642817dec76c53de88f7945652b79e7ae6
                0x00034c60                scda99358aee15b47126b17bb7665c374c4b5f197f6fc3b67606a931b692d8bf6
                0x00034d74                s0d0b5eafd8f12a4963f0e24b10b30ffabe692b54f4f3393c2d5c345e5cd51038
                0x00034dcc                s540ef75ab89e8c089e73bdbcff0d9a4a90f8e579e746d2b0c394c72eb79bcdbe.lto_priv.683
                0x00034e28                s7d76407a3e7946ec883bd1dde5e9342c7f3d9476f30790f8e645ce70d346c4aa.lto_priv.684
                0x00034e76                s1a5ea1fb6fc469a3986b6a3a6ffee1aaf243616b7856a8972d2c5f7ca1a441da
                0x00035268                s495947f0fcecf09be7c1bc75c6ed4bd12df63a4e6f8314cc576a6d8ccf270fa7
                0x000352cc                sddd99ff8736e059d0ece66ec3df74ab77094df6a97722fbc80a6b0a3c3e55697
                0x00035320                s1573ff43048a4da8c49031b54d796ef8be152c24842a072118e765733677d113
                0x00035378                RADIO_RACClearRxOverflow
                0x00035398                RADIO_RxTrailDataLength
                0x000353d4                RADIO_ClockFreqGet
                0x00035410                RADIO_RACStateGet.lto_priv.559.lto_priv.793
                0x00035410                RADIO_RACStateGet.lto_priv.558.lto_priv.630
                0x00035410                RADIO_RACStateGet.lto_priv.562.lto_priv.797
                0x00035410                RADIO_RACStateGet.lto_priv.561.lto_priv.629
                0x00035410                RADIO_RACStateGet.lto_priv.560.lto_priv.883
                0x00035420                RAC_RSM_IRQHandler
                0x00035470                PTI_AuxdataOutput
                0x0003548c                PROTIMER_PrecntOverflowToUs
                0x000354bc                PA_SelectBand
                0x0003551c                PA_SetRampTime
                0x00035634                PA_SetPowerLevel
                0x00035768                PROTIMER_GetTime
                0x000357a4                PROTIMER_GetUsTime
                0x000357ba                PROTIMER_CCTimerStart
                0x000359a0                GENERIC_PHY_ResetRxFifo
                0x000359d4                s2c7f8256c21a35c957be583dc5b45f9844e0daca7f8d870e7167cc73e2251152.lto_priv.510
                0x00035b88                s4df97908585f13e4f95c41529f173c5feae8db8c963509c90b492826dbcc9c34.lto_priv.500
                0x00035d98                sd7400f1c67758aeba68a9b1772cd5984be401a023cba2a4b0091dfe27b2617d0
                0x0003629c                s2d8d60151f84e2fe74c36f9345a673a736f6d41e148e924262ba779b16ff2942
 .text          0x000371b4     0x3ab4 C:\Users\jains\AppData\Local\Temp\ccnkQp3D.ltrans8.ltrans.o
                0x00037354                sd69063ac414aa9b182b3715be7c99e550c11a43ab43002cd16895150daad7b64
                0x00037460                s8c68a0c6bf1cbdbc58c79dbdbfc6b2edeb50a6cbee567808d4d3648f5780572d
                0x000374d8                sc49df645112e0087bba00e59c32a79e66f966bcb37e78cbb3bd047b620a0f113
                0x000375b0                sbcd8dae26664b2a215c8d4ec6508b9de986ce387e5ac0c61d32ff9eafa46f02e.lto_priv.571
                0x000375dc                sf8de3044167a266727bd3087aa78703eca05d914a537eb9123555524c11c8890.lto_priv.570
                0x0003765c                PTI_Enable.constprop.429
                0x000376a8                USART_InitSync.constprop.422
                0x00037768                graphPrintCenter.constprop.391
                0x0003791c                ccm_auth_crypt.constprop.380
                0x00037bc8                mbedtls_ccm_setkey.constprop.376
                0x00037c20                mbedtls_cipher_info_from_type.constprop.371
                0x00037c28                s6d39ade7f44649b27cc26f65d9f86fa1ec4cc84e98bf51e9e8cfc9e7988777c2.constprop.369
                0x00037c78                sa6d352c37b4fa930ecbaec9816bb56056daa3d3e7623f8c520936b092a43a476.constprop.362
                0x00037cc8                bgbuf_alloc_size.constprop.361
                0x00037cdc                sdc7cbe274a0bd68f48e0a525a58b269c5262196daafddd164cb38663c5344a77.constprop.360
                0x00037d0c                gecko_register_bgapi_library.constprop.343
                0x00037d48                mbedtls_ecp_group_load.constprop.338
                0x00037dbc                nvm3_writeData.constprop.337
                0x00037dd8                nvm3_readData.constprop.335
                0x00037e0c                hci_le_set_ext_scan_enable.constprop.327
                0x00037e40                PA_Config.constprop.313
                0x00037f70                RFHAL_ConfigRxOptions.constprop.301
                0x00038048                RFHAL_ResetTxFifo.constprop.292
                0x00038074                hci_command_alloc_bgbuf.constprop.230
                0x000380c8                validate_scanning_phymask.constprop.216
                0x000380d8                alloc_params_data.constprop.212
                0x00038102                att_send_read_by_type_request.constprop.211
                0x0003812c                gatt_handle_prepare_write_response.constprop.194
                0x00038284                gatt_set_enabled_caps.constprop.192
                0x00038334                find_address.constprop.170
                0x00038394                preTxOps.constprop.148
                0x0003847c                ll_scanTaskExtCommonHandler.constprop.141
                0x00038510                mbedtls_mpi_write_binary.constprop.134
                0x00038556                gecko_cmd_le_gap_bt5_set_adv_data.constprop.110
                0x000385ac                s1111ff367ed81175c48c8adb7f8bb0bb8796a61c1f4772065b2c2f98692b0bfe.constprop.106
                0x000385ba                s049e1d01f06c5f833f1916c8aa37af2664c3060cc97b8154e5e981264e5c3cfd.constprop.101
                0x0003862c                s992c1f8497eff751a815360ace7b41ae6c84e3f304a9140490c2232261d3913d.constprop.96
                0x000386f0                sd2a37a3f28df5a67c6c309e951a8328fe164bc27fefa3b4e4abf9ed9d9caa37d.part.4.constprop.83
                0x00038774                s5a1766c84873223f8dc26b867cf62a40b775da77c003414a2378edf79eb83444.part.3.constprop.81
                0x000387e2                s6b6cf546326ecfdaa45b5ab0c9b319f4652a20ac438b1de23d1340ca3be1e31f.constprop.63
                0x00038800                s12d6165640c970c592a062daeb924a8ad82661000943aa0e2e8d8bfc7c841cf7.constprop.56
                0x000388fc                s46dec11741421a29b011731561b6bd9293ef7ee403a2428c8d41fe77d18d302c.constprop.51
                0x000389d0                s25fe1f32d256b6f9faa48676081c88e5070b1c5f55116f3efe6fac7281b5352c.constprop.20
                0x00038a34                sa8e363ea6b8057dd7f0580999692a03ba8033acac8bb3426285fa376a039f8c1.constprop.16
                0x00038a84                se5695084ddd1adb318f562e7c21b1d3964fdfee9399d146f7c2ab949daf9342b.constprop.11
                0x00038acc                ecp_crypto_device_init.isra.0.lto_priv.638
                0x00038b10                mbedtls_internal_ecp_grp_capable
                0x00038b1a                ecp_crypto_ddata_write.lto_priv.637
                0x00038b90                mpitobigint.lto_priv.641
                0x00038bce                CRYPTO_InstructionSequenceWait.lto_priv.447.lto_priv.636
                0x00038bce                CRYPTO_InstructionSequenceWait.lto_priv.446.lto_priv.651
                0x00038bd6                CRYPTO_DDataRead.lto_priv.453.lto_priv.640
                0x00038bd6                CRYPTO_DDataRead.lto_priv.452.lto_priv.652
                0x00038c10                crypto_management_acquire_preemption.constprop.182
                0x00038d54                CRYPTO_DDataWrite.lto_priv.455.lto_priv.644
                0x00038d54                CRYPTO_DDataWrite.lto_priv.456.lto_priv.639
                0x00038d54                CRYPTO_DDataWrite.lto_priv.454.lto_priv.648
                0x00038d78                CRYPTO_DData0Write260.lto_priv.448.lto_priv.645
                0x00038d90                CRYPTO_DataReadUnaligned.lto_priv.458.lto_priv.633
                0x00038d90                CRYPTO_DataReadUnaligned.lto_priv.457.lto_priv.646
                0x00038dce                CRYPTO_DataWriteUnaligned.lto_priv.460.lto_priv.634
                0x00038dce                CRYPTO_DataWriteUnaligned.lto_priv.459.lto_priv.647
                0x00038e12                mbedtls_zeroize.lto_priv.463.lto_priv.649
                0x00038e12                mbedtls_zeroize.lto_priv.465.lto_priv.574
                0x00038e12                mbedtls_zeroize.lto_priv.464.lto_priv.643
                0x00038e12                mbedtls_zeroize.lto_priv.462.lto_priv.650
                0x00038e12                mbedtls_zeroize.lto_priv.461.lto_priv.595
                0x00038e22                mbedtls_ccm_free
                0x00038e34                mbedtls_cipher_cmac_starts.constprop.372
                0x00038e7c                mbedtls_cipher_cmac.constprop.119
                0x00039314                mbedtls_ecdh_compute_shared.constprop.118
                0x00039374                mbedtls_ecp_gen_keypair_base.constprop.122
                0x000393fc                sa2d107fa6f8913066e5b4df3cdd87f0997e09273df6a7c6585f33659836c546d.isra.4.lto_priv.573
                0x00039412                s4a2a986fd5dd9c8779079d62399c235a2b6ddbb601cb5d5b92cb838b240c2f19.part.5.lto_priv.594
                0x00039412                s087f70de52ac3dee8ffc614ad91b70511c7d160dcba60f1cb04e5d71c8049996.part.6.lto_priv.572
                0x00039434                s4a2a986fd5dd9c8779079d62399c235a2b6ddbb601cb5d5b92cb838b240c2f19.lto_priv.568
                0x00039464                see718346e034d96d58e5a80fabd20c59a92b6115337c9b9cfec2ec3d4869dfb8
                0x00039520                sbdec9ad3cd384617597eb97673acfd1f42c77a70767f57c354430d80c2b82071
                0x000395a0                sce3ab1eaa7ee027e4a572370dde4aae59fcb8710f9a5aeb9155cb6bd6bec0c2e
                0x0003962e                gecko_stack_init.constprop.265
                0x00039fe4                ll_advSetData.constprop.177
                0x0003a05a                ecp_crypto_ddata_read.lto_priv.635
                0x0003a0ee                crypto_mpi_div_mod.lto_priv.642
                0x0003a308                mbedtls_internal_ecp_normalize_jac
                0x0003a3f4                s958311d77e975b6afb09c253a317568fb99686d6ed7f12efea46b505d98f5d14.constprop.375
                0x0003a4a2                sd906ef5a2b1a3b6d706927e4c9811336532fa5d100dd96643833a07bb9061ee6.constprop.367
                0x0003a63e                s39143644810349b74f0af37849af2c7f3c45cd2cff47951227f2f86f0b2e6959.constprop.85
                0x0003a6f6                sab502123964e55aa42c788423fe4aca83448c71c429d539ca270feacd99b8114.constprop.76
                0x0003a8a0                s965e05dd09705c2e0e02fbb53c43b72c67dd0c8ea4bd0be2819ad08faf988a7e.lto_priv.569
                0x0003aa70                s35a10c806c834b5f02b759b96a6aa0613573e4cd2d69b753a1162c661a106755.constprop.100
 .text.unlikely
                0x0003ac68       0xb2 C:\Users\jains\AppData\Local\Temp\ccnkQp3D.ltrans8.ltrans.o
                0x0003acd2                l2cap_send_command_reject.constprop.191
 *fill*         0x0003ad1a        0x6 
 .text.ceil     0x0003ad20      0x100 c:/siliconlabs/simplicitystudio/v4/developer/toolchains/gnu_arm/7.2_2017q4/bin/../lib/gcc/arm-none-eabi/7.2.1/../../../../arm-none-eabi/lib/thumb/v7e-m/fpv4-sp/softfp\libm.a(lib_a-s_ceil.o)
                0x0003ad20                ceil
 .text          0x0003ae20      0x378 c:/siliconlabs/simplicitystudio/v4/developer/toolchains/gnu_arm/7.2_2017q4/bin/../lib/gcc/arm-none-eabi/7.2.1/thumb/v7e-m/fpv4-sp/softfp\libgcc.a(_arm_addsubdf3.o)
                0x0003ae20                __aeabi_drsub
                0x0003ae28                __subdf3
                0x0003ae28                __aeabi_dsub
                0x0003ae2c                __aeabi_dadd
                0x0003ae2c                __adddf3
                0x0003b0a4                __floatunsidf
                0x0003b0a4                __aeabi_ui2d
                0x0003b0c4                __aeabi_i2d
                0x0003b0c4                __floatsidf
                0x0003b0e8                __extendsfdf2
                0x0003b0e8                __aeabi_f2d
                0x0003b12c                __floatundidf
                0x0003b12c                __aeabi_ul2d
                0x0003b13c                __aeabi_l2d
                0x0003b13c                __floatdidf
 .text          0x0003b198      0x110 c:/siliconlabs/simplicitystudio/v4/developer/toolchains/gnu_arm/7.2_2017q4/bin/../lib/gcc/arm-none-eabi/7.2.1/thumb/v7e-m/fpv4-sp/softfp\libgcc.a(_arm_cmpdf2.o)
                0x0003b198                __gtdf2
                0x0003b198                __gedf2
                0x0003b1a0                __ltdf2
                0x0003b1a0                __ledf2
                0x0003b1a8                __nedf2
                0x0003b1a8                __cmpdf2
                0x0003b1a8                __eqdf2
                0x0003b224                __aeabi_cdrcmple
                0x0003b234                __aeabi_cdcmple
                0x0003b234                __aeabi_cdcmpeq
                0x0003b244                __aeabi_dcmpeq
                0x0003b258                __aeabi_dcmplt
                0x0003b26c                __aeabi_dcmple
                0x0003b280                __aeabi_dcmpge
                0x0003b294                __aeabi_dcmpgt
 .text          0x0003b2a8       0x30 c:/siliconlabs/simplicitystudio/v4/developer/toolchains/gnu_arm/7.2_2017q4/bin/../lib/gcc/arm-none-eabi/7.2.1/thumb/v7e-m/fpv4-sp/softfp\libgcc.a(_aeabi_uldivmod.o)
                0x0003b2a8                __aeabi_uldivmod
 .text          0x0003b2d8      0x2cc c:/siliconlabs/simplicitystudio/v4/developer/toolchains/gnu_arm/7.2_2017q4/bin/../lib/gcc/arm-none-eabi/7.2.1/thumb/v7e-m/fpv4-sp/softfp\libgcc.a(_udivmoddi4.o)
                0x0003b2d8                __udivmoddi4
 .text          0x0003b5a4        0x4 c:/siliconlabs/simplicitystudio/v4/developer/toolchains/gnu_arm/7.2_2017q4/bin/../lib/gcc/arm-none-eabi/7.2.1/thumb/v7e-m/fpv4-sp/softfp\libgcc.a(_dvmd_tls.o)
                0x0003b5a4                __aeabi_idiv0
                0x0003b5a4                __aeabi_ldiv0
 .text.exit     0x0003b5a8       0x28 c:/siliconlabs/simplicitystudio/v4/developer/toolchains/gnu_arm/7.2_2017q4/bin/../lib/gcc/arm-none-eabi/7.2.1/../../../../arm-none-eabi/lib/thumb/v7e-m/fpv4-sp/softfp\libc_nano.a(lib_a-exit.o)
                0x0003b5a8                exit
 .text.__libc_init_array
                0x0003b5d0       0x48 c:/siliconlabs/simplicitystudio/v4/developer/toolchains/gnu_arm/7.2_2017q4/bin/../lib/gcc/arm-none-eabi/7.2.1/../../../../arm-none-eabi/lib/thumb/v7e-m/fpv4-sp/softfp\libc_nano.a(lib_a-init.o)
                0x0003b5d0                __libc_init_array
 .text.malloc   0x0003b618       0x10 c:/siliconlabs/simplicitystudio/v4/developer/toolchains/gnu_arm/7.2_2017q4/bin/../lib/gcc/arm-none-eabi/7.2.1/../../../../arm-none-eabi/lib/thumb/v7e-m/fpv4-sp/softfp\libc_nano.a(lib_a-malloc.o)
                0x0003b618                malloc
 .text.free     0x0003b628       0x10 c:/siliconlabs/simplicitystudio/v4/developer/toolchains/gnu_arm/7.2_2017q4/bin/../lib/gcc/arm-none-eabi/7.2.1/../../../../arm-none-eabi/lib/thumb/v7e-m/fpv4-sp/softfp\libc_nano.a(lib_a-malloc.o)
                0x0003b628                free
 .text.memcpy   0x0003b638       0x16 c:/siliconlabs/simplicitystudio/v4/developer/toolchains/gnu_arm/7.2_2017q4/bin/../lib/gcc/arm-none-eabi/7.2.1/../../../../arm-none-eabi/lib/thumb/v7e-m/fpv4-sp/softfp\libc_nano.a(lib_a-memcpy-stub.o)
                0x0003b638                memcpy
 .text.memset   0x0003b64e       0x10 c:/siliconlabs/simplicitystudio/v4/developer/toolchains/gnu_arm/7.2_2017q4/bin/../lib/gcc/arm-none-eabi/7.2.1/../../../../arm-none-eabi/lib/thumb/v7e-m/fpv4-sp/softfp\libc_nano.a(lib_a-memset.o)
                0x0003b64e                memset
 *fill*         0x0003b65e        0x2 
 .text._free_r  0x0003b660       0x9c c:/siliconlabs/simplicitystudio/v4/developer/toolchains/gnu_arm/7.2_2017q4/bin/../lib/gcc/arm-none-eabi/7.2.1/../../../../arm-none-eabi/lib/thumb/v7e-m/fpv4-sp/softfp\libc_nano.a(lib_a-nano-freer.o)
                0x0003b660                _free_r
 .text._malloc_r
                0x0003b6fc       0xb4 c:/siliconlabs/simplicitystudio/v4/developer/toolchains/gnu_arm/7.2_2017q4/bin/../lib/gcc/arm-none-eabi/7.2.1/../../../../arm-none-eabi/lib/thumb/v7e-m/fpv4-sp/softfp\libc_nano.a(lib_a-nano-mallocr.o)
                0x0003b6fc                _malloc_r
 .text.printf   0x0003b7b0       0x30 c:/siliconlabs/simplicitystudio/v4/developer/toolchains/gnu_arm/7.2_2017q4/bin/../lib/gcc/arm-none-eabi/7.2.1/../../../../arm-none-eabi/lib/thumb/v7e-m/fpv4-sp/softfp\libc_nano.a(lib_a-printf.o)
                0x0003b7b0                iprintf
                0x0003b7b0                printf
 .text._sbrk_r  0x0003b7e0       0x20 c:/siliconlabs/simplicitystudio/v4/developer/toolchains/gnu_arm/7.2_2017q4/bin/../lib/gcc/arm-none-eabi/7.2.1/../../../../arm-none-eabi/lib/thumb/v7e-m/fpv4-sp/softfp\libc_nano.a(lib_a-sbrkr.o)
                0x0003b7e0                _sbrk_r
 .text.setvbuf  0x0003b800      0x15c c:/siliconlabs/simplicitystudio/v4/developer/toolchains/gnu_arm/7.2_2017q4/bin/../lib/gcc/arm-none-eabi/7.2.1/../../../../arm-none-eabi/lib/thumb/v7e-m/fpv4-sp/softfp\libc_nano.a(lib_a-setvbuf.o)
                0x0003b800                setvbuf
 .text.sprintf  0x0003b95c       0x40 c:/siliconlabs/simplicitystudio/v4/developer/toolchains/gnu_arm/7.2_2017q4/bin/../lib/gcc/arm-none-eabi/7.2.1/../../../../arm-none-eabi/lib/thumb/v7e-m/fpv4-sp/softfp\libc_nano.a(lib_a-sprintf.o)
                0x0003b95c                sprintf
                0x0003b95c                siprintf
 .text.strcat   0x0003b99c       0x1e c:/siliconlabs/simplicitystudio/v4/developer/toolchains/gnu_arm/7.2_2017q4/bin/../lib/gcc/arm-none-eabi/7.2.1/../../../../arm-none-eabi/lib/thumb/v7e-m/fpv4-sp/softfp\libc_nano.a(lib_a-strcat.o)
                0x0003b99c                strcat